Component: ARM Compiler 5.06 update 1 (build 61) Tool: armlink [4d35a8]

==============================================================================

Section Cross References

    main.o(.text) refers to delay.o(.text) for delay_init
    main.o(.text) refers to sys.o(.text) for NVIC_Configuration
    main.o(.text) refers to usart.o(.text) for uart_init
    main.o(.text) refers to esp8266.o(.text) for ESP8266_Init
    main.o(.text) refers to dht11.o(.text) for DHT11_Init
    main.o(.text) refers to lsens.o(.text) for Lsens_Init
    main.o(.text) refers to mq7.o(.text) for MQ7_Init
    main.o(.text) refers to led.o(.text) for led_init
    main.o(.text) refers to beep.o(.text) for beep_init
    main.o(.text) refers to dfltui.o(.text) for __aeabi_ui2d
    main.o(.text) refers to ddiv.o(.text) for __aeabi_ddiv
    main.o(.text) refers to dadd.o(.text) for __aeabi_dadd
    main.o(.text) refers to f2d.o(.text) for __aeabi_f2d
    main.o(.text) refers to dflti.o(.text) for __aeabi_i2d
    main.o(.text) refers to dmul.o(.text) for __aeabi_dmul
    main.o(.text) refers to cdrcmple.o(.text) for __aeabi_cdrcmple
    main.o(.text) refers to printfa.o(i.__0printf) for __2printf
    main.o(.text) refers to main.o(.data) for DHT11_Data
    main.o(.text) refers to usart.o(.bss) for USART2_RX_BUF
    main.o(.text) refers to main.o(.conststring) for .conststring
    system_stm32f10x.o(.text) refers to system_stm32f10x.o(.data) for SystemCoreClock
    led.o(.text) refers to sys.o(.text) for sys_gpio_set
    dht11.o(.text) refers to delay.o(.text) for delay_ms
    dht11.o(.text) refers to stm32f10x_rcc.o(.text) for RCC_APB2PeriphClockCmd
    dht11.o(.text) refers to stm32f10x_gpio.o(.text) for GPIO_Init
    lsens.o(.text) refers to stm32f10x_rcc.o(.text) for RCC_APB2PeriphClockCmd
    lsens.o(.text) refers to stm32f10x_gpio.o(.text) for GPIO_Init
    lsens.o(.text) refers to adc.o(.text) for Adc3_Init
    lsens.o(.text) refers to delay.o(.text) for delay_ms
    lsens.o(.text) refers to ffltui.o(.text) for __aeabi_ui2f
    lsens.o(.text) refers to fdiv.o(.text) for __aeabi_fdiv
    lsens.o(.text) refers to f2d.o(.text) for __aeabi_f2d
    lsens.o(.text) refers to cdrcmple.o(.text) for __aeabi_cdrcmple
    lsens.o(.text) refers to ddiv.o(.text) for __aeabi_ddiv
    lsens.o(.text) refers to dadd.o(.text) for __aeabi_drsub
    lsens.o(.text) refers to d2f.o(.text) for __aeabi_d2f
    adc.o(.text) refers to stm32f10x_rcc.o(.text) for RCC_APB2PeriphClockCmd
    adc.o(.text) refers to stm32f10x_adc.o(.text) for ADC_DeInit
    adc.o(.text) refers to delay.o(.text) for delay_ms
    adc.o(.text) refers to ffltui.o(.text) for __aeabi_ui2f
    adc.o(.text) refers to f2d.o(.text) for __aeabi_f2d
    adc.o(.text) refers to dmul.o(.text) for __aeabi_dmul
    adc.o(.text) refers to dadd.o(.text) for __aeabi_dsub
    adc.o(.text) refers to ddiv.o(.text) for __aeabi_ddiv
    adc.o(.text) refers to dfixi.o(.text) for __aeabi_d2iz
    mq7.o(.text) refers to stm32f10x_rcc.o(.text) for RCC_APB2PeriphClockCmd
    mq7.o(.text) refers to stm32f10x_gpio.o(.text) for GPIO_Init
    mq7.o(.text) refers to adc.o(.text) for Adc3_Init
    beep.o(.text) refers to sys.o(.text) for sys_gpio_set
    delay.o(.text) refers to misc.o(.text) for SysTick_CLKSourceConfig
    delay.o(.text) refers to system_stm32f10x.o(.data) for SystemCoreClock
    delay.o(.text) refers to delay.o(.data) for fac_us
    sys.o(.text) refers to misc.o(.text) for NVIC_PriorityGroupConfig
    sys.o(.text) refers to core_cm3.o(.emb_text) for __set_MSP
    usart.o(.text) refers to stm32f10x_usart.o(.text) for USART_SendData
    usart.o(.text) refers to stm32f10x_rcc.o(.text) for RCC_APB2PeriphClockCmd
    usart.o(.text) refers to stm32f10x_gpio.o(.text) for GPIO_Init
    usart.o(.text) refers to misc.o(.text) for NVIC_Init
    usart.o(.text) refers to printfa.o(i.__0printf) for __2printf
    usart.o(.text) refers to usart.o(.data) for USART_RX_STA
    usart.o(.text) refers to usart.o(.bss) for USART_RX_BUF
    startup_stm32f10x_hd.o(RESET) refers to startup_stm32f10x_hd.o(STACK) for __initial_sp
    startup_stm32f10x_hd.o(RESET) refers to startup_stm32f10x_hd.o(.text) for Reset_Handler
    startup_stm32f10x_hd.o(RESET) refers to stm32f10x_it.o(.text) for NMI_Handler
    startup_stm32f10x_hd.o(RESET) refers to usart.o(.text) for USART1_IRQHandler
    startup_stm32f10x_hd.o(RESET) refers to esp8266.o(.text) for USART3_IRQHandler
    startup_stm32f10x_hd.o(.text) refers to system_stm32f10x.o(.text) for SystemInit
    startup_stm32f10x_hd.o(.text) refers to entry.o(.ARM.Collect$$$$00000000) for __main
    stm32f10x_gpio.o(.text) refers to stm32f10x_rcc.o(.text) for RCC_APB2PeriphResetCmd
    stm32f10x_rcc.o(.text) refers to stm32f10x_rcc.o(.data) for APBAHBPrescTable
    stm32f10x_usart.o(.text) refers to stm32f10x_rcc.o(.text) for RCC_APB2PeriphResetCmd
    stm32f10x_adc.o(.text) refers to stm32f10x_rcc.o(.text) for RCC_APB2PeriphResetCmd
    esp8266.o(.text) refers to memseta.o(.text) for __aeabi_memclr
    esp8266.o(.text) refers to strlen.o(.text) for strlen
    esp8266.o(.text) refers to usart.o(.text) for Usart_SendString
    esp8266.o(.text) refers to strstr.o(.text) for strstr
    esp8266.o(.text) refers to delay.o(.text) for delay_ms
    esp8266.o(.text) refers to printfa.o(i.__0sprintf) for __2sprintf
    esp8266.o(.text) refers to printfa.o(i.__0printf) for __2printf
    esp8266.o(.text) refers to stm32f10x_usart.o(.text) for USART_GetITStatus
    esp8266.o(.text) refers to esp8266.o(.bss) for esp8266_buf
    esp8266.o(.text) refers to esp8266.o(.data) for esp8266_cnt
    esp8266.o(.text) refers to esp8266.o(.conststring) for .conststring
    esp8266.o(.data) refers to esp8266.o(.conststring) for .conststring
    entry.o(.ARM.Collect$$$$00000000) refers (Special) to entry10a.o(.ARM.Collect$$$$0000000D) for __rt_final_cpp
    entry.o(.ARM.Collect$$$$00000000) refers (Special) to entry11a.o(.ARM.Collect$$$$0000000F) for __rt_final_exit
    entry.o(.ARM.Collect$$$$00000000) refers (Special) to entry7b.o(.ARM.Collect$$$$00000008) for _main_clock
    entry.o(.ARM.Collect$$$$00000000) refers (Special) to entry8b.o(.ARM.Collect$$$$0000000A) for _main_cpp_init
    entry.o(.ARM.Collect$$$$00000000) refers (Special) to entry9a.o(.ARM.Collect$$$$0000000B) for _main_init
    entry.o(.ARM.Collect$$$$00000000) refers (Special) to entry5.o(.ARM.Collect$$$$00000004) for _main_scatterload
    entry.o(.ARM.Collect$$$$00000000) refers (Special) to entry2.o(.ARM.Collect$$$$00000001) for _main_stk
    printfb.o(i.__0fprintf$bare) refers to printfb.o(i._printf_core) for _printf_core
    printfb.o(i.__0fprintf$bare) refers to usart.o(.text) for fputc
    printfb.o(i.__0printf$bare) refers to printfb.o(i._printf_core) for _printf_core
    printfb.o(i.__0printf$bare) refers to usart.o(.text) for fputc
    printfb.o(i.__0printf$bare) refers to usart.o(.data) for __stdout
    printfb.o(i.__0snprintf$bare) refers to printfb.o(i._printf_core) for _printf_core
    printfb.o(i.__0snprintf$bare) refers to printfb.o(i._snputc) for _snputc
    printfb.o(i.__0sprintf$bare) refers to printfb.o(i._printf_core) for _printf_core
    printfb.o(i.__0sprintf$bare) refers to printfb.o(i._sputc) for _sputc
    printfb.o(i.__0vfprintf$bare) refers to printfb.o(i._printf_core) for _printf_core
    printfb.o(i.__0vfprintf$bare) refers to usart.o(.text) for fputc
    printfb.o(i.__0vprintf$bare) refers to printfb.o(i._printf_core) for _printf_core
    printfb.o(i.__0vprintf$bare) refers to usart.o(.text) for fputc
    printfb.o(i.__0vprintf$bare) refers to usart.o(.data) for __stdout
    printfb.o(i.__0vsnprintf$bare) refers to printfb.o(i._printf_core) for _printf_core
    printfb.o(i.__0vsnprintf$bare) refers to printfb.o(i._snputc) for _snputc
    printfb.o(i.__0vsprintf$bare) refers to printfb.o(i._printf_core) for _printf_core
    printfb.o(i.__0vsprintf$bare) refers to printfb.o(i._sputc) for _sputc
    printf0.o(i.__0fprintf$0) refers to printf0.o(i._printf_core) for _printf_core
    printf0.o(i.__0fprintf$0) refers to usart.o(.text) for fputc
    printf0.o(i.__0printf$0) refers to printf0.o(i._printf_core) for _printf_core
    printf0.o(i.__0printf$0) refers to usart.o(.text) for fputc
    printf0.o(i.__0printf$0) refers to usart.o(.data) for __stdout
    printf0.o(i.__0snprintf$0) refers to printf0.o(i._printf_core) for _printf_core
    printf0.o(i.__0snprintf$0) refers to printf0.o(i._snputc) for _snputc
    printf0.o(i.__0sprintf$0) refers to printf0.o(i._printf_core) for _printf_core
    printf0.o(i.__0sprintf$0) refers to printf0.o(i._sputc) for _sputc
    printf0.o(i.__0vfprintf$0) refers to printf0.o(i._printf_core) for _printf_core
    printf0.o(i.__0vfprintf$0) refers to usart.o(.text) for fputc
    printf0.o(i.__0vprintf$0) refers to printf0.o(i._printf_core) for _printf_core
    printf0.o(i.__0vprintf$0) refers to usart.o(.text) for fputc
    printf0.o(i.__0vprintf$0) refers to usart.o(.data) for __stdout
    printf0.o(i.__0vsnprintf$0) refers to printf0.o(i._printf_core) for _printf_core
    printf0.o(i.__0vsnprintf$0) refers to printf0.o(i._snputc) for _snputc
    printf0.o(i.__0vsprintf$0) refers to printf0.o(i._printf_core) for _printf_core
    printf0.o(i.__0vsprintf$0) refers to printf0.o(i._sputc) for _sputc
    printf1.o(i.__0fprintf$1) refers to printf1.o(i._printf_core) for _printf_core
    printf1.o(i.__0fprintf$1) refers to usart.o(.text) for fputc
    printf1.o(i.__0printf$1) refers to printf1.o(i._printf_core) for _printf_core
    printf1.o(i.__0printf$1) refers to usart.o(.text) for fputc
    printf1.o(i.__0printf$1) refers to usart.o(.data) for __stdout
    printf1.o(i.__0snprintf$1) refers to printf1.o(i._printf_core) for _printf_core
    printf1.o(i.__0snprintf$1) refers to printf1.o(i._snputc) for _snputc
    printf1.o(i.__0sprintf$1) refers to printf1.o(i._printf_core) for _printf_core
    printf1.o(i.__0sprintf$1) refers to printf1.o(i._sputc) for _sputc
    printf1.o(i.__0vfprintf$1) refers to printf1.o(i._printf_core) for _printf_core
    printf1.o(i.__0vfprintf$1) refers to usart.o(.text) for fputc
    printf1.o(i.__0vprintf$1) refers to printf1.o(i._printf_core) for _printf_core
    printf1.o(i.__0vprintf$1) refers to usart.o(.text) for fputc
    printf1.o(i.__0vprintf$1) refers to usart.o(.data) for __stdout
    printf1.o(i.__0vsnprintf$1) refers to printf1.o(i._printf_core) for _printf_core
    printf1.o(i.__0vsnprintf$1) refers to printf1.o(i._snputc) for _snputc
    printf1.o(i.__0vsprintf$1) refers to printf1.o(i._printf_core) for _printf_core
    printf1.o(i.__0vsprintf$1) refers to printf1.o(i._sputc) for _sputc
    printf1.o(i._printf_core) refers to uidiv.o(.text) for __aeabi_uidivmod
    printf2.o(i.__0fprintf$2) refers to printf2.o(i._printf_core) for _printf_core
    printf2.o(i.__0fprintf$2) refers to usart.o(.text) for fputc
    printf2.o(i.__0printf$2) refers to printf2.o(i._printf_core) for _printf_core
    printf2.o(i.__0printf$2) refers to usart.o(.text) for fputc
    printf2.o(i.__0printf$2) refers to usart.o(.data) for __stdout
    printf2.o(i.__0snprintf$2) refers to printf2.o(i._printf_core) for _printf_core
    printf2.o(i.__0snprintf$2) refers to printf2.o(i._snputc) for _snputc
    printf2.o(i.__0sprintf$2) refers to printf2.o(i._printf_core) for _printf_core
    printf2.o(i.__0sprintf$2) refers to printf2.o(i._sputc) for _sputc
    printf2.o(i.__0vfprintf$2) refers to printf2.o(i._printf_core) for _printf_core
    printf2.o(i.__0vfprintf$2) refers to usart.o(.text) for fputc
    printf2.o(i.__0vprintf$2) refers to printf2.o(i._printf_core) for _printf_core
    printf2.o(i.__0vprintf$2) refers to usart.o(.text) for fputc
    printf2.o(i.__0vprintf$2) refers to usart.o(.data) for __stdout
    printf2.o(i.__0vsnprintf$2) refers to printf2.o(i._printf_core) for _printf_core
    printf2.o(i.__0vsnprintf$2) refers to printf2.o(i._snputc) for _snputc
    printf2.o(i.__0vsprintf$2) refers to printf2.o(i._printf_core) for _printf_core
    printf2.o(i.__0vsprintf$2) refers to printf2.o(i._sputc) for _sputc
    printf3.o(i.__0fprintf$3) refers to printf3.o(i._printf_core) for _printf_core
    printf3.o(i.__0fprintf$3) refers to usart.o(.text) for fputc
    printf3.o(i.__0printf$3) refers to printf3.o(i._printf_core) for _printf_core
    printf3.o(i.__0printf$3) refers to usart.o(.text) for fputc
    printf3.o(i.__0printf$3) refers to usart.o(.data) for __stdout
    printf3.o(i.__0snprintf$3) refers to printf3.o(i._printf_core) for _printf_core
    printf3.o(i.__0snprintf$3) refers to printf3.o(i._snputc) for _snputc
    printf3.o(i.__0sprintf$3) refers to printf3.o(i._printf_core) for _printf_core
    printf3.o(i.__0sprintf$3) refers to printf3.o(i._sputc) for _sputc
    printf3.o(i.__0vfprintf$3) refers to printf3.o(i._printf_core) for _printf_core
    printf3.o(i.__0vfprintf$3) refers to usart.o(.text) for fputc
    printf3.o(i.__0vprintf$3) refers to printf3.o(i._printf_core) for _printf_core
    printf3.o(i.__0vprintf$3) refers to usart.o(.text) for fputc
    printf3.o(i.__0vprintf$3) refers to usart.o(.data) for __stdout
    printf3.o(i.__0vsnprintf$3) refers to printf3.o(i._printf_core) for _printf_core
    printf3.o(i.__0vsnprintf$3) refers to printf3.o(i._snputc) for _snputc
    printf3.o(i.__0vsprintf$3) refers to printf3.o(i._printf_core) for _printf_core
    printf3.o(i.__0vsprintf$3) refers to printf3.o(i._sputc) for _sputc
    printf3.o(i._printf_core) refers to uidiv.o(.text) for __aeabi_uidivmod
    printf4.o(i.__0fprintf$4) refers to printf4.o(i._printf_core) for _printf_core
    printf4.o(i.__0fprintf$4) refers to usart.o(.text) for fputc
    printf4.o(i.__0printf$4) refers to printf4.o(i._printf_core) for _printf_core
    printf4.o(i.__0printf$4) refers to usart.o(.text) for fputc
    printf4.o(i.__0printf$4) refers to usart.o(.data) for __stdout
    printf4.o(i.__0snprintf$4) refers to printf4.o(i._printf_core) for _printf_core
    printf4.o(i.__0snprintf$4) refers to printf4.o(i._snputc) for _snputc
    printf4.o(i.__0sprintf$4) refers to printf4.o(i._printf_core) for _printf_core
    printf4.o(i.__0sprintf$4) refers to printf4.o(i._sputc) for _sputc
    printf4.o(i.__0vfprintf$4) refers to printf4.o(i._printf_core) for _printf_core
    printf4.o(i.__0vfprintf$4) refers to usart.o(.text) for fputc
    printf4.o(i.__0vprintf$4) refers to printf4.o(i._printf_core) for _printf_core
    printf4.o(i.__0vprintf$4) refers to usart.o(.text) for fputc
    printf4.o(i.__0vprintf$4) refers to usart.o(.data) for __stdout
    printf4.o(i.__0vsnprintf$4) refers to printf4.o(i._printf_core) for _printf_core
    printf4.o(i.__0vsnprintf$4) refers to printf4.o(i._snputc) for _snputc
    printf4.o(i.__0vsprintf$4) refers to printf4.o(i._printf_core) for _printf_core
    printf4.o(i.__0vsprintf$4) refers to printf4.o(i._sputc) for _sputc
    printf4.o(i._printf_core) refers to uldiv.o(.text) for __aeabi_uldivmod
    printf5.o(i.__0fprintf$5) refers to printf5.o(i._printf_core) for _printf_core
    printf5.o(i.__0fprintf$5) refers to usart.o(.text) for fputc
    printf5.o(i.__0printf$5) refers to printf5.o(i._printf_core) for _printf_core
    printf5.o(i.__0printf$5) refers to usart.o(.text) for fputc
    printf5.o(i.__0printf$5) refers to usart.o(.data) for __stdout
    printf5.o(i.__0snprintf$5) refers to printf5.o(i._printf_core) for _printf_core
    printf5.o(i.__0snprintf$5) refers to printf5.o(i._snputc) for _snputc
    printf5.o(i.__0sprintf$5) refers to printf5.o(i._printf_core) for _printf_core
    printf5.o(i.__0sprintf$5) refers to printf5.o(i._sputc) for _sputc
    printf5.o(i.__0vfprintf$5) refers to printf5.o(i._printf_core) for _printf_core
    printf5.o(i.__0vfprintf$5) refers to usart.o(.text) for fputc
    printf5.o(i.__0vprintf$5) refers to printf5.o(i._printf_core) for _printf_core
    printf5.o(i.__0vprintf$5) refers to usart.o(.text) for fputc
    printf5.o(i.__0vprintf$5) refers to usart.o(.data) for __stdout
    printf5.o(i.__0vsnprintf$5) refers to printf5.o(i._printf_core) for _printf_core
    printf5.o(i.__0vsnprintf$5) refers to printf5.o(i._snputc) for _snputc
    printf5.o(i.__0vsprintf$5) refers to printf5.o(i._printf_core) for _printf_core
    printf5.o(i.__0vsprintf$5) refers to printf5.o(i._sputc) for _sputc
    printf5.o(i._printf_core) refers to uldiv.o(.text) for __aeabi_uldivmod
    printf6.o(i.__0fprintf$6) refers to printf6.o(i._printf_core) for _printf_core
    printf6.o(i.__0fprintf$6) refers to usart.o(.text) for fputc
    printf6.o(i.__0printf$6) refers to printf6.o(i._printf_core) for _printf_core
    printf6.o(i.__0printf$6) refers to usart.o(.text) for fputc
    printf6.o(i.__0printf$6) refers to usart.o(.data) for __stdout
    printf6.o(i.__0snprintf$6) refers to printf6.o(i._printf_core) for _printf_core
    printf6.o(i.__0snprintf$6) refers to printf6.o(i._snputc) for _snputc
    printf6.o(i.__0sprintf$6) refers to printf6.o(i._printf_core) for _printf_core
    printf6.o(i.__0sprintf$6) refers to printf6.o(i._sputc) for _sputc
    printf6.o(i.__0vfprintf$6) refers to printf6.o(i._printf_core) for _printf_core
    printf6.o(i.__0vfprintf$6) refers to usart.o(.text) for fputc
    printf6.o(i.__0vprintf$6) refers to printf6.o(i._printf_core) for _printf_core
    printf6.o(i.__0vprintf$6) refers to usart.o(.text) for fputc
    printf6.o(i.__0vprintf$6) refers to usart.o(.data) for __stdout
    printf6.o(i.__0vsnprintf$6) refers to printf6.o(i._printf_core) for _printf_core
    printf6.o(i.__0vsnprintf$6) refers to printf6.o(i._snputc) for _snputc
    printf6.o(i.__0vsprintf$6) refers to printf6.o(i._printf_core) for _printf_core
    printf6.o(i.__0vsprintf$6) refers to printf6.o(i._sputc) for _sputc
    printf6.o(i._printf_core) refers to printf6.o(i._printf_pre_padding) for _printf_pre_padding
    printf6.o(i._printf_core) refers to uidiv.o(.text) for __aeabi_uidivmod
    printf6.o(i._printf_core) refers to printf6.o(i._printf_post_padding) for _printf_post_padding
    printf7.o(i.__0fprintf$7) refers to printf7.o(i._printf_core) for _printf_core
    printf7.o(i.__0fprintf$7) refers to usart.o(.text) for fputc
    printf7.o(i.__0printf$7) refers to printf7.o(i._printf_core) for _printf_core
    printf7.o(i.__0printf$7) refers to usart.o(.text) for fputc
    printf7.o(i.__0printf$7) refers to usart.o(.data) for __stdout
    printf7.o(i.__0snprintf$7) refers to printf7.o(i._printf_core) for _printf_core
    printf7.o(i.__0snprintf$7) refers to printf7.o(i._snputc) for _snputc
    printf7.o(i.__0sprintf$7) refers to printf7.o(i._printf_core) for _printf_core
    printf7.o(i.__0sprintf$7) refers to printf7.o(i._sputc) for _sputc
    printf7.o(i.__0vfprintf$7) refers to printf7.o(i._printf_core) for _printf_core
    printf7.o(i.__0vfprintf$7) refers to usart.o(.text) for fputc
    printf7.o(i.__0vprintf$7) refers to printf7.o(i._printf_core) for _printf_core
    printf7.o(i.__0vprintf$7) refers to usart.o(.text) for fputc
    printf7.o(i.__0vprintf$7) refers to usart.o(.data) for __stdout
    printf7.o(i.__0vsnprintf$7) refers to printf7.o(i._printf_core) for _printf_core
    printf7.o(i.__0vsnprintf$7) refers to printf7.o(i._snputc) for _snputc
    printf7.o(i.__0vsprintf$7) refers to printf7.o(i._printf_core) for _printf_core
    printf7.o(i.__0vsprintf$7) refers to printf7.o(i._sputc) for _sputc
    printf7.o(i._printf_core) refers to printf7.o(i._printf_pre_padding) for _printf_pre_padding
    printf7.o(i._printf_core) refers to uldiv.o(.text) for __aeabi_uldivmod
    printf7.o(i._printf_core) refers to printf7.o(i._printf_post_padding) for _printf_post_padding
    printf8.o(i.__0fprintf$8) refers to printf8.o(i._printf_core) for _printf_core
    printf8.o(i.__0fprintf$8) refers to usart.o(.text) for fputc
    printf8.o(i.__0printf$8) refers to printf8.o(i._printf_core) for _printf_core
    printf8.o(i.__0printf$8) refers to usart.o(.text) for fputc
    printf8.o(i.__0printf$8) refers to usart.o(.data) for __stdout
    printf8.o(i.__0snprintf$8) refers to printf8.o(i._printf_core) for _printf_core
    printf8.o(i.__0snprintf$8) refers to printf8.o(i._snputc) for _snputc
    printf8.o(i.__0sprintf$8) refers to printf8.o(i._printf_core) for _printf_core
    printf8.o(i.__0sprintf$8) refers to printf8.o(i._sputc) for _sputc
    printf8.o(i.__0vfprintf$8) refers to printf8.o(i._printf_core) for _printf_core
    printf8.o(i.__0vfprintf$8) refers to usart.o(.text) for fputc
    printf8.o(i.__0vprintf$8) refers to printf8.o(i._printf_core) for _printf_core
    printf8.o(i.__0vprintf$8) refers to usart.o(.text) for fputc
    printf8.o(i.__0vprintf$8) refers to usart.o(.data) for __stdout
    printf8.o(i.__0vsnprintf$8) refers to printf8.o(i._printf_core) for _printf_core
    printf8.o(i.__0vsnprintf$8) refers to printf8.o(i._snputc) for _snputc
    printf8.o(i.__0vsprintf$8) refers to printf8.o(i._printf_core) for _printf_core
    printf8.o(i.__0vsprintf$8) refers to printf8.o(i._sputc) for _sputc
    printf8.o(i._printf_core) refers to printf8.o(i._printf_pre_padding) for _printf_pre_padding
    printf8.o(i._printf_core) refers to uldiv.o(.text) for __aeabi_uldivmod
    printf8.o(i._printf_core) refers to printf8.o(i._printf_post_padding) for _printf_post_padding
    printfa.o(i.__0fprintf) refers (Special) to iusefp.o(.text) for __I$use$fp
    printfa.o(i.__0fprintf) refers to printfa.o(i._printf_core) for _printf_core
    printfa.o(i.__0fprintf) refers to usart.o(.text) for fputc
    printfa.o(i.__0printf) refers (Special) to iusefp.o(.text) for __I$use$fp
    printfa.o(i.__0printf) refers to printfa.o(i._printf_core) for _printf_core
    printfa.o(i.__0printf) refers to usart.o(.text) for fputc
    printfa.o(i.__0printf) refers to usart.o(.data) for __stdout
    printfa.o(i.__0snprintf) refers (Special) to iusefp.o(.text) for __I$use$fp
    printfa.o(i.__0snprintf) refers to printfa.o(i._printf_core) for _printf_core
    printfa.o(i.__0snprintf) refers to printfa.o(i._snputc) for _snputc
    printfa.o(i.__0sprintf) refers (Special) to iusefp.o(.text) for __I$use$fp
    printfa.o(i.__0sprintf) refers to printfa.o(i._printf_core) for _printf_core
    printfa.o(i.__0sprintf) refers to printfa.o(i._sputc) for _sputc
    printfa.o(i.__0vfprintf) refers (Special) to iusefp.o(.text) for __I$use$fp
    printfa.o(i.__0vfprintf) refers to printfa.o(i._printf_core) for _printf_core
    printfa.o(i.__0vfprintf) refers to usart.o(.text) for fputc
    printfa.o(i.__0vprintf) refers (Special) to iusefp.o(.text) for __I$use$fp
    printfa.o(i.__0vprintf) refers to printfa.o(i._printf_core) for _printf_core
    printfa.o(i.__0vprintf) refers to usart.o(.text) for fputc
    printfa.o(i.__0vprintf) refers to usart.o(.data) for __stdout
    printfa.o(i.__0vsnprintf) refers (Special) to iusefp.o(.text) for __I$use$fp
    printfa.o(i.__0vsnprintf) refers to printfa.o(i._printf_core) for _printf_core
    printfa.o(i.__0vsnprintf) refers to printfa.o(i._snputc) for _snputc
    printfa.o(i.__0vsprintf) refers (Special) to iusefp.o(.text) for __I$use$fp
    printfa.o(i.__0vsprintf) refers to printfa.o(i._printf_core) for _printf_core
    printfa.o(i.__0vsprintf) refers to printfa.o(i._sputc) for _sputc
    printfa.o(i._fp_digits) refers (Special) to iusefp.o(.text) for __I$use$fp
    printfa.o(i._fp_digits) refers to dmul.o(.text) for __aeabi_dmul
    printfa.o(i._fp_digits) refers to ddiv.o(.text) for __aeabi_ddiv
    printfa.o(i._fp_digits) refers to cdrcmple.o(.text) for __aeabi_cdrcmple
    printfa.o(i._fp_digits) refers to dadd.o(.text) for __aeabi_dadd
    printfa.o(i._fp_digits) refers to dfixul.o(.text) for __aeabi_d2ulz
    printfa.o(i._fp_digits) refers to uldiv.o(.text) for __aeabi_uldivmod
    printfa.o(i._printf_core) refers (Special) to iusefp.o(.text) for __I$use$fp
    printfa.o(i._printf_core) refers to printfa.o(i._printf_pre_padding) for _printf_pre_padding
    printfa.o(i._printf_core) refers to uldiv.o(.text) for __aeabi_uldivmod
    printfa.o(i._printf_core) refers to printfa.o(i._printf_post_padding) for _printf_post_padding
    printfa.o(i._printf_core) refers to printfa.o(i._fp_digits) for _fp_digits
    printfa.o(i._printf_core) refers to uidiv.o(.text) for __aeabi_uidivmod
    printfa.o(i._printf_post_padding) refers (Special) to iusefp.o(.text) for __I$use$fp
    printfa.o(i._printf_pre_padding) refers (Special) to iusefp.o(.text) for __I$use$fp
    printfa.o(i._snputc) refers (Special) to iusefp.o(.text) for __I$use$fp
    printfa.o(i._sputc) refers (Special) to iusefp.o(.text) for __I$use$fp
    fdiv.o(.text) refers (Special) to iusefp.o(.text) for __I$use$fp
    fdiv.o(.text) refers to fepilogue.o(.text) for _float_round
    dadd.o(.text) refers (Special) to iusefp.o(.text) for __I$use$fp
    dadd.o(.text) refers to llshl.o(.text) for __aeabi_llsl
    dadd.o(.text) refers to llsshr.o(.text) for __aeabi_lasr
    dadd.o(.text) refers to depilogue.o(.text) for _double_epilogue
    dmul.o(.text) refers (Special) to iusefp.o(.text) for __I$use$fp
    dmul.o(.text) refers to depilogue.o(.text) for _double_epilogue
    ddiv.o(.text) refers (Special) to iusefp.o(.text) for __I$use$fp
    ddiv.o(.text) refers to depilogue.o(.text) for _double_round
    ffltui.o(.text) refers (Special) to iusefp.o(.text) for __I$use$fp
    ffltui.o(.text) refers to fepilogue.o(.text) for _float_epilogue
    dflti.o(.text) refers (Special) to iusefp.o(.text) for __I$use$fp
    dflti.o(.text) refers to depilogue.o(.text) for _double_epilogue
    dfltui.o(.text) refers (Special) to iusefp.o(.text) for __I$use$fp
    dfltui.o(.text) refers to depilogue.o(.text) for _double_epilogue
    dfixi.o(.text) refers (Special) to iusefp.o(.text) for __I$use$fp
    dfixi.o(.text) refers to llushr.o(.text) for __aeabi_llsr
    f2d.o(.text) refers (Special) to iusefp.o(.text) for __I$use$fp
    cdrcmple.o(.text) refers (Special) to iusefp.o(.text) for __I$use$fp
    d2f.o(.text) refers (Special) to iusefp.o(.text) for __I$use$fp
    d2f.o(.text) refers to fepilogue.o(.text) for _float_round
    entry2.o(.ARM.Collect$$$$00000001) refers to entry2.o(.ARM.Collect$$$$00002712) for __lit__00000000
    entry2.o(.ARM.Collect$$$$00002712) refers to startup_stm32f10x_hd.o(STACK) for __initial_sp
    entry2.o(__vectab_stack_and_reset_area) refers to startup_stm32f10x_hd.o(STACK) for __initial_sp
    entry2.o(__vectab_stack_and_reset_area) refers to entry.o(.ARM.Collect$$$$00000000) for __main
    entry5.o(.ARM.Collect$$$$00000004) refers to init.o(.text) for __scatterload
    entry9a.o(.ARM.Collect$$$$0000000B) refers to main.o(.text) for main
    entry9b.o(.ARM.Collect$$$$0000000C) refers to main.o(.text) for main
    uldiv.o(.text) refers to llushr.o(.text) for __aeabi_llsr
    uldiv.o(.text) refers to llshl.o(.text) for __aeabi_llsl
    depilogue.o(.text) refers to llshl.o(.text) for __aeabi_llsl
    depilogue.o(.text) refers to llushr.o(.text) for __aeabi_llsr
    dfixul.o(.text) refers to llushr.o(.text) for __aeabi_llsr
    dfixul.o(.text) refers to llshl.o(.text) for __aeabi_llsl
    init.o(.text) refers to entry5.o(.ARM.Collect$$$$00000004) for __main_after_scatterload


==============================================================================

Removing Unused input sections from the image.

    Removing startup_stm32f10x_hd.o(HEAP), (512 bytes).

1 unused section(s) (total 512 bytes) removed from the image.

==============================================================================

Image Symbol Table

    Local Symbols

    Symbol Name                              Value     Ov Type        Size  Object(Section)

    ../clib/microlib/division.c              0x00000000   Number         0  uidiv.o ABSOLUTE
    ../clib/microlib/division.c              0x00000000   Number         0  uldiv.o ABSOLUTE
    ../clib/microlib/init/entry.s            0x00000000   Number         0  entry2.o ABSOLUTE
    ../clib/microlib/init/entry.s            0x00000000   Number         0  entry11a.o ABSOLUTE
    ../clib/microlib/init/entry.s            0x00000000   Number         0  entry10b.o ABSOLUTE
    ../clib/microlib/init/entry.s            0x00000000   Number         0  entry.o ABSOLUTE
    ../clib/microlib/init/entry.s            0x00000000   Number         0  entry10a.o ABSOLUTE
    ../clib/microlib/init/entry.s            0x00000000   Number         0  entry8b.o ABSOLUTE
    ../clib/microlib/init/entry.s            0x00000000   Number         0  entry8a.o ABSOLUTE
    ../clib/microlib/init/entry.s            0x00000000   Number         0  entry11b.o ABSOLUTE
    ../clib/microlib/init/entry.s            0x00000000   Number         0  entry9a.o ABSOLUTE
    ../clib/microlib/init/entry.s            0x00000000   Number         0  entry7b.o ABSOLUTE
    ../clib/microlib/init/entry.s            0x00000000   Number         0  entry7a.o ABSOLUTE
    ../clib/microlib/init/entry.s            0x00000000   Number         0  entry5.o ABSOLUTE
    ../clib/microlib/init/entry.s            0x00000000   Number         0  entry9b.o ABSOLUTE
    ../clib/microlib/longlong.c              0x00000000   Number         0  llushr.o ABSOLUTE
    ../clib/microlib/longlong.c              0x00000000   Number         0  llshl.o ABSOLUTE
    ../clib/microlib/longlong.c              0x00000000   Number         0  llsshr.o ABSOLUTE
    ../clib/microlib/printf/printf.c         0x00000000   Number         0  printfa.o ABSOLUTE
    ../clib/microlib/printf/printf.c         0x00000000   Number         0  printf8.o ABSOLUTE
    ../clib/microlib/printf/printf.c         0x00000000   Number         0  printf7.o ABSOLUTE
    ../clib/microlib/printf/printf.c         0x00000000   Number         0  printf6.o ABSOLUTE
    ../clib/microlib/printf/printf.c         0x00000000   Number         0  printf0.o ABSOLUTE
    ../clib/microlib/printf/printf.c         0x00000000   Number         0  printf5.o ABSOLUTE
    ../clib/microlib/printf/printf.c         0x00000000   Number         0  printf4.o ABSOLUTE
    ../clib/microlib/printf/printf.c         0x00000000   Number         0  printf3.o ABSOLUTE
    ../clib/microlib/printf/printf.c         0x00000000   Number         0  printf2.o ABSOLUTE
    ../clib/microlib/printf/printf.c         0x00000000   Number         0  printf1.o ABSOLUTE
    ../clib/microlib/printf/printf.c         0x00000000   Number         0  printfb.o ABSOLUTE
    ../clib/microlib/printf/stubs.s          0x00000000   Number         0  stubs.o ABSOLUTE
    ../clib/microlib/string/memset.c         0x00000000   Number         0  memseta.o ABSOLUTE
    ../clib/microlib/string/strlen.c         0x00000000   Number         0  strlen.o ABSOLUTE
    ../clib/microlib/string/strstr.c         0x00000000   Number         0  strstr.o ABSOLUTE
    ../clib/microlib/stubs.s                 0x00000000   Number         0  useno.o ABSOLUTE
    ../clib/microlib/stubs.s                 0x00000000   Number         0  iusefp.o ABSOLUTE
    ../fplib/microlib/d2f.c                  0x00000000   Number         0  d2f.o ABSOLUTE
    ../fplib/microlib/f2d.c                  0x00000000   Number         0  f2d.o ABSOLUTE
    ../fplib/microlib/fpadd.c                0x00000000   Number         0  dadd.o ABSOLUTE
    ../fplib/microlib/fpdiv.c                0x00000000   Number         0  fdiv.o ABSOLUTE
    ../fplib/microlib/fpdiv.c                0x00000000   Number         0  ddiv.o ABSOLUTE
    ../fplib/microlib/fpepilogue.c           0x00000000   Number         0  fepilogue.o ABSOLUTE
    ../fplib/microlib/fpepilogue.c           0x00000000   Number         0  depilogue.o ABSOLUTE
    ../fplib/microlib/fpfix.c                0x00000000   Number         0  dfixi.o ABSOLUTE
    ../fplib/microlib/fpfix.c                0x00000000   Number         0  dfixul.o ABSOLUTE
    ../fplib/microlib/fpflt.c                0x00000000   Number         0  ffltui.o ABSOLUTE
    ../fplib/microlib/fpflt.c                0x00000000   Number         0  dflti.o ABSOLUTE
    ../fplib/microlib/fpflt.c                0x00000000   Number         0  dfltui.o ABSOLUTE
    ../fplib/microlib/fpmul.c                0x00000000   Number         0  dmul.o ABSOLUTE
    ..\CORE\core_cm3.c                       0x00000000   Number         0  core_cm3.o ABSOLUTE
    ..\CORE\startup_stm32f10x_hd.s           0x00000000   Number         0  startup_stm32f10x_hd.o ABSOLUTE
    ..\HARDWARE\ADC\adc.c                    0x00000000   Number         0  adc.o ABSOLUTE
    ..\HARDWARE\DHT11\dht11.c                0x00000000   Number         0  dht11.o ABSOLUTE
    ..\HARDWARE\LED\led.c                    0x00000000   Number         0  led.o ABSOLUTE
    ..\HARDWARE\LSENS\lsens.c                0x00000000   Number         0  lsens.o ABSOLUTE
    ..\NET\ESP8266\esp8266.c                 0x00000000   Number         0  esp8266.o ABSOLUTE
    ..\STM32F10x_FWLib\src\misc.c            0x00000000   Number         0  misc.o ABSOLUTE
    ..\STM32F10x_FWLib\src\stm32f10x_adc.c   0x00000000   Number         0  stm32f10x_adc.o ABSOLUTE
    ..\STM32F10x_FWLib\src\stm32f10x_gpio.c  0x00000000   Number         0  stm32f10x_gpio.o ABSOLUTE
    ..\STM32F10x_FWLib\src\stm32f10x_rcc.c   0x00000000   Number         0  stm32f10x_rcc.o ABSOLUTE
    ..\STM32F10x_FWLib\src\stm32f10x_usart.c 0x00000000   Number         0  stm32f10x_usart.o ABSOLUTE
    ..\SYSTEM\delay\delay.c                  0x00000000   Number         0  delay.o ABSOLUTE
    ..\SYSTEM\sys\sys.c                      0x00000000   Number         0  sys.o ABSOLUTE
    ..\SYSTEM\usart\usart.c                  0x00000000   Number         0  usart.o ABSOLUTE
    ..\\CORE\\core_cm3.c                     0x00000000   Number         0  core_cm3.o ABSOLUTE
    MQ7.c                                    0x00000000   Number         0  mq7.o ABSOLUTE
    beep.c                                   0x00000000   Number         0  beep.o ABSOLUTE
    cdrcmple.s                               0x00000000   Number         0  cdrcmple.o ABSOLUTE
    dc.s                                     0x00000000   Number         0  dc.o ABSOLUTE
    handlers.s                               0x00000000   Number         0  handlers.o ABSOLUTE
    init.s                                   0x00000000   Number         0  init.o ABSOLUTE
    main.c                                   0x00000000   Number         0  main.o ABSOLUTE
    stm32f10x_it.c                           0x00000000   Number         0  stm32f10x_it.o ABSOLUTE
    system_stm32f10x.c                       0x00000000   Number         0  system_stm32f10x.o ABSOLUTE
    RESET                                    0x08000000   Section      304  startup_stm32f10x_hd.o(RESET)
    .ARM.Collect$$$$00000000                 0x08000130   Section        0  entry.o(.ARM.Collect$$$$00000000)
    .ARM.Collect$$$$00000001                 0x08000130   Section        4  entry2.o(.ARM.Collect$$$$00000001)
    .ARM.Collect$$$$00000004                 0x08000134   Section        4  entry5.o(.ARM.Collect$$$$00000004)
    .ARM.Collect$$$$00000008                 0x08000138   Section        0  entry7b.o(.ARM.Collect$$$$00000008)
    .ARM.Collect$$$$0000000A                 0x08000138   Section        0  entry8b.o(.ARM.Collect$$$$0000000A)
    .ARM.Collect$$$$0000000B                 0x08000138   Section        8  entry9a.o(.ARM.Collect$$$$0000000B)
    .ARM.Collect$$$$0000000D                 0x08000140   Section        0  entry10a.o(.ARM.Collect$$$$0000000D)
    .ARM.Collect$$$$0000000F                 0x08000140   Section        0  entry11a.o(.ARM.Collect$$$$0000000F)
    .ARM.Collect$$$$00002712                 0x08000140   Section        4  entry2.o(.ARM.Collect$$$$00002712)
    __lit__00000000                          0x08000140   Data           4  entry2.o(.ARM.Collect$$$$00002712)
    .emb_text                                0x08000144   Section       32  core_cm3.o(.emb_text)
    .text                                    0x08000164   Section        0  main.o(.text)
    .text                                    0x08000538   Section        0  stm32f10x_it.o(.text)
    .text                                    0x08000554   Section        0  system_stm32f10x.o(.text)
    SetSysClockTo72                          0x08000555   Thumb Code   214  system_stm32f10x.o(.text)
    SetSysClock                              0x0800062b   Thumb Code     8  system_stm32f10x.o(.text)
    .text                                    0x08000734   Section        0  led.o(.text)
    .text                                    0x0800079c   Section        0  dht11.o(.text)
    .text                                    0x08000960   Section        0  lsens.o(.text)
    .text                                    0x08000a0c   Section        0  adc.o(.text)
    .text                                    0x08000c3c   Section        0  mq7.o(.text)
    .text                                    0x08000c74   Section        0  beep.o(.text)
    .text                                    0x08000cb0   Section        0  delay.o(.text)
    .text                                    0x08000d84   Section        0  sys.o(.text)
    sys_nvic_priority_group_config           0x08000d9d   Thumb Code    36  sys.o(.text)
    .text                                    0x08001240   Section        0  usart.o(.text)
    .text                                    0x080015c8   Section       36  startup_stm32f10x_hd.o(.text)
    .text                                    0x080015ec   Section        0  misc.o(.text)
    .text                                    0x080016c8   Section        0  stm32f10x_gpio.o(.text)
    .text                                    0x08001a24   Section        0  stm32f10x_rcc.o(.text)
    .text                                    0x08001dc8   Section        0  stm32f10x_usart.o(.text)
    .text                                    0x080021d0   Section        0  stm32f10x_adc.o(.text)
    .text                                    0x08002620   Section        0  esp8266.o(.text)
    .text                                    0x0800293c   Section        0  memseta.o(.text)
    .text                                    0x08002960   Section        0  strstr.o(.text)
    .text                                    0x08002984   Section        0  strlen.o(.text)
    .text                                    0x08002992   Section        0  fdiv.o(.text)
    .text                                    0x08002a0e   Section        0  dadd.o(.text)
    .text                                    0x08002b5c   Section        0  dmul.o(.text)
    .text                                    0x08002c40   Section        0  ddiv.o(.text)
    .text                                    0x08002d1e   Section        0  ffltui.o(.text)
    .text                                    0x08002d28   Section        0  dflti.o(.text)
    .text                                    0x08002d4a   Section        0  dfltui.o(.text)
    .text                                    0x08002d64   Section        0  dfixi.o(.text)
    .text                                    0x08002da2   Section        0  f2d.o(.text)
    .text                                    0x08002dc8   Section       48  cdrcmple.o(.text)
    .text                                    0x08002df8   Section        0  d2f.o(.text)
    .text                                    0x08002e30   Section        0  uidiv.o(.text)
    .text                                    0x08002e5c   Section        0  uldiv.o(.text)
    .text                                    0x08002ebe   Section        0  llshl.o(.text)
    .text                                    0x08002edc   Section        0  llushr.o(.text)
    .text                                    0x08002efc   Section        0  llsshr.o(.text)
    .text                                    0x08002f20   Section        0  fepilogue.o(.text)
    .text                                    0x08002f20   Section        0  iusefp.o(.text)
    .text                                    0x08002f8e   Section        0  depilogue.o(.text)
    .text                                    0x08003048   Section        0  dfixul.o(.text)
    .text                                    0x08003078   Section       36  init.o(.text)
    i.__0printf                              0x0800309c   Section        0  printfa.o(i.__0printf)
    i.__0sprintf                             0x080030bc   Section        0  printfa.o(i.__0sprintf)
    i.__scatterload_copy                     0x080030e4   Section       14  handlers.o(i.__scatterload_copy)
    i.__scatterload_null                     0x080030f2   Section        2  handlers.o(i.__scatterload_null)
    i.__scatterload_zeroinit                 0x080030f4   Section       14  handlers.o(i.__scatterload_zeroinit)
    i._fp_digits                             0x08003104   Section        0  printfa.o(i._fp_digits)
    _fp_digits                               0x08003105   Thumb Code   334  printfa.o(i._fp_digits)
    i._printf_core                           0x08003268   Section        0  printfa.o(i._printf_core)
    _printf_core                             0x08003269   Thumb Code  1744  printfa.o(i._printf_core)
    i._printf_post_padding                   0x08003944   Section        0  printfa.o(i._printf_post_padding)
    _printf_post_padding                     0x08003945   Thumb Code    36  printfa.o(i._printf_post_padding)
    i._printf_pre_padding                    0x08003968   Section        0  printfa.o(i._printf_pre_padding)
    _printf_pre_padding                      0x08003969   Thumb Code    46  printfa.o(i._printf_pre_padding)
    i._sputc                                 0x08003996   Section        0  printfa.o(i._sputc)
    _sputc                                   0x08003997   Thumb Code    10  printfa.o(i._sputc)
    .conststring                             0x080039a0   Section       78  main.o(.conststring)
    .conststring                             0x080039f0   Section      418  esp8266.o(.conststring)
    .data                                    0x20000000   Section       81  main.o(.data)
    .data                                    0x20000054   Section       20  system_stm32f10x.o(.data)
    .data                                    0x20000068   Section        4  delay.o(.data)
    fac_us                                   0x20000068   Data           1  delay.o(.data)
    fac_ms                                   0x2000006a   Data           2  delay.o(.data)
    .data                                    0x2000006c   Section       11  usart.o(.data)
    start                                    0x20000076   Data           1  usart.o(.data)
    .data                                    0x20000077   Section       20  stm32f10x_rcc.o(.data)
    APBAHBPrescTable                         0x20000077   Data          16  stm32f10x_rcc.o(.data)
    ADCPrescTable                            0x20000087   Data           4  stm32f10x_rcc.o(.data)
    .data                                    0x2000008c   Section        8  esp8266.o(.data)
    .bss                                     0x20000094   Section      600  usart.o(.bss)
    .bss                                     0x200002ec   Section      256  esp8266.o(.bss)
    STACK                                    0x200003f0   Section     1024  startup_stm32f10x_hd.o(STACK)

    Global Symbols

    Symbol Name                              Value     Ov Type        Size  Object(Section)

    BuildAttributes$$THM_ISAv4$P$D$K$B$S$PE$A:L22UL41UL21$X:L11$S22US41US21$IEEE1$IW$USESV6$~STKCKD$USESV7$~SHL$OTIME$ROPI$EBA8$MICROLIB$REQ8$PRES8$EABIv2 0x00000000   Number         0  anon$$obj.o ABSOLUTE
    __ARM_use_no_argv                        0x00000000   Number         0  main.o ABSOLUTE
    __use_no_errno                           0x00000000   Number         0  useno.o ABSOLUTE
    __use_no_exception_handling              0x00000000   Number         0  useno.o ABSOLUTE
    __use_no_fp                              0x00000000   Number         0  useno.o ABSOLUTE
    __use_no_heap                            0x00000000   Number         0  useno.o ABSOLUTE
    __use_no_heap_region                     0x00000000   Number         0  useno.o ABSOLUTE
    __use_no_semihosting                     0x00000000   Number         0  useno.o ABSOLUTE
    __use_no_semihosting_swi                 0x00000000   Number         0  useno.o ABSOLUTE
    __use_no_signal_handling                 0x00000000   Number         0  useno.o ABSOLUTE
    _printf_a                                0x00000000   Number         0  stubs.o ABSOLUTE
    _printf_c                                0x00000000   Number         0  stubs.o ABSOLUTE
    _printf_charcount                        0x00000000   Number         0  stubs.o ABSOLUTE
    _printf_d                                0x00000000   Number         0  stubs.o ABSOLUTE
    _printf_e                                0x00000000   Number         0  stubs.o ABSOLUTE
    _printf_f                                0x00000000   Number         0  stubs.o ABSOLUTE
    _printf_flags                            0x00000000   Number         0  stubs.o ABSOLUTE
    _printf_fp_dec                           0x00000000   Number         0  stubs.o ABSOLUTE
    _printf_fp_hex                           0x00000000   Number         0  stubs.o ABSOLUTE
    _printf_g                                0x00000000   Number         0  stubs.o ABSOLUTE
    _printf_i                                0x00000000   Number         0  stubs.o ABSOLUTE
    _printf_int_dec                          0x00000000   Number         0  stubs.o ABSOLUTE
    _printf_l                                0x00000000   Number         0  stubs.o ABSOLUTE
    _printf_lc                               0x00000000   Number         0  stubs.o ABSOLUTE
    _printf_ll                               0x00000000   Number         0  stubs.o ABSOLUTE
    _printf_lld                              0x00000000   Number         0  stubs.o ABSOLUTE
    _printf_lli                              0x00000000   Number         0  stubs.o ABSOLUTE
    _printf_llo                              0x00000000   Number         0  stubs.o ABSOLUTE
    _printf_llu                              0x00000000   Number         0  stubs.o ABSOLUTE
    _printf_llx                              0x00000000   Number         0  stubs.o ABSOLUTE
    _printf_longlong_dec                     0x00000000   Number         0  stubs.o ABSOLUTE
    _printf_longlong_hex                     0x00000000   Number         0  stubs.o ABSOLUTE
    _printf_longlong_oct                     0x00000000   Number         0  stubs.o ABSOLUTE
    _printf_ls                               0x00000000   Number         0  stubs.o ABSOLUTE
    _printf_mbtowc                           0x00000000   Number         0  stubs.o ABSOLUTE
    _printf_n                                0x00000000   Number         0  stubs.o ABSOLUTE
    _printf_o                                0x00000000   Number         0  stubs.o ABSOLUTE
    _printf_p                                0x00000000   Number         0  stubs.o ABSOLUTE
    _printf_percent                          0x00000000   Number         0  stubs.o ABSOLUTE
    _printf_pre_padding                      0x00000000   Number         0  stubs.o ABSOLUTE
    _printf_return_value                     0x00000000   Number         0  stubs.o ABSOLUTE
    _printf_s                                0x00000000   Number         0  stubs.o ABSOLUTE
    _printf_sizespec                         0x00000000   Number         0  stubs.o ABSOLUTE
    _printf_str                              0x00000000   Number         0  stubs.o ABSOLUTE
    _printf_truncate_signed                  0x00000000   Number         0  stubs.o ABSOLUTE
    _printf_truncate_unsigned                0x00000000   Number         0  stubs.o ABSOLUTE
    _printf_u                                0x00000000   Number         0  stubs.o ABSOLUTE
    _printf_wc                               0x00000000   Number         0  stubs.o ABSOLUTE
    _printf_wctomb                           0x00000000   Number         0  stubs.o ABSOLUTE
    _printf_widthprec                        0x00000000   Number         0  stubs.o ABSOLUTE
    _printf_x                                0x00000000   Number         0  stubs.o ABSOLUTE
    __cpp_initialize__aeabi_                  - Undefined Weak Reference
    __cxa_finalize                            - Undefined Weak Reference
    __decompress                              - Undefined Weak Reference
    _clock_init                               - Undefined Weak Reference
    _microlib_exit                            - Undefined Weak Reference
    __Vectors_Size                           0x00000130   Number         0  startup_stm32f10x_hd.o ABSOLUTE
    __Vectors                                0x08000000   Data           4  startup_stm32f10x_hd.o(RESET)
    __Vectors_End                            0x08000130   Data           0  startup_stm32f10x_hd.o(RESET)
    __main                                   0x08000131   Thumb Code     0  entry.o(.ARM.Collect$$$$00000000)
    _main_stk                                0x08000131   Thumb Code     0  entry2.o(.ARM.Collect$$$$00000001)
    _main_scatterload                        0x08000135   Thumb Code     0  entry5.o(.ARM.Collect$$$$00000004)
    __main_after_scatterload                 0x08000139   Thumb Code     0  entry5.o(.ARM.Collect$$$$00000004)
    _main_clock                              0x08000139   Thumb Code     0  entry7b.o(.ARM.Collect$$$$00000008)
    _main_cpp_init                           0x08000139   Thumb Code     0  entry8b.o(.ARM.Collect$$$$0000000A)
    _main_init                               0x08000139   Thumb Code     0  entry9a.o(.ARM.Collect$$$$0000000B)
    __rt_final_cpp                           0x08000141   Thumb Code     0  entry10a.o(.ARM.Collect$$$$0000000D)
    __rt_final_exit                          0x08000141   Thumb Code     0  entry11a.o(.ARM.Collect$$$$0000000F)
    __get_PSP                                0x08000145   Thumb Code     6  core_cm3.o(.emb_text)
    __set_PSP                                0x0800014b   Thumb Code     6  core_cm3.o(.emb_text)
    __get_MSP                                0x08000151   Thumb Code     6  core_cm3.o(.emb_text)
    __set_MSP                                0x08000157   Thumb Code     6  core_cm3.o(.emb_text)
    __REV16                                  0x0800015d   Thumb Code     4  core_cm3.o(.emb_text)
    __REVSH                                  0x08000161   Thumb Code     4  core_cm3.o(.emb_text)
    main                                     0x08000165   Thumb Code   798  main.o(.text)
    NMI_Handler                              0x08000539   Thumb Code     2  stm32f10x_it.o(.text)
    HardFault_Handler                        0x0800053b   Thumb Code     4  stm32f10x_it.o(.text)
    MemManage_Handler                        0x0800053f   Thumb Code     4  stm32f10x_it.o(.text)
    BusFault_Handler                         0x08000543   Thumb Code     4  stm32f10x_it.o(.text)
    UsageFault_Handler                       0x08000547   Thumb Code     4  stm32f10x_it.o(.text)
    SVC_Handler                              0x0800054b   Thumb Code     2  stm32f10x_it.o(.text)
    DebugMon_Handler                         0x0800054d   Thumb Code     2  stm32f10x_it.o(.text)
    PendSV_Handler                           0x0800054f   Thumb Code     2  stm32f10x_it.o(.text)
    SysTick_Handler                          0x08000551   Thumb Code     2  stm32f10x_it.o(.text)
    SystemInit                               0x08000633   Thumb Code    78  system_stm32f10x.o(.text)
    SystemCoreClockUpdate                    0x08000681   Thumb Code   142  system_stm32f10x.o(.text)
    led_init                                 0x08000735   Thumb Code    90  led.o(.text)
    DHT11_Rst                                0x0800079d   Thumb Code    52  dht11.o(.text)
    DHT11_Check                              0x080007d1   Thumb Code    96  dht11.o(.text)
    DHT11_Read_Bit                           0x08000831   Thumb Code    76  dht11.o(.text)
    DHT11_Read_Byte                          0x0800087d   Thumb Code    30  dht11.o(.text)
    DHT11_Init                               0x0800089b   Thumb Code    58  dht11.o(.text)
    Read_DHT11                               0x080008d5   Thumb Code   128  dht11.o(.text)
    Lsens_Init                               0x08000961   Thumb Code    38  lsens.o(.text)
    Lsens_Get_Val                            0x08000987   Thumb Code   108  lsens.o(.text)
    T_Adc_Init                               0x08000a0d   Thumb Code   118  adc.o(.text)
    T_Get_Adc                                0x08000a83   Thumb Code    46  adc.o(.text)
    T_Get_Temp                               0x08000ab1   Thumb Code    42  adc.o(.text)
    T_Get_Adc_Average                        0x08000adb   Thumb Code    46  adc.o(.text)
    Get_Temprate                             0x08000b09   Thumb Code   106  adc.o(.text)
    Adc3_Init                                0x08000b73   Thumb Code   120  adc.o(.text)
    Get_Adc3                                 0x08000beb   Thumb Code    46  adc.o(.text)
    MQ7_Init                                 0x08000c3d   Thumb Code    36  mq7.o(.text)
    MQ7_Get_Val                              0x08000c61   Thumb Code    16  mq7.o(.text)
    beep_init                                0x08000c75   Thumb Code    50  beep.o(.text)
    delay_init                               0x08000cb1   Thumb Code    50  delay.o(.text)
    delay_us                                 0x08000ce3   Thumb Code    72  delay.o(.text)
    delay_ms                                 0x08000d2b   Thumb Code    72  delay.o(.text)
    NVIC_Configuration                       0x08000d85   Thumb Code    12  sys.o(.text)
    sys_nvic_set_vector_table                0x08000d91   Thumb Code    12  sys.o(.text)
    sys_nvic_init                            0x08000dc1   Thumb Code   116  sys.o(.text)
    sys_nvic_ex_config                       0x08000e35   Thumb Code   272  sys.o(.text)
    sys_gpio_remap_set                       0x08000f45   Thumb Code    72  sys.o(.text)
    sys_gpio_set                             0x08000f8d   Thumb Code   234  sys.o(.text)
    sys_gpio_pin_set                         0x08001077   Thumb Code    24  sys.o(.text)
    sys_gpio_pin_get                         0x0800108f   Thumb Code    16  sys.o(.text)
    sys_wfi_set                              0x0800109f   Thumb Code     4  sys.o(.text)
    sys_intx_disable                         0x080010a3   Thumb Code     4  sys.o(.text)
    sys_intx_enable                          0x080010a7   Thumb Code     4  sys.o(.text)
    sys_msr_msp                              0x080010ab   Thumb Code    12  sys.o(.text)
    sys_standby                              0x080010b7   Thumb Code    68  sys.o(.text)
    sys_soft_reset                           0x080010fb   Thumb Code    12  sys.o(.text)
    sys_clock_set                            0x08001107   Thumb Code   202  sys.o(.text)
    sys_stm32_clock_init                     0x080011d1   Thumb Code   100  sys.o(.text)
    _sys_exit                                0x08001241   Thumb Code     6  usart.o(.text)
    fputc                                    0x08001247   Thumb Code    24  usart.o(.text)
    Usart_SendString                         0x0800125f   Thumb Code    50  usart.o(.text)
    uart_init                                0x08001291   Thumb Code   158  usart.o(.text)
    USART1_IRQHandler                        0x0800132f   Thumb Code   122  usart.o(.text)
    uart2_init                               0x080013a9   Thumb Code   160  usart.o(.text)
    USART2_IRQHandler                        0x08001449   Thumb Code   108  usart.o(.text)
    uart3_init                               0x080014b5   Thumb Code   164  usart.o(.text)
    Reset_Handler                            0x080015c9   Thumb Code     8  startup_stm32f10x_hd.o(.text)
    ADC1_2_IRQHandler                        0x080015e3   Thumb Code     0  startup_stm32f10x_hd.o(.text)
    ADC3_IRQHandler                          0x080015e3   Thumb Code     0  startup_stm32f10x_hd.o(.text)
    CAN1_RX1_IRQHandler                      0x080015e3   Thumb Code     0  startup_stm32f10x_hd.o(.text)
    CAN1_SCE_IRQHandler                      0x080015e3   Thumb Code     0  startup_stm32f10x_hd.o(.text)
    DMA1_Channel1_IRQHandler                 0x080015e3   Thumb Code     0  startup_stm32f10x_hd.o(.text)
    DMA1_Channel2_IRQHandler                 0x080015e3   Thumb Code     0  startup_stm32f10x_hd.o(.text)
    DMA1_Channel3_IRQHandler                 0x080015e3   Thumb Code     0  startup_stm32f10x_hd.o(.text)
    DMA1_Channel4_IRQHandler                 0x080015e3   Thumb Code     0  startup_stm32f10x_hd.o(.text)
    DMA1_Channel5_IRQHandler                 0x080015e3   Thumb Code     0  startup_stm32f10x_hd.o(.text)
    DMA1_Channel6_IRQHandler                 0x080015e3   Thumb Code     0  startup_stm32f10x_hd.o(.text)
    DMA1_Channel7_IRQHandler                 0x080015e3   Thumb Code     0  startup_stm32f10x_hd.o(.text)
    DMA2_Channel1_IRQHandler                 0x080015e3   Thumb Code     0  startup_stm32f10x_hd.o(.text)
    DMA2_Channel2_IRQHandler                 0x080015e3   Thumb Code     0  startup_stm32f10x_hd.o(.text)
    DMA2_Channel3_IRQHandler                 0x080015e3   Thumb Code     0  startup_stm32f10x_hd.o(.text)
    DMA2_Channel4_5_IRQHandler               0x080015e3   Thumb Code     0  startup_stm32f10x_hd.o(.text)
    EXTI0_IRQHandler                         0x080015e3   Thumb Code     0  startup_stm32f10x_hd.o(.text)
    EXTI15_10_IRQHandler                     0x080015e3   Thumb Code     0  startup_stm32f10x_hd.o(.text)
    EXTI1_IRQHandler                         0x080015e3   Thumb Code     0  startup_stm32f10x_hd.o(.text)
    EXTI2_IRQHandler                         0x080015e3   Thumb Code     0  startup_stm32f10x_hd.o(.text)
    EXTI3_IRQHandler                         0x080015e3   Thumb Code     0  startup_stm32f10x_hd.o(.text)
    EXTI4_IRQHandler                         0x080015e3   Thumb Code     0  startup_stm32f10x_hd.o(.text)
    EXTI9_5_IRQHandler                       0x080015e3   Thumb Code     0  startup_stm32f10x_hd.o(.text)
    FLASH_IRQHandler                         0x080015e3   Thumb Code     0  startup_stm32f10x_hd.o(.text)
    FSMC_IRQHandler                          0x080015e3   Thumb Code     0  startup_stm32f10x_hd.o(.text)
    I2C1_ER_IRQHandler                       0x080015e3   Thumb Code     0  startup_stm32f10x_hd.o(.text)
    I2C1_EV_IRQHandler                       0x080015e3   Thumb Code     0  startup_stm32f10x_hd.o(.text)
    I2C2_ER_IRQHandler                       0x080015e3   Thumb Code     0  startup_stm32f10x_hd.o(.text)
    I2C2_EV_IRQHandler                       0x080015e3   Thumb Code     0  startup_stm32f10x_hd.o(.text)
    PVD_IRQHandler                           0x080015e3   Thumb Code     0  startup_stm32f10x_hd.o(.text)
    RCC_IRQHandler                           0x080015e3   Thumb Code     0  startup_stm32f10x_hd.o(.text)
    RTCAlarm_IRQHandler                      0x080015e3   Thumb Code     0  startup_stm32f10x_hd.o(.text)
    RTC_IRQHandler                           0x080015e3   Thumb Code     0  startup_stm32f10x_hd.o(.text)
    SDIO_IRQHandler                          0x080015e3   Thumb Code     0  startup_stm32f10x_hd.o(.text)
    SPI1_IRQHandler                          0x080015e3   Thumb Code     0  startup_stm32f10x_hd.o(.text)
    SPI2_IRQHandler                          0x080015e3   Thumb Code     0  startup_stm32f10x_hd.o(.text)
    SPI3_IRQHandler                          0x080015e3   Thumb Code     0  startup_stm32f10x_hd.o(.text)
    TAMPER_IRQHandler                        0x080015e3   Thumb Code     0  startup_stm32f10x_hd.o(.text)
    TIM1_BRK_IRQHandler                      0x080015e3   Thumb Code     0  startup_stm32f10x_hd.o(.text)
    TIM1_CC_IRQHandler                       0x080015e3   Thumb Code     0  startup_stm32f10x_hd.o(.text)
    TIM1_TRG_COM_IRQHandler                  0x080015e3   Thumb Code     0  startup_stm32f10x_hd.o(.text)
    TIM1_UP_IRQHandler                       0x080015e3   Thumb Code     0  startup_stm32f10x_hd.o(.text)
    TIM2_IRQHandler                          0x080015e3   Thumb Code     0  startup_stm32f10x_hd.o(.text)
    TIM3_IRQHandler                          0x080015e3   Thumb Code     0  startup_stm32f10x_hd.o(.text)
    TIM4_IRQHandler                          0x080015e3   Thumb Code     0  startup_stm32f10x_hd.o(.text)
    TIM5_IRQHandler                          0x080015e3   Thumb Code     0  startup_stm32f10x_hd.o(.text)
    TIM6_IRQHandler                          0x080015e3   Thumb Code     0  startup_stm32f10x_hd.o(.text)
    TIM7_IRQHandler                          0x080015e3   Thumb Code     0  startup_stm32f10x_hd.o(.text)
    TIM8_BRK_IRQHandler                      0x080015e3   Thumb Code     0  startup_stm32f10x_hd.o(.text)
    TIM8_CC_IRQHandler                       0x080015e3   Thumb Code     0  startup_stm32f10x_hd.o(.text)
    TIM8_TRG_COM_IRQHandler                  0x080015e3   Thumb Code     0  startup_stm32f10x_hd.o(.text)
    TIM8_UP_IRQHandler                       0x080015e3   Thumb Code     0  startup_stm32f10x_hd.o(.text)
    UART4_IRQHandler                         0x080015e3   Thumb Code     0  startup_stm32f10x_hd.o(.text)
    UART5_IRQHandler                         0x080015e3   Thumb Code     0  startup_stm32f10x_hd.o(.text)
    USBWakeUp_IRQHandler                     0x080015e3   Thumb Code     0  startup_stm32f10x_hd.o(.text)
    USB_HP_CAN1_TX_IRQHandler                0x080015e3   Thumb Code     0  startup_stm32f10x_hd.o(.text)
    USB_LP_CAN1_RX0_IRQHandler               0x080015e3   Thumb Code     0  startup_stm32f10x_hd.o(.text)
    WWDG_IRQHandler                          0x080015e3   Thumb Code     0  startup_stm32f10x_hd.o(.text)
    NVIC_PriorityGroupConfig                 0x080015ed   Thumb Code    10  misc.o(.text)
    NVIC_Init                                0x080015f7   Thumb Code   100  misc.o(.text)
    NVIC_SetVectorTable                      0x0800165b   Thumb Code    14  misc.o(.text)
    NVIC_SystemLPConfig                      0x08001669   Thumb Code    34  misc.o(.text)
    SysTick_CLKSourceConfig                  0x0800168b   Thumb Code    40  misc.o(.text)
    GPIO_DeInit                              0x080016c9   Thumb Code   172  stm32f10x_gpio.o(.text)
    GPIO_AFIODeInit                          0x08001775   Thumb Code    20  stm32f10x_gpio.o(.text)
    GPIO_Init                                0x08001789   Thumb Code   278  stm32f10x_gpio.o(.text)
    GPIO_StructInit                          0x0800189f   Thumb Code    16  stm32f10x_gpio.o(.text)
    GPIO_ReadInputDataBit                    0x080018af   Thumb Code    18  stm32f10x_gpio.o(.text)
    GPIO_ReadInputData                       0x080018c1   Thumb Code     8  stm32f10x_gpio.o(.text)
    GPIO_ReadOutputDataBit                   0x080018c9   Thumb Code    18  stm32f10x_gpio.o(.text)
    GPIO_ReadOutputData                      0x080018db   Thumb Code     8  stm32f10x_gpio.o(.text)
    GPIO_SetBits                             0x080018e3   Thumb Code     4  stm32f10x_gpio.o(.text)
    GPIO_ResetBits                           0x080018e7   Thumb Code     4  stm32f10x_gpio.o(.text)
    GPIO_WriteBit                            0x080018eb   Thumb Code    10  stm32f10x_gpio.o(.text)
    GPIO_Write                               0x080018f5   Thumb Code     4  stm32f10x_gpio.o(.text)
    GPIO_PinLockConfig                       0x080018f9   Thumb Code    18  stm32f10x_gpio.o(.text)
    GPIO_EventOutputConfig                   0x0800190b   Thumb Code    26  stm32f10x_gpio.o(.text)
    GPIO_EventOutputCmd                      0x08001925   Thumb Code     6  stm32f10x_gpio.o(.text)
    GPIO_PinRemapConfig                      0x0800192b   Thumb Code   138  stm32f10x_gpio.o(.text)
    GPIO_EXTILineConfig                      0x080019b5   Thumb Code    66  stm32f10x_gpio.o(.text)
    GPIO_ETH_MediaInterfaceConfig            0x080019f7   Thumb Code     8  stm32f10x_gpio.o(.text)
    RCC_DeInit                               0x08001a25   Thumb Code    64  stm32f10x_rcc.o(.text)
    RCC_HSEConfig                            0x08001a65   Thumb Code    70  stm32f10x_rcc.o(.text)
    RCC_GetFlagStatus                        0x08001aab   Thumb Code    56  stm32f10x_rcc.o(.text)
    RCC_WaitForHSEStartUp                    0x08001ae3   Thumb Code    56  stm32f10x_rcc.o(.text)
    RCC_AdjustHSICalibrationValue            0x08001b1b   Thumb Code    20  stm32f10x_rcc.o(.text)
    RCC_HSICmd                               0x08001b2f   Thumb Code     6  stm32f10x_rcc.o(.text)
    RCC_PLLConfig                            0x08001b35   Thumb Code    24  stm32f10x_rcc.o(.text)
    RCC_PLLCmd                               0x08001b4d   Thumb Code     6  stm32f10x_rcc.o(.text)
    RCC_SYSCLKConfig                         0x08001b53   Thumb Code    18  stm32f10x_rcc.o(.text)
    RCC_GetSYSCLKSource                      0x08001b65   Thumb Code    10  stm32f10x_rcc.o(.text)
    RCC_HCLKConfig                           0x08001b6f   Thumb Code    18  stm32f10x_rcc.o(.text)
    RCC_PCLK1Config                          0x08001b81   Thumb Code    18  stm32f10x_rcc.o(.text)
    RCC_PCLK2Config                          0x08001b93   Thumb Code    20  stm32f10x_rcc.o(.text)
    RCC_ITConfig                             0x08001ba7   Thumb Code    26  stm32f10x_rcc.o(.text)
    RCC_USBCLKConfig                         0x08001bc1   Thumb Code     8  stm32f10x_rcc.o(.text)
    RCC_ADCCLKConfig                         0x08001bc9   Thumb Code    18  stm32f10x_rcc.o(.text)
    RCC_LSEConfig                            0x08001bdb   Thumb Code    50  stm32f10x_rcc.o(.text)
    RCC_LSICmd                               0x08001c0d   Thumb Code     6  stm32f10x_rcc.o(.text)
    RCC_RTCCLKConfig                         0x08001c13   Thumb Code    12  stm32f10x_rcc.o(.text)
    RCC_RTCCLKCmd                            0x08001c1f   Thumb Code     8  stm32f10x_rcc.o(.text)
    RCC_GetClocksFreq                        0x08001c27   Thumb Code   192  stm32f10x_rcc.o(.text)
    RCC_AHBPeriphClockCmd                    0x08001ce7   Thumb Code    26  stm32f10x_rcc.o(.text)
    RCC_APB2PeriphClockCmd                   0x08001d01   Thumb Code    26  stm32f10x_rcc.o(.text)
    RCC_APB1PeriphClockCmd                   0x08001d1b   Thumb Code    26  stm32f10x_rcc.o(.text)
    RCC_APB2PeriphResetCmd                   0x08001d35   Thumb Code    26  stm32f10x_rcc.o(.text)
    RCC_APB1PeriphResetCmd                   0x08001d4f   Thumb Code    26  stm32f10x_rcc.o(.text)
    RCC_BackupResetCmd                       0x08001d69   Thumb Code     8  stm32f10x_rcc.o(.text)
    RCC_ClockSecuritySystemCmd               0x08001d71   Thumb Code     6  stm32f10x_rcc.o(.text)
    RCC_MCOConfig                            0x08001d77   Thumb Code     6  stm32f10x_rcc.o(.text)
    RCC_ClearFlag                            0x08001d7d   Thumb Code    14  stm32f10x_rcc.o(.text)
    RCC_GetITStatus                          0x08001d8b   Thumb Code    20  stm32f10x_rcc.o(.text)
    RCC_ClearITPendingBit                    0x08001d9f   Thumb Code     6  stm32f10x_rcc.o(.text)
    USART_DeInit                             0x08001dc9   Thumb Code   134  stm32f10x_usart.o(.text)
    USART_Init                               0x08001e4f   Thumb Code   210  stm32f10x_usart.o(.text)
    USART_StructInit                         0x08001f21   Thumb Code    24  stm32f10x_usart.o(.text)
    USART_ClockInit                          0x08001f39   Thumb Code    34  stm32f10x_usart.o(.text)
    USART_ClockStructInit                    0x08001f5b   Thumb Code    12  stm32f10x_usart.o(.text)
    USART_Cmd                                0x08001f67   Thumb Code    24  stm32f10x_usart.o(.text)
    USART_ITConfig                           0x08001f7f   Thumb Code    74  stm32f10x_usart.o(.text)
    USART_DMACmd                             0x08001fc9   Thumb Code    18  stm32f10x_usart.o(.text)
    USART_SetAddress                         0x08001fdb   Thumb Code    18  stm32f10x_usart.o(.text)
    USART_WakeUpConfig                       0x08001fed   Thumb Code    18  stm32f10x_usart.o(.text)
    USART_ReceiverWakeUpCmd                  0x08001fff   Thumb Code    24  stm32f10x_usart.o(.text)
    USART_LINBreakDetectLengthConfig         0x08002017   Thumb Code    18  stm32f10x_usart.o(.text)
    USART_LINCmd                             0x08002029   Thumb Code    24  stm32f10x_usart.o(.text)
    USART_SendData                           0x08002041   Thumb Code     8  stm32f10x_usart.o(.text)
    USART_ReceiveData                        0x08002049   Thumb Code    10  stm32f10x_usart.o(.text)
    USART_SendBreak                          0x08002053   Thumb Code    10  stm32f10x_usart.o(.text)
    USART_SetGuardTime                       0x0800205d   Thumb Code    16  stm32f10x_usart.o(.text)
    USART_SetPrescaler                       0x0800206d   Thumb Code    16  stm32f10x_usart.o(.text)
    USART_SmartCardCmd                       0x0800207d   Thumb Code    24  stm32f10x_usart.o(.text)
    USART_SmartCardNACKCmd                   0x08002095   Thumb Code    24  stm32f10x_usart.o(.text)
    USART_HalfDuplexCmd                      0x080020ad   Thumb Code    24  stm32f10x_usart.o(.text)
    USART_OverSampling8Cmd                   0x080020c5   Thumb Code    22  stm32f10x_usart.o(.text)
    USART_OneBitMethodCmd                    0x080020db   Thumb Code    24  stm32f10x_usart.o(.text)
    USART_IrDAConfig                         0x080020f3   Thumb Code    18  stm32f10x_usart.o(.text)
    USART_IrDACmd                            0x08002105   Thumb Code    24  stm32f10x_usart.o(.text)
    USART_GetFlagStatus                      0x0800211d   Thumb Code    26  stm32f10x_usart.o(.text)
    USART_ClearFlag                          0x08002137   Thumb Code    18  stm32f10x_usart.o(.text)
    USART_GetITStatus                        0x08002149   Thumb Code    84  stm32f10x_usart.o(.text)
    USART_ClearITPendingBit                  0x0800219d   Thumb Code    52  stm32f10x_usart.o(.text)
    ADC_DeInit                               0x080021d1   Thumb Code    78  stm32f10x_adc.o(.text)
    ADC_Init                                 0x0800221f   Thumb Code    70  stm32f10x_adc.o(.text)
    ADC_StructInit                           0x08002265   Thumb Code    18  stm32f10x_adc.o(.text)
    ADC_Cmd                                  0x08002277   Thumb Code    22  stm32f10x_adc.o(.text)
    ADC_DMACmd                               0x0800228d   Thumb Code    22  stm32f10x_adc.o(.text)
    ADC_ITConfig                             0x080022a3   Thumb Code    24  stm32f10x_adc.o(.text)
    ADC_ResetCalibration                     0x080022bb   Thumb Code    10  stm32f10x_adc.o(.text)
    ADC_GetResetCalibrationStatus            0x080022c5   Thumb Code    20  stm32f10x_adc.o(.text)
    ADC_StartCalibration                     0x080022d9   Thumb Code    10  stm32f10x_adc.o(.text)
    ADC_GetCalibrationStatus                 0x080022e3   Thumb Code    20  stm32f10x_adc.o(.text)
    ADC_SoftwareStartConvCmd                 0x080022f7   Thumb Code    22  stm32f10x_adc.o(.text)
    ADC_GetSoftwareStartConvStatus           0x0800230d   Thumb Code    20  stm32f10x_adc.o(.text)
    ADC_DiscModeChannelCountConfig           0x08002321   Thumb Code    24  stm32f10x_adc.o(.text)
    ADC_DiscModeCmd                          0x08002339   Thumb Code    22  stm32f10x_adc.o(.text)
    ADC_RegularChannelConfig                 0x0800234f   Thumb Code   184  stm32f10x_adc.o(.text)
    ADC_ExternalTrigConvCmd                  0x08002407   Thumb Code    22  stm32f10x_adc.o(.text)
    ADC_GetConversionValue                   0x0800241d   Thumb Code     8  stm32f10x_adc.o(.text)
    ADC_GetDualModeConversionValue           0x08002425   Thumb Code     8  stm32f10x_adc.o(.text)
    ADC_AutoInjectedConvCmd                  0x0800242d   Thumb Code    22  stm32f10x_adc.o(.text)
    ADC_InjectedDiscModeCmd                  0x08002443   Thumb Code    22  stm32f10x_adc.o(.text)
    ADC_ExternalTrigInjectedConvConfig       0x08002459   Thumb Code    16  stm32f10x_adc.o(.text)
    ADC_ExternalTrigInjectedConvCmd          0x08002469   Thumb Code    22  stm32f10x_adc.o(.text)
    ADC_SoftwareStartInjectedConvCmd         0x0800247f   Thumb Code    22  stm32f10x_adc.o(.text)
    ADC_GetSoftwareStartInjectedConvCmdStatus 0x08002495   Thumb Code    20  stm32f10x_adc.o(.text)
    ADC_InjectedChannelConfig                0x080024a9   Thumb Code   130  stm32f10x_adc.o(.text)
    ADC_InjectedSequencerLengthConfig        0x0800252b   Thumb Code    24  stm32f10x_adc.o(.text)
    ADC_SetInjectedOffset                    0x08002543   Thumb Code    20  stm32f10x_adc.o(.text)
    ADC_GetInjectedConversionValue           0x08002557   Thumb Code    28  stm32f10x_adc.o(.text)
    ADC_AnalogWatchdogCmd                    0x08002573   Thumb Code    16  stm32f10x_adc.o(.text)
    ADC_AnalogWatchdogThresholdsConfig       0x08002583   Thumb Code     6  stm32f10x_adc.o(.text)
    ADC_AnalogWatchdogSingleChannelConfig    0x08002589   Thumb Code    16  stm32f10x_adc.o(.text)
    ADC_TempSensorVrefintCmd                 0x08002599   Thumb Code    64  stm32f10x_adc.o(.text)
    ADC_GetFlagStatus                        0x080025d9   Thumb Code    18  stm32f10x_adc.o(.text)
    ADC_ClearFlag                            0x080025eb   Thumb Code     6  stm32f10x_adc.o(.text)
    ADC_GetITStatus                          0x080025f1   Thumb Code    36  stm32f10x_adc.o(.text)
    ADC_ClearITPendingBit                    0x08002615   Thumb Code    10  stm32f10x_adc.o(.text)
    ESP8266_Clear                            0x08002621   Thumb Code    20  esp8266.o(.text)
    ESP8266_WaitRecive                       0x08002635   Thumb Code    42  esp8266.o(.text)
    ESP8266_SendCmd                          0x0800265f   Thumb Code    76  esp8266.o(.text)
    ESP8266_SendData                         0x080026ab   Thumb Code    98  esp8266.o(.text)
    ESP8266_Init                             0x0800270d   Thumb Code   210  esp8266.o(.text)
    USART3_IRQHandler                        0x080027df   Thumb Code    62  esp8266.o(.text)
    __aeabi_memset                           0x0800293d   Thumb Code    14  memseta.o(.text)
    __aeabi_memset4                          0x0800293d   Thumb Code     0  memseta.o(.text)
    __aeabi_memset8                          0x0800293d   Thumb Code     0  memseta.o(.text)
    __aeabi_memclr                           0x0800294b   Thumb Code     4  memseta.o(.text)
    __aeabi_memclr4                          0x0800294b   Thumb Code     0  memseta.o(.text)
    __aeabi_memclr8                          0x0800294b   Thumb Code     0  memseta.o(.text)
    _memset$wrapper                          0x0800294f   Thumb Code    18  memseta.o(.text)
    strstr                                   0x08002961   Thumb Code    36  strstr.o(.text)
    strlen                                   0x08002985   Thumb Code    14  strlen.o(.text)
    __aeabi_fdiv                             0x08002993   Thumb Code   124  fdiv.o(.text)
    __aeabi_dadd                             0x08002a0f   Thumb Code   322  dadd.o(.text)
    __aeabi_dsub                             0x08002b51   Thumb Code     6  dadd.o(.text)
    __aeabi_drsub                            0x08002b57   Thumb Code     6  dadd.o(.text)
    __aeabi_dmul                             0x08002b5d   Thumb Code   228  dmul.o(.text)
    __aeabi_ddiv                             0x08002c41   Thumb Code   222  ddiv.o(.text)
    __aeabi_ui2f                             0x08002d1f   Thumb Code    10  ffltui.o(.text)
    __aeabi_i2d                              0x08002d29   Thumb Code    34  dflti.o(.text)
    __aeabi_ui2d                             0x08002d4b   Thumb Code    26  dfltui.o(.text)
    __aeabi_d2iz                             0x08002d65   Thumb Code    62  dfixi.o(.text)
    __aeabi_f2d                              0x08002da3   Thumb Code    38  f2d.o(.text)
    __aeabi_cdrcmple                         0x08002dc9   Thumb Code    48  cdrcmple.o(.text)
    __aeabi_d2f                              0x08002df9   Thumb Code    56  d2f.o(.text)
    __aeabi_uidiv                            0x08002e31   Thumb Code     0  uidiv.o(.text)
    __aeabi_uidivmod                         0x08002e31   Thumb Code    44  uidiv.o(.text)
    __aeabi_uldivmod                         0x08002e5d   Thumb Code    98  uldiv.o(.text)
    __aeabi_llsl                             0x08002ebf   Thumb Code    30  llshl.o(.text)
    _ll_shift_l                              0x08002ebf   Thumb Code     0  llshl.o(.text)
    __aeabi_llsr                             0x08002edd   Thumb Code    32  llushr.o(.text)
    _ll_ushift_r                             0x08002edd   Thumb Code     0  llushr.o(.text)
    __aeabi_lasr                             0x08002efd   Thumb Code    36  llsshr.o(.text)
    _ll_sshift_r                             0x08002efd   Thumb Code     0  llsshr.o(.text)
    __I$use$fp                               0x08002f21   Thumb Code     0  iusefp.o(.text)
    _float_round                             0x08002f21   Thumb Code    18  fepilogue.o(.text)
    _float_epilogue                          0x08002f33   Thumb Code    92  fepilogue.o(.text)
    _double_round                            0x08002f8f   Thumb Code    30  depilogue.o(.text)
    _double_epilogue                         0x08002fad   Thumb Code   156  depilogue.o(.text)
    __aeabi_d2ulz                            0x08003049   Thumb Code    48  dfixul.o(.text)
    __scatterload                            0x08003079   Thumb Code    28  init.o(.text)
    __scatterload_rt2                        0x08003079   Thumb Code     0  init.o(.text)
    __0printf                                0x0800309d   Thumb Code    22  printfa.o(i.__0printf)
    __1printf                                0x0800309d   Thumb Code     0  printfa.o(i.__0printf)
    __2printf                                0x0800309d   Thumb Code     0  printfa.o(i.__0printf)
    __c89printf                              0x0800309d   Thumb Code     0  printfa.o(i.__0printf)
    printf                                   0x0800309d   Thumb Code     0  printfa.o(i.__0printf)
    __0sprintf                               0x080030bd   Thumb Code    34  printfa.o(i.__0sprintf)
    __1sprintf                               0x080030bd   Thumb Code     0  printfa.o(i.__0sprintf)
    __2sprintf                               0x080030bd   Thumb Code     0  printfa.o(i.__0sprintf)
    __c89sprintf                             0x080030bd   Thumb Code     0  printfa.o(i.__0sprintf)
    sprintf                                  0x080030bd   Thumb Code     0  printfa.o(i.__0sprintf)
    __scatterload_copy                       0x080030e5   Thumb Code    14  handlers.o(i.__scatterload_copy)
    __scatterload_null                       0x080030f3   Thumb Code     2  handlers.o(i.__scatterload_null)
    __scatterload_zeroinit                   0x080030f5   Thumb Code    14  handlers.o(i.__scatterload_zeroinit)
    Region$$Table$$Base                      0x08003b94   Number         0  anon$$obj.o(Region$$Table)
    Region$$Table$$Limit                     0x08003bb4   Number         0  anon$$obj.o(Region$$Table)
    humidityH                                0x20000000   Data           8  main.o(.data)
    humidityL                                0x20000008   Data           8  main.o(.data)
    temperatureH                             0x20000010   Data           8  main.o(.data)
    temperatureL                             0x20000018   Data           8  main.o(.data)
    humi                                     0x20000020   Data           8  main.o(.data)
    temp                                     0x20000028   Data           8  main.o(.data)
    adcx                                     0x20000030   Data           8  main.o(.data)
    mq7                                      0x20000038   Data           8  main.o(.data)
    pm                                       0x20000040   Data           8  main.o(.data)
    count                                    0x20000048   Data           4  main.o(.data)
    DHT11_Data                               0x2000004c   Data           5  main.o(.data)
    SystemCoreClock                          0x20000054   Data           4  system_stm32f10x.o(.data)
    AHBPrescTable                            0x20000058   Data          16  system_stm32f10x.o(.data)
    __stdout                                 0x2000006c   Data           4  usart.o(.data)
    USART_RX_STA                             0x20000070   Data           2  usart.o(.data)
    USART2_RX_STA                            0x20000072   Data           2  usart.o(.data)
    USART3_RX_STA                            0x20000074   Data           2  usart.o(.data)
    esp8266_cnt                              0x2000008c   Data           2  esp8266.o(.data)
    esp8266_cntPre                           0x2000008e   Data           2  esp8266.o(.data)
    pubtopic                                 0x20000090   Data           4  esp8266.o(.data)
    USART_RX_BUF                             0x20000094   Data         200  usart.o(.bss)
    USART2_RX_BUF                            0x2000015c   Data         200  usart.o(.bss)
    USART3_RX_BUF                            0x20000224   Data         200  usart.o(.bss)
    esp8266_buf                              0x200002ec   Data         256  esp8266.o(.bss)
    __initial_sp                             0x200007f0   Data           0  startup_stm32f10x_hd.o(STACK)



==============================================================================

Memory Map of the image

  Image Entry point : 0x08000131

  Load Region LR_IROM1 (Base: 0x08000000, Size: 0x00003c48, Max: 0x00080000, ABSOLUTE)

    Execution Region ER_IROM1 (Exec base: 0x08000000, Load base: 0x08000000, Size: 0x00003bb4, Max: 0x00080000, ABSOLUTE)

    Exec Addr    Load Addr    Size         Type   Attr      Idx    E Section Name        Object

    0x08000000   0x08000000   0x00000130   Data   RO          382    RESET               startup_stm32f10x_hd.o
    0x08000130   0x08000130   0x00000000   Code   RO          494  * .ARM.Collect$$$$00000000  mc_w.l(entry.o)
    0x08000130   0x08000130   0x00000004   Code   RO          786    .ARM.Collect$$$$00000001  mc_w.l(entry2.o)
    0x08000134   0x08000134   0x00000004   Code   RO          789    .ARM.Collect$$$$00000004  mc_w.l(entry5.o)
    0x08000138   0x08000138   0x00000000   Code   RO          791    .ARM.Collect$$$$00000008  mc_w.l(entry7b.o)
    0x08000138   0x08000138   0x00000000   Code   RO          793    .ARM.Collect$$$$0000000A  mc_w.l(entry8b.o)
    0x08000138   0x08000138   0x00000008   Code   RO          794    .ARM.Collect$$$$0000000B  mc_w.l(entry9a.o)
    0x08000140   0x08000140   0x00000000   Code   RO          796    .ARM.Collect$$$$0000000D  mc_w.l(entry10a.o)
    0x08000140   0x08000140   0x00000000   Code   RO          798    .ARM.Collect$$$$0000000F  mc_w.l(entry11a.o)
    0x08000140   0x08000140   0x00000004   Code   RO          787    .ARM.Collect$$$$00002712  mc_w.l(entry2.o)
    0x08000144   0x08000144   0x00000020   Code   RO          369    .emb_text           core_cm3.o
    0x08000164   0x08000164   0x000003d4   Code   RO            1    .text               main.o
    0x08000538   0x08000538   0x0000001a   Code   RO          101    .text               stm32f10x_it.o
    0x08000552   0x08000552   0x00000002   PAD
    0x08000554   0x08000554   0x000001e0   Code   RO          145    .text               system_stm32f10x.o
    0x08000734   0x08000734   0x00000068   Code   RO          163    .text               led.o
    0x0800079c   0x0800079c   0x000001c4   Code   RO          210    .text               dht11.o
    0x08000960   0x08000960   0x000000ac   Code   RO          222    .text               lsens.o
    0x08000a0c   0x08000a0c   0x00000230   Code   RO          234    .text               adc.o
    0x08000c3c   0x08000c3c   0x00000038   Code   RO          255    .text               mq7.o
    0x08000c74   0x08000c74   0x0000003c   Code   RO          270    .text               beep.o
    0x08000cb0   0x08000cb0   0x000000d4   Code   RO          285    .text               delay.o
    0x08000d84   0x08000d84   0x000004bc   Code   RO          334    .text               sys.o
    0x08001240   0x08001240   0x00000388   Code   RO          346    .text               usart.o
    0x080015c8   0x080015c8   0x00000024   Code   RO          383    .text               startup_stm32f10x_hd.o
    0x080015ec   0x080015ec   0x000000dc   Code   RO          387    .text               misc.o
    0x080016c8   0x080016c8   0x0000035c   Code   RO          416    .text               stm32f10x_gpio.o
    0x08001a24   0x08001a24   0x000003a4   Code   RO          428    .text               stm32f10x_rcc.o
    0x08001dc8   0x08001dc8   0x00000408   Code   RO          442    .text               stm32f10x_usart.o
    0x080021d0   0x080021d0   0x0000044e   Code   RO          454    .text               stm32f10x_adc.o
    0x0800261e   0x0800261e   0x00000002   PAD
    0x08002620   0x08002620   0x0000031c   Code   RO          469    .text               esp8266.o
    0x0800293c   0x0800293c   0x00000024   Code   RO          497    .text               mc_w.l(memseta.o)
    0x08002960   0x08002960   0x00000024   Code   RO          499    .text               mc_w.l(strstr.o)
    0x08002984   0x08002984   0x0000000e   Code   RO          501    .text               mc_w.l(strlen.o)
    0x08002992   0x08002992   0x0000007c   Code   RO          764    .text               mf_w.l(fdiv.o)
    0x08002a0e   0x08002a0e   0x0000014e   Code   RO          766    .text               mf_w.l(dadd.o)
    0x08002b5c   0x08002b5c   0x000000e4   Code   RO          768    .text               mf_w.l(dmul.o)
    0x08002c40   0x08002c40   0x000000de   Code   RO          770    .text               mf_w.l(ddiv.o)
    0x08002d1e   0x08002d1e   0x0000000a   Code   RO          772    .text               mf_w.l(ffltui.o)
    0x08002d28   0x08002d28   0x00000022   Code   RO          774    .text               mf_w.l(dflti.o)
    0x08002d4a   0x08002d4a   0x0000001a   Code   RO          776    .text               mf_w.l(dfltui.o)
    0x08002d64   0x08002d64   0x0000003e   Code   RO          778    .text               mf_w.l(dfixi.o)
    0x08002da2   0x08002da2   0x00000026   Code   RO          780    .text               mf_w.l(f2d.o)
    0x08002dc8   0x08002dc8   0x00000030   Code   RO          782    .text               mf_w.l(cdrcmple.o)
    0x08002df8   0x08002df8   0x00000038   Code   RO          784    .text               mf_w.l(d2f.o)
    0x08002e30   0x08002e30   0x0000002c   Code   RO          800    .text               mc_w.l(uidiv.o)
    0x08002e5c   0x08002e5c   0x00000062   Code   RO          802    .text               mc_w.l(uldiv.o)
    0x08002ebe   0x08002ebe   0x0000001e   Code   RO          804    .text               mc_w.l(llshl.o)
    0x08002edc   0x08002edc   0x00000020   Code   RO          806    .text               mc_w.l(llushr.o)
    0x08002efc   0x08002efc   0x00000024   Code   RO          808    .text               mc_w.l(llsshr.o)
    0x08002f20   0x08002f20   0x00000000   Code   RO          810    .text               mc_w.l(iusefp.o)
    0x08002f20   0x08002f20   0x0000006e   Code   RO          811    .text               mf_w.l(fepilogue.o)
    0x08002f8e   0x08002f8e   0x000000ba   Code   RO          813    .text               mf_w.l(depilogue.o)
    0x08003048   0x08003048   0x00000030   Code   RO          815    .text               mf_w.l(dfixul.o)
    0x08003078   0x08003078   0x00000024   Code   RO          817    .text               mc_w.l(init.o)
    0x0800309c   0x0800309c   0x00000020   Code   RO          736    i.__0printf         mc_w.l(printfa.o)
    0x080030bc   0x080030bc   0x00000028   Code   RO          738    i.__0sprintf        mc_w.l(printfa.o)
    0x080030e4   0x080030e4   0x0000000e   Code   RO          821    i.__scatterload_copy  mc_w.l(handlers.o)
    0x080030f2   0x080030f2   0x00000002   Code   RO          822    i.__scatterload_null  mc_w.l(handlers.o)
    0x080030f4   0x080030f4   0x0000000e   Code   RO          823    i.__scatterload_zeroinit  mc_w.l(handlers.o)
    0x08003102   0x08003102   0x00000002   PAD
    0x08003104   0x08003104   0x00000164   Code   RO          743    i._fp_digits        mc_w.l(printfa.o)
    0x08003268   0x08003268   0x000006dc   Code   RO          744    i._printf_core      mc_w.l(printfa.o)
    0x08003944   0x08003944   0x00000024   Code   RO          745    i._printf_post_padding  mc_w.l(printfa.o)
    0x08003968   0x08003968   0x0000002e   Code   RO          746    i._printf_pre_padding  mc_w.l(printfa.o)
    0x08003996   0x08003996   0x0000000a   Code   RO          748    i._sputc            mc_w.l(printfa.o)
    0x080039a0   0x080039a0   0x0000004e   Data   RO            2    .conststring        main.o
    0x080039ee   0x080039ee   0x00000002   PAD
    0x080039f0   0x080039f0   0x000001a2   Data   RO          471    .conststring        esp8266.o
    0x08003b92   0x08003b92   0x00000002   PAD
    0x08003b94   0x08003b94   0x00000020   Data   RO          819    Region$$Table       anon$$obj.o


    Execution Region RW_IRAM1 (Exec base: 0x20000000, Load base: 0x08003bb4, Size: 0x000007f0, Max: 0x00010000, ABSOLUTE)

    Exec Addr    Load Addr    Size         Type   Attr      Idx    E Section Name        Object

    0x20000000   0x08003bb4   0x00000051   Data   RW            3    .data               main.o
    0x20000051   0x08003c05   0x00000003   PAD
    0x20000054   0x08003c08   0x00000014   Data   RW          146    .data               system_stm32f10x.o
    0x20000068   0x08003c1c   0x00000004   Data   RW          286    .data               delay.o
    0x2000006c   0x08003c20   0x0000000b   Data   RW          348    .data               usart.o
    0x20000077   0x08003c2b   0x00000014   Data   RW          429    .data               stm32f10x_rcc.o
    0x2000008b   0x08003c3f   0x00000001   PAD
    0x2000008c   0x08003c40   0x00000008   Data   RW          472    .data               esp8266.o
    0x20000094        -       0x00000258   Zero   RW          347    .bss                usart.o
    0x200002ec        -       0x00000100   Zero   RW          470    .bss                esp8266.o
    0x200003ec   0x08003c48   0x00000004   PAD
    0x200003f0        -       0x00000400   Zero   RW          380    STACK               startup_stm32f10x_hd.o


==============================================================================

Image component sizes


      Code (inc. data)   RO Data    RW Data    ZI Data      Debug   Object Name

       560         36          0          0          0      10988   adc.o
        60         10          0          0          0        412   beep.o
        32          0          0          0          0        568   core_cm3.o
       212         18          0          4          0     204107   delay.o
       452         12          0          0          0       2089   dht11.o
       796        288        418          8        256       3221   esp8266.o
       104         14          0          0          0     219615   led.o
       172         26          0          0          0        767   lsens.o
       980        182         78         81          0     217902   main.o
       220         22          0          0          0     206621   misc.o
        56          4          0          0          0        607   mq7.o
        36          8        304          0       1024        796   startup_stm32f10x_hd.o
      1102         26          0          0          0      20129   stm32f10x_adc.o
       860         38          0          0          0       5761   stm32f10x_gpio.o
        26          0          0          0          0      24390   stm32f10x_it.o
       932         36          0         20          0       8956   stm32f10x_rcc.o
      1032         22          0          0          0       8484   stm32f10x_usart.o
      1212         48          0          0          0       4645   sys.o
       480         38          0         20          0       1779   system_stm32f10x.o
       904        112          0         11        600       4787   usart.o

    ----------------------------------------------------------------------
     10232        940        836        148       1884     946624   Object Totals
         0          0         32          0          0          0   (incl. Generated)
         4          0          4          4          4          0   (incl. Padding)

    ----------------------------------------------------------------------

      Code (inc. data)   RO Data    RW Data    ZI Data      Debug   Library Member Name

         0          0          0          0          0          0   entry.o
         0          0          0          0          0          0   entry10a.o
         0          0          0          0          0          0   entry11a.o
         8          4          0          0          0          0   entry2.o
         4          0          0          0          0          0   entry5.o
         0          0          0          0          0          0   entry7b.o
         0          0          0          0          0          0   entry8b.o
         8          4          0          0          0          0   entry9a.o
        30          0          0          0          0          0   handlers.o
        36          8          0          0          0         68   init.o
         0          0          0          0          0          0   iusefp.o
        30          0          0          0          0         68   llshl.o
        36          0          0          0          0         68   llsshr.o
        32          0          0          0          0         68   llushr.o
        36          0          0          0          0        108   memseta.o
      2276         96          0          0          0        596   printfa.o
        14          0          0          0          0         68   strlen.o
        36          0          0          0          0         80   strstr.o
        44          0          0          0          0         80   uidiv.o
        98          0          0          0          0         92   uldiv.o
        48          0          0          0          0         68   cdrcmple.o
        56          0          0          0          0         88   d2f.o
       334          0          0          0          0        148   dadd.o
       222          0          0          0          0        100   ddiv.o
       186          0          0          0          0        176   depilogue.o
        62          0          0          0          0         80   dfixi.o
        48          0          0          0          0         68   dfixul.o
        34          0          0          0          0         76   dflti.o
        26          0          0          0          0         76   dfltui.o
       228          0          0          0          0         96   dmul.o
        38          0          0          0          0         68   f2d.o
       124          0          0          0          0         88   fdiv.o
       110          0          0          0          0        168   fepilogue.o
        10          0          0          0          0         68   ffltui.o

    ----------------------------------------------------------------------
      4216        112          0          0          0       2664   Library Totals
         2          0          0          0          0          0   (incl. Padding)

    ----------------------------------------------------------------------

      Code (inc. data)   RO Data    RW Data    ZI Data      Debug   Library Name

      2688        112          0          0          0       1296   mc_w.l
      1526          0          0          0          0       1368   mf_w.l

    ----------------------------------------------------------------------
      4216        112          0          0          0       2664   Library Totals

    ----------------------------------------------------------------------

==============================================================================


      Code (inc. data)   RO Data    RW Data    ZI Data      Debug   

     14448       1052        836        148       1884     946424   Grand Totals
     14448       1052        836        148       1884     946424   ELF Image Totals
     14448       1052        836        148          0          0   ROM Totals

==============================================================================

    Total RO  Size (Code + RO Data)                15284 (  14.93kB)
    Total RW  Size (RW Data + ZI Data)              2032 (   1.98kB)
    Total ROM Size (Code + RO Data + RW Data)      15432 (  15.07kB)

==============================================================================

