Component: ARM Compiler 5.06 update 1 (build 61) Tool: armlink [4d35a8]

==============================================================================

Section Cross References

    main.o(.text) refers to delay.o(.text) for delay_init
    main.o(.text) refers to sys.o(.text) for NVIC_Configuration
    main.o(.text) refers to usart.o(.text) for uart_init
    main.o(.text) refers to esp8266.o(.text) for ESP8266_Init
    main.o(.text) refers to dht11.o(.text) for DHT11_Init
    main.o(.text) refers to lsens.o(.text) for Lsens_Init
    main.o(.text) refers to mq7.o(.text) for MQ7_Init
    main.o(.text) refers to led.o(.text) for led_init
    main.o(.text) refers to beep.o(.text) for beep_init
    main.o(.text) refers to dfltui.o(.text) for __aeabi_ui2d
    main.o(.text) refers to ddiv.o(.text) for __aeabi_ddiv
    main.o(.text) refers to dadd.o(.text) for __aeabi_dadd
    main.o(.text) refers to dflti.o(.text) for __aeabi_i2d
    main.o(.text) refers to dmul.o(.text) for __aeabi_dmul
    main.o(.text) refers to dfixi.o(.text) for __aeabi_d2iz
    main.o(.text) refers to cdrcmple.o(.text) for __aeabi_cdrcmple
    main.o(.text) refers to printfa.o(i.__0printf) for __2printf
    main.o(.text) refers to main.o(.data) for DHT11_Data
    main.o(.text) refers to usart.o(.bss) for USART2_RX_BUF
    system_stm32f10x.o(.text) refers to system_stm32f10x.o(.data) for SystemCoreClock
    led.o(.text) refers to sys.o(.text) for sys_gpio_set
    dht11.o(.text) refers to delay.o(.text) for delay_ms
    dht11.o(.text) refers to stm32f10x_rcc.o(.text) for RCC_APB2PeriphClockCmd
    dht11.o(.text) refers to stm32f10x_gpio.o(.text) for GPIO_Init
    lsens.o(.text) refers to stm32f10x_rcc.o(.text) for RCC_APB2PeriphClockCmd
    lsens.o(.text) refers to stm32f10x_gpio.o(.text) for GPIO_Init
    lsens.o(.text) refers to adc.o(.text) for Adc3_Init
    lsens.o(.text) refers to delay.o(.text) for delay_ms
    adc.o(.text) refers to stm32f10x_rcc.o(.text) for RCC_APB2PeriphClockCmd
    adc.o(.text) refers to stm32f10x_adc.o(.text) for ADC_DeInit
    adc.o(.text) refers to delay.o(.text) for delay_ms
    adc.o(.text) refers to ffltui.o(.text) for __aeabi_ui2f
    adc.o(.text) refers to f2d.o(.text) for __aeabi_f2d
    adc.o(.text) refers to dmul.o(.text) for __aeabi_dmul
    adc.o(.text) refers to dadd.o(.text) for __aeabi_dsub
    adc.o(.text) refers to ddiv.o(.text) for __aeabi_ddiv
    adc.o(.text) refers to dfixi.o(.text) for __aeabi_d2iz
    mq7.o(.text) refers to stm32f10x_rcc.o(.text) for RCC_APB2PeriphClockCmd
    mq7.o(.text) refers to stm32f10x_gpio.o(.text) for GPIO_Init
    mq7.o(.text) refers to adc.o(.text) for Adc3_Init
    beep.o(.text) refers to sys.o(.text) for sys_gpio_set
    delay.o(.text) refers to misc.o(.text) for SysTick_CLKSourceConfig
    delay.o(.text) refers to system_stm32f10x.o(.data) for SystemCoreClock
    delay.o(.text) refers to delay.o(.data) for fac_us
    sys.o(.text) refers to misc.o(.text) for NVIC_PriorityGroupConfig
    sys.o(.text) refers to core_cm3.o(.emb_text) for __set_MSP
    usart.o(.text) refers to stm32f10x_usart.o(.text) for USART_SendData
    usart.o(.text) refers to stm32f10x_rcc.o(.text) for RCC_APB2PeriphClockCmd
    usart.o(.text) refers to stm32f10x_gpio.o(.text) for GPIO_Init
    usart.o(.text) refers to misc.o(.text) for NVIC_Init
    usart.o(.text) refers to printfa.o(i.__0printf) for __2printf
    usart.o(.text) refers to usart.o(.data) for USART_RX_STA
    usart.o(.text) refers to usart.o(.bss) for USART_RX_BUF
    startup_stm32f10x_hd.o(RESET) refers to startup_stm32f10x_hd.o(STACK) for __initial_sp
    startup_stm32f10x_hd.o(RESET) refers to startup_stm32f10x_hd.o(.text) for Reset_Handler
    startup_stm32f10x_hd.o(RESET) refers to stm32f10x_it.o(.text) for NMI_Handler
    startup_stm32f10x_hd.o(RESET) refers to usart.o(.text) for USART1_IRQHandler
    startup_stm32f10x_hd.o(RESET) refers to esp8266.o(.text) for USART3_IRQHandler
    startup_stm32f10x_hd.o(.text) refers to system_stm32f10x.o(.text) for SystemInit
    startup_stm32f10x_hd.o(.text) refers to entry.o(.ARM.Collect$$$$00000000) for __main
    stm32f10x_gpio.o(.text) refers to stm32f10x_rcc.o(.text) for RCC_APB2PeriphResetCmd
    stm32f10x_rcc.o(.text) refers to stm32f10x_rcc.o(.data) for APBAHBPrescTable
    stm32f10x_usart.o(.text) refers to stm32f10x_rcc.o(.text) for RCC_APB2PeriphResetCmd
    stm32f10x_adc.o(.text) refers to stm32f10x_rcc.o(.text) for RCC_APB2PeriphResetCmd
    esp8266.o(.text) refers to memseta.o(.text) for __aeabi_memclr
    esp8266.o(.text) refers to strlen.o(.text) for strlen
    esp8266.o(.text) refers to usart.o(.text) for Usart_SendString
    esp8266.o(.text) refers to strstr.o(.text) for strstr
    esp8266.o(.text) refers to delay.o(.text) for delay_ms
    esp8266.o(.text) refers to printfa.o(i.__0sprintf) for __2sprintf
    esp8266.o(.text) refers to printfa.o(i.__0printf) for __2printf
    esp8266.o(.text) refers to stm32f10x_usart.o(.text) for USART_GetITStatus
    esp8266.o(.text) refers to esp8266.o(.bss) for esp8266_buf
    esp8266.o(.text) refers to esp8266.o(.data) for esp8266_cnt
    esp8266.o(.text) refers to esp8266.o(.conststring) for .conststring
    esp8266.o(.data) refers to esp8266.o(.conststring) for .conststring
    entry.o(.ARM.Collect$$$$00000000) refers (Special) to entry10a.o(.ARM.Collect$$$$0000000D) for __rt_final_cpp
    entry.o(.ARM.Collect$$$$00000000) refers (Special) to entry11a.o(.ARM.Collect$$$$0000000F) for __rt_final_exit
    entry.o(.ARM.Collect$$$$00000000) refers (Special) to entry7b.o(.ARM.Collect$$$$00000008) for _main_clock
    entry.o(.ARM.Collect$$$$00000000) refers (Special) to entry8b.o(.ARM.Collect$$$$0000000A) for _main_cpp_init
    entry.o(.ARM.Collect$$$$00000000) refers (Special) to entry9a.o(.ARM.Collect$$$$0000000B) for _main_init
    entry.o(.ARM.Collect$$$$00000000) refers (Special) to entry5.o(.ARM.Collect$$$$00000004) for _main_scatterload
    entry.o(.ARM.Collect$$$$00000000) refers (Special) to entry2.o(.ARM.Collect$$$$00000001) for _main_stk
    printfb.o(i.__0fprintf$bare) refers to printfb.o(i._printf_core) for _printf_core
    printfb.o(i.__0fprintf$bare) refers to usart.o(.text) for fputc
    printfb.o(i.__0printf$bare) refers to printfb.o(i._printf_core) for _printf_core
    printfb.o(i.__0printf$bare) refers to usart.o(.text) for fputc
    printfb.o(i.__0printf$bare) refers to usart.o(.data) for __stdout
    printfb.o(i.__0snprintf$bare) refers to printfb.o(i._printf_core) for _printf_core
    printfb.o(i.__0snprintf$bare) refers to printfb.o(i._snputc) for _snputc
    printfb.o(i.__0sprintf$bare) refers to printfb.o(i._printf_core) for _printf_core
    printfb.o(i.__0sprintf$bare) refers to printfb.o(i._sputc) for _sputc
    printfb.o(i.__0vfprintf$bare) refers to printfb.o(i._printf_core) for _printf_core
    printfb.o(i.__0vfprintf$bare) refers to usart.o(.text) for fputc
    printfb.o(i.__0vprintf$bare) refers to printfb.o(i._printf_core) for _printf_core
    printfb.o(i.__0vprintf$bare) refers to usart.o(.text) for fputc
    printfb.o(i.__0vprintf$bare) refers to usart.o(.data) for __stdout
    printfb.o(i.__0vsnprintf$bare) refers to printfb.o(i._printf_core) for _printf_core
    printfb.o(i.__0vsnprintf$bare) refers to printfb.o(i._snputc) for _snputc
    printfb.o(i.__0vsprintf$bare) refers to printfb.o(i._printf_core) for _printf_core
    printfb.o(i.__0vsprintf$bare) refers to printfb.o(i._sputc) for _sputc
    printf0.o(i.__0fprintf$0) refers to printf0.o(i._printf_core) for _printf_core
    printf0.o(i.__0fprintf$0) refers to usart.o(.text) for fputc
    printf0.o(i.__0printf$0) refers to printf0.o(i._printf_core) for _printf_core
    printf0.o(i.__0printf$0) refers to usart.o(.text) for fputc
    printf0.o(i.__0printf$0) refers to usart.o(.data) for __stdout
    printf0.o(i.__0snprintf$0) refers to printf0.o(i._printf_core) for _printf_core
    printf0.o(i.__0snprintf$0) refers to printf0.o(i._snputc) for _snputc
    printf0.o(i.__0sprintf$0) refers to printf0.o(i._printf_core) for _printf_core
    printf0.o(i.__0sprintf$0) refers to printf0.o(i._sputc) for _sputc
    printf0.o(i.__0vfprintf$0) refers to printf0.o(i._printf_core) for _printf_core
    printf0.o(i.__0vfprintf$0) refers to usart.o(.text) for fputc
    printf0.o(i.__0vprintf$0) refers to printf0.o(i._printf_core) for _printf_core
    printf0.o(i.__0vprintf$0) refers to usart.o(.text) for fputc
    printf0.o(i.__0vprintf$0) refers to usart.o(.data) for __stdout
    printf0.o(i.__0vsnprintf$0) refers to printf0.o(i._printf_core) for _printf_core
    printf0.o(i.__0vsnprintf$0) refers to printf0.o(i._snputc) for _snputc
    printf0.o(i.__0vsprintf$0) refers to printf0.o(i._printf_core) for _printf_core
    printf0.o(i.__0vsprintf$0) refers to printf0.o(i._sputc) for _sputc
    printf1.o(i.__0fprintf$1) refers to printf1.o(i._printf_core) for _printf_core
    printf1.o(i.__0fprintf$1) refers to usart.o(.text) for fputc
    printf1.o(i.__0printf$1) refers to printf1.o(i._printf_core) for _printf_core
    printf1.o(i.__0printf$1) refers to usart.o(.text) for fputc
    printf1.o(i.__0printf$1) refers to usart.o(.data) for __stdout
    printf1.o(i.__0snprintf$1) refers to printf1.o(i._printf_core) for _printf_core
    printf1.o(i.__0snprintf$1) refers to printf1.o(i._snputc) for _snputc
    printf1.o(i.__0sprintf$1) refers to printf1.o(i._printf_core) for _printf_core
    printf1.o(i.__0sprintf$1) refers to printf1.o(i._sputc) for _sputc
    printf1.o(i.__0vfprintf$1) refers to printf1.o(i._printf_core) for _printf_core
    printf1.o(i.__0vfprintf$1) refers to usart.o(.text) for fputc
    printf1.o(i.__0vprintf$1) refers to printf1.o(i._printf_core) for _printf_core
    printf1.o(i.__0vprintf$1) refers to usart.o(.text) for fputc
    printf1.o(i.__0vprintf$1) refers to usart.o(.data) for __stdout
    printf1.o(i.__0vsnprintf$1) refers to printf1.o(i._printf_core) for _printf_core
    printf1.o(i.__0vsnprintf$1) refers to printf1.o(i._snputc) for _snputc
    printf1.o(i.__0vsprintf$1) refers to printf1.o(i._printf_core) for _printf_core
    printf1.o(i.__0vsprintf$1) refers to printf1.o(i._sputc) for _sputc
    printf1.o(i._printf_core) refers to uidiv.o(.text) for __aeabi_uidivmod
    printf2.o(i.__0fprintf$2) refers to printf2.o(i._printf_core) for _printf_core
    printf2.o(i.__0fprintf$2) refers to usart.o(.text) for fputc
    printf2.o(i.__0printf$2) refers to printf2.o(i._printf_core) for _printf_core
    printf2.o(i.__0printf$2) refers to usart.o(.text) for fputc
    printf2.o(i.__0printf$2) refers to usart.o(.data) for __stdout
    printf2.o(i.__0snprintf$2) refers to printf2.o(i._printf_core) for _printf_core
    printf2.o(i.__0snprintf$2) refers to printf2.o(i._snputc) for _snputc
    printf2.o(i.__0sprintf$2) refers to printf2.o(i._printf_core) for _printf_core
    printf2.o(i.__0sprintf$2) refers to printf2.o(i._sputc) for _sputc
    printf2.o(i.__0vfprintf$2) refers to printf2.o(i._printf_core) for _printf_core
    printf2.o(i.__0vfprintf$2) refers to usart.o(.text) for fputc
    printf2.o(i.__0vprintf$2) refers to printf2.o(i._printf_core) for _printf_core
    printf2.o(i.__0vprintf$2) refers to usart.o(.text) for fputc
    printf2.o(i.__0vprintf$2) refers to usart.o(.data) for __stdout
    printf2.o(i.__0vsnprintf$2) refers to printf2.o(i._printf_core) for _printf_core
    printf2.o(i.__0vsnprintf$2) refers to printf2.o(i._snputc) for _snputc
    printf2.o(i.__0vsprintf$2) refers to printf2.o(i._printf_core) for _printf_core
    printf2.o(i.__0vsprintf$2) refers to printf2.o(i._sputc) for _sputc
    printf3.o(i.__0fprintf$3) refers to printf3.o(i._printf_core) for _printf_core
    printf3.o(i.__0fprintf$3) refers to usart.o(.text) for fputc
    printf3.o(i.__0printf$3) refers to printf3.o(i._printf_core) for _printf_core
    printf3.o(i.__0printf$3) refers to usart.o(.text) for fputc
    printf3.o(i.__0printf$3) refers to usart.o(.data) for __stdout
    printf3.o(i.__0snprintf$3) refers to printf3.o(i._printf_core) for _printf_core
    printf3.o(i.__0snprintf$3) refers to printf3.o(i._snputc) for _snputc
    printf3.o(i.__0sprintf$3) refers to printf3.o(i._printf_core) for _printf_core
    printf3.o(i.__0sprintf$3) refers to printf3.o(i._sputc) for _sputc
    printf3.o(i.__0vfprintf$3) refers to printf3.o(i._printf_core) for _printf_core
    printf3.o(i.__0vfprintf$3) refers to usart.o(.text) for fputc
    printf3.o(i.__0vprintf$3) refers to printf3.o(i._printf_core) for _printf_core
    printf3.o(i.__0vprintf$3) refers to usart.o(.text) for fputc
    printf3.o(i.__0vprintf$3) refers to usart.o(.data) for __stdout
    printf3.o(i.__0vsnprintf$3) refers to printf3.o(i._printf_core) for _printf_core
    printf3.o(i.__0vsnprintf$3) refers to printf3.o(i._snputc) for _snputc
    printf3.o(i.__0vsprintf$3) refers to printf3.o(i._printf_core) for _printf_core
    printf3.o(i.__0vsprintf$3) refers to printf3.o(i._sputc) for _sputc
    printf3.o(i._printf_core) refers to uidiv.o(.text) for __aeabi_uidivmod
    printf4.o(i.__0fprintf$4) refers to printf4.o(i._printf_core) for _printf_core
    printf4.o(i.__0fprintf$4) refers to usart.o(.text) for fputc
    printf4.o(i.__0printf$4) refers to printf4.o(i._printf_core) for _printf_core
    printf4.o(i.__0printf$4) refers to usart.o(.text) for fputc
    printf4.o(i.__0printf$4) refers to usart.o(.data) for __stdout
    printf4.o(i.__0snprintf$4) refers to printf4.o(i._printf_core) for _printf_core
    printf4.o(i.__0snprintf$4) refers to printf4.o(i._snputc) for _snputc
    printf4.o(i.__0sprintf$4) refers to printf4.o(i._printf_core) for _printf_core
    printf4.o(i.__0sprintf$4) refers to printf4.o(i._sputc) for _sputc
    printf4.o(i.__0vfprintf$4) refers to printf4.o(i._printf_core) for _printf_core
    printf4.o(i.__0vfprintf$4) refers to usart.o(.text) for fputc
    printf4.o(i.__0vprintf$4) refers to printf4.o(i._printf_core) for _printf_core
    printf4.o(i.__0vprintf$4) refers to usart.o(.text) for fputc
    printf4.o(i.__0vprintf$4) refers to usart.o(.data) for __stdout
    printf4.o(i.__0vsnprintf$4) refers to printf4.o(i._printf_core) for _printf_core
    printf4.o(i.__0vsnprintf$4) refers to printf4.o(i._snputc) for _snputc
    printf4.o(i.__0vsprintf$4) refers to printf4.o(i._printf_core) for _printf_core
    printf4.o(i.__0vsprintf$4) refers to printf4.o(i._sputc) for _sputc
    printf4.o(i._printf_core) refers to uldiv.o(.text) for __aeabi_uldivmod
    printf5.o(i.__0fprintf$5) refers to printf5.o(i._printf_core) for _printf_core
    printf5.o(i.__0fprintf$5) refers to usart.o(.text) for fputc
    printf5.o(i.__0printf$5) refers to printf5.o(i._printf_core) for _printf_core
    printf5.o(i.__0printf$5) refers to usart.o(.text) for fputc
    printf5.o(i.__0printf$5) refers to usart.o(.data) for __stdout
    printf5.o(i.__0snprintf$5) refers to printf5.o(i._printf_core) for _printf_core
    printf5.o(i.__0snprintf$5) refers to printf5.o(i._snputc) for _snputc
    printf5.o(i.__0sprintf$5) refers to printf5.o(i._printf_core) for _printf_core
    printf5.o(i.__0sprintf$5) refers to printf5.o(i._sputc) for _sputc
    printf5.o(i.__0vfprintf$5) refers to printf5.o(i._printf_core) for _printf_core
    printf5.o(i.__0vfprintf$5) refers to usart.o(.text) for fputc
    printf5.o(i.__0vprintf$5) refers to printf5.o(i._printf_core) for _printf_core
    printf5.o(i.__0vprintf$5) refers to usart.o(.text) for fputc
    printf5.o(i.__0vprintf$5) refers to usart.o(.data) for __stdout
    printf5.o(i.__0vsnprintf$5) refers to printf5.o(i._printf_core) for _printf_core
    printf5.o(i.__0vsnprintf$5) refers to printf5.o(i._snputc) for _snputc
    printf5.o(i.__0vsprintf$5) refers to printf5.o(i._printf_core) for _printf_core
    printf5.o(i.__0vsprintf$5) refers to printf5.o(i._sputc) for _sputc
    printf5.o(i._printf_core) refers to uldiv.o(.text) for __aeabi_uldivmod
    printf6.o(i.__0fprintf$6) refers to printf6.o(i._printf_core) for _printf_core
    printf6.o(i.__0fprintf$6) refers to usart.o(.text) for fputc
    printf6.o(i.__0printf$6) refers to printf6.o(i._printf_core) for _printf_core
    printf6.o(i.__0printf$6) refers to usart.o(.text) for fputc
    printf6.o(i.__0printf$6) refers to usart.o(.data) for __stdout
    printf6.o(i.__0snprintf$6) refers to printf6.o(i._printf_core) for _printf_core
    printf6.o(i.__0snprintf$6) refers to printf6.o(i._snputc) for _snputc
    printf6.o(i.__0sprintf$6) refers to printf6.o(i._printf_core) for _printf_core
    printf6.o(i.__0sprintf$6) refers to printf6.o(i._sputc) for _sputc
    printf6.o(i.__0vfprintf$6) refers to printf6.o(i._printf_core) for _printf_core
    printf6.o(i.__0vfprintf$6) refers to usart.o(.text) for fputc
    printf6.o(i.__0vprintf$6) refers to printf6.o(i._printf_core) for _printf_core
    printf6.o(i.__0vprintf$6) refers to usart.o(.text) for fputc
    printf6.o(i.__0vprintf$6) refers to usart.o(.data) for __stdout
    printf6.o(i.__0vsnprintf$6) refers to printf6.o(i._printf_core) for _printf_core
    printf6.o(i.__0vsnprintf$6) refers to printf6.o(i._snputc) for _snputc
    printf6.o(i.__0vsprintf$6) refers to printf6.o(i._printf_core) for _printf_core
    printf6.o(i.__0vsprintf$6) refers to printf6.o(i._sputc) for _sputc
    printf6.o(i._printf_core) refers to printf6.o(i._printf_pre_padding) for _printf_pre_padding
    printf6.o(i._printf_core) refers to uidiv.o(.text) for __aeabi_uidivmod
    printf6.o(i._printf_core) refers to printf6.o(i._printf_post_padding) for _printf_post_padding
    printf7.o(i.__0fprintf$7) refers to printf7.o(i._printf_core) for _printf_core
    printf7.o(i.__0fprintf$7) refers to usart.o(.text) for fputc
    printf7.o(i.__0printf$7) refers to printf7.o(i._printf_core) for _printf_core
    printf7.o(i.__0printf$7) refers to usart.o(.text) for fputc
    printf7.o(i.__0printf$7) refers to usart.o(.data) for __stdout
    printf7.o(i.__0snprintf$7) refers to printf7.o(i._printf_core) for _printf_core
    printf7.o(i.__0snprintf$7) refers to printf7.o(i._snputc) for _snputc
    printf7.o(i.__0sprintf$7) refers to printf7.o(i._printf_core) for _printf_core
    printf7.o(i.__0sprintf$7) refers to printf7.o(i._sputc) for _sputc
    printf7.o(i.__0vfprintf$7) refers to printf7.o(i._printf_core) for _printf_core
    printf7.o(i.__0vfprintf$7) refers to usart.o(.text) for fputc
    printf7.o(i.__0vprintf$7) refers to printf7.o(i._printf_core) for _printf_core
    printf7.o(i.__0vprintf$7) refers to usart.o(.text) for fputc
    printf7.o(i.__0vprintf$7) refers to usart.o(.data) for __stdout
    printf7.o(i.__0vsnprintf$7) refers to printf7.o(i._printf_core) for _printf_core
    printf7.o(i.__0vsnprintf$7) refers to printf7.o(i._snputc) for _snputc
    printf7.o(i.__0vsprintf$7) refers to printf7.o(i._printf_core) for _printf_core
    printf7.o(i.__0vsprintf$7) refers to printf7.o(i._sputc) for _sputc
    printf7.o(i._printf_core) refers to printf7.o(i._printf_pre_padding) for _printf_pre_padding
    printf7.o(i._printf_core) refers to uldiv.o(.text) for __aeabi_uldivmod
    printf7.o(i._printf_core) refers to printf7.o(i._printf_post_padding) for _printf_post_padding
    printf8.o(i.__0fprintf$8) refers to printf8.o(i._printf_core) for _printf_core
    printf8.o(i.__0fprintf$8) refers to usart.o(.text) for fputc
    printf8.o(i.__0printf$8) refers to printf8.o(i._printf_core) for _printf_core
    printf8.o(i.__0printf$8) refers to usart.o(.text) for fputc
    printf8.o(i.__0printf$8) refers to usart.o(.data) for __stdout
    printf8.o(i.__0snprintf$8) refers to printf8.o(i._printf_core) for _printf_core
    printf8.o(i.__0snprintf$8) refers to printf8.o(i._snputc) for _snputc
    printf8.o(i.__0sprintf$8) refers to printf8.o(i._printf_core) for _printf_core
    printf8.o(i.__0sprintf$8) refers to printf8.o(i._sputc) for _sputc
    printf8.o(i.__0vfprintf$8) refers to printf8.o(i._printf_core) for _printf_core
    printf8.o(i.__0vfprintf$8) refers to usart.o(.text) for fputc
    printf8.o(i.__0vprintf$8) refers to printf8.o(i._printf_core) for _printf_core
    printf8.o(i.__0vprintf$8) refers to usart.o(.text) for fputc
    printf8.o(i.__0vprintf$8) refers to usart.o(.data) for __stdout
    printf8.o(i.__0vsnprintf$8) refers to printf8.o(i._printf_core) for _printf_core
    printf8.o(i.__0vsnprintf$8) refers to printf8.o(i._snputc) for _snputc
    printf8.o(i.__0vsprintf$8) refers to printf8.o(i._printf_core) for _printf_core
    printf8.o(i.__0vsprintf$8) refers to printf8.o(i._sputc) for _sputc
    printf8.o(i._printf_core) refers to printf8.o(i._printf_pre_padding) for _printf_pre_padding
    printf8.o(i._printf_core) refers to uldiv.o(.text) for __aeabi_uldivmod
    printf8.o(i._printf_core) refers to printf8.o(i._printf_post_padding) for _printf_post_padding
    printfa.o(i.__0fprintf) refers (Special) to iusefp.o(.text) for __I$use$fp
    printfa.o(i.__0fprintf) refers to printfa.o(i._printf_core) for _printf_core
    printfa.o(i.__0fprintf) refers to usart.o(.text) for fputc
    printfa.o(i.__0printf) refers (Special) to iusefp.o(.text) for __I$use$fp
    printfa.o(i.__0printf) refers to printfa.o(i._printf_core) for _printf_core
    printfa.o(i.__0printf) refers to usart.o(.text) for fputc
    printfa.o(i.__0printf) refers to usart.o(.data) for __stdout
    printfa.o(i.__0snprintf) refers (Special) to iusefp.o(.text) for __I$use$fp
    printfa.o(i.__0snprintf) refers to printfa.o(i._printf_core) for _printf_core
    printfa.o(i.__0snprintf) refers to printfa.o(i._snputc) for _snputc
    printfa.o(i.__0sprintf) refers (Special) to iusefp.o(.text) for __I$use$fp
    printfa.o(i.__0sprintf) refers to printfa.o(i._printf_core) for _printf_core
    printfa.o(i.__0sprintf) refers to printfa.o(i._sputc) for _sputc
    printfa.o(i.__0vfprintf) refers (Special) to iusefp.o(.text) for __I$use$fp
    printfa.o(i.__0vfprintf) refers to printfa.o(i._printf_core) for _printf_core
    printfa.o(i.__0vfprintf) refers to usart.o(.text) for fputc
    printfa.o(i.__0vprintf) refers (Special) to iusefp.o(.text) for __I$use$fp
    printfa.o(i.__0vprintf) refers to printfa.o(i._printf_core) for _printf_core
    printfa.o(i.__0vprintf) refers to usart.o(.text) for fputc
    printfa.o(i.__0vprintf) refers to usart.o(.data) for __stdout
    printfa.o(i.__0vsnprintf) refers (Special) to iusefp.o(.text) for __I$use$fp
    printfa.o(i.__0vsnprintf) refers to printfa.o(i._printf_core) for _printf_core
    printfa.o(i.__0vsnprintf) refers to printfa.o(i._snputc) for _snputc
    printfa.o(i.__0vsprintf) refers (Special) to iusefp.o(.text) for __I$use$fp
    printfa.o(i.__0vsprintf) refers to printfa.o(i._printf_core) for _printf_core
    printfa.o(i.__0vsprintf) refers to printfa.o(i._sputc) for _sputc
    printfa.o(i._fp_digits) refers (Special) to iusefp.o(.text) for __I$use$fp
    printfa.o(i._fp_digits) refers to dmul.o(.text) for __aeabi_dmul
    printfa.o(i._fp_digits) refers to ddiv.o(.text) for __aeabi_ddiv
    printfa.o(i._fp_digits) refers to cdrcmple.o(.text) for __aeabi_cdrcmple
    printfa.o(i._fp_digits) refers to dadd.o(.text) for __aeabi_dadd
    printfa.o(i._fp_digits) refers to dfixul.o(.text) for __aeabi_d2ulz
    printfa.o(i._fp_digits) refers to uldiv.o(.text) for __aeabi_uldivmod
    printfa.o(i._printf_core) refers (Special) to iusefp.o(.text) for __I$use$fp
    printfa.o(i._printf_core) refers to printfa.o(i._printf_pre_padding) for _printf_pre_padding
    printfa.o(i._printf_core) refers to uldiv.o(.text) for __aeabi_uldivmod
    printfa.o(i._printf_core) refers to printfa.o(i._printf_post_padding) for _printf_post_padding
    printfa.o(i._printf_core) refers to printfa.o(i._fp_digits) for _fp_digits
    printfa.o(i._printf_core) refers to uidiv.o(.text) for __aeabi_uidivmod
    printfa.o(i._printf_post_padding) refers (Special) to iusefp.o(.text) for __I$use$fp
    printfa.o(i._printf_pre_padding) refers (Special) to iusefp.o(.text) for __I$use$fp
    printfa.o(i._snputc) refers (Special) to iusefp.o(.text) for __I$use$fp
    printfa.o(i._sputc) refers (Special) to iusefp.o(.text) for __I$use$fp
    dadd.o(.text) refers (Special) to iusefp.o(.text) for __I$use$fp
    dadd.o(.text) refers to llshl.o(.text) for __aeabi_llsl
    dadd.o(.text) refers to llsshr.o(.text) for __aeabi_lasr
    dadd.o(.text) refers to depilogue.o(.text) for _double_epilogue
    dmul.o(.text) refers (Special) to iusefp.o(.text) for __I$use$fp
    dmul.o(.text) refers to depilogue.o(.text) for _double_epilogue
    ddiv.o(.text) refers (Special) to iusefp.o(.text) for __I$use$fp
    ddiv.o(.text) refers to depilogue.o(.text) for _double_round
    ffltui.o(.text) refers (Special) to iusefp.o(.text) for __I$use$fp
    ffltui.o(.text) refers to fepilogue.o(.text) for _float_epilogue
    dflti.o(.text) refers (Special) to iusefp.o(.text) for __I$use$fp
    dflti.o(.text) refers to depilogue.o(.text) for _double_epilogue
    dfltui.o(.text) refers (Special) to iusefp.o(.text) for __I$use$fp
    dfltui.o(.text) refers to depilogue.o(.text) for _double_epilogue
    dfixi.o(.text) refers (Special) to iusefp.o(.text) for __I$use$fp
    dfixi.o(.text) refers to llushr.o(.text) for __aeabi_llsr
    f2d.o(.text) refers (Special) to iusefp.o(.text) for __I$use$fp
    cdrcmple.o(.text) refers (Special) to iusefp.o(.text) for __I$use$fp
    entry2.o(.ARM.Collect$$$$00000001) refers to entry2.o(.ARM.Collect$$$$00002712) for __lit__00000000
    entry2.o(.ARM.Collect$$$$00002712) refers to startup_stm32f10x_hd.o(STACK) for __initial_sp
    entry2.o(__vectab_stack_and_reset_area) refers to startup_stm32f10x_hd.o(STACK) for __initial_sp
    entry2.o(__vectab_stack_and_reset_area) refers to entry.o(.ARM.Collect$$$$00000000) for __main
    entry5.o(.ARM.Collect$$$$00000004) refers to init.o(.text) for __scatterload
    entry9a.o(.ARM.Collect$$$$0000000B) refers to main.o(.text) for main
    entry9b.o(.ARM.Collect$$$$0000000C) refers to main.o(.text) for main
    uldiv.o(.text) refers to llushr.o(.text) for __aeabi_llsr
    uldiv.o(.text) refers to llshl.o(.text) for __aeabi_llsl
    depilogue.o(.text) refers to llshl.o(.text) for __aeabi_llsl
    depilogue.o(.text) refers to llushr.o(.text) for __aeabi_llsr
    dfixul.o(.text) refers to llushr.o(.text) for __aeabi_llsr
    dfixul.o(.text) refers to llshl.o(.text) for __aeabi_llsl
    init.o(.text) refers to entry5.o(.ARM.Collect$$$$00000004) for __main_after_scatterload


==============================================================================

Removing Unused input sections from the image.

    Removing startup_stm32f10x_hd.o(HEAP), (512 bytes).

1 unused section(s) (total 512 bytes) removed from the image.

==============================================================================

Image Symbol Table

    Local Symbols

    Symbol Name                              Value     Ov Type        Size  Object(Section)

    ../clib/microlib/division.c              0x00000000   Number         0  uldiv.o ABSOLUTE
    ../clib/microlib/division.c              0x00000000   Number         0  uidiv.o ABSOLUTE
    ../clib/microlib/init/entry.s            0x00000000   Number         0  entry11b.o ABSOLUTE
    ../clib/microlib/init/entry.s            0x00000000   Number         0  entry11a.o ABSOLUTE
    ../clib/microlib/init/entry.s            0x00000000   Number         0  entry10b.o ABSOLUTE
    ../clib/microlib/init/entry.s            0x00000000   Number         0  entry.o ABSOLUTE
    ../clib/microlib/init/entry.s            0x00000000   Number         0  entry2.o ABSOLUTE
    ../clib/microlib/init/entry.s            0x00000000   Number         0  entry5.o ABSOLUTE
    ../clib/microlib/init/entry.s            0x00000000   Number         0  entry7a.o ABSOLUTE
    ../clib/microlib/init/entry.s            0x00000000   Number         0  entry7b.o ABSOLUTE
    ../clib/microlib/init/entry.s            0x00000000   Number         0  entry8a.o ABSOLUTE
    ../clib/microlib/init/entry.s            0x00000000   Number         0  entry8b.o ABSOLUTE
    ../clib/microlib/init/entry.s            0x00000000   Number         0  entry10a.o ABSOLUTE
    ../clib/microlib/init/entry.s            0x00000000   Number         0  entry9a.o ABSOLUTE
    ../clib/microlib/init/entry.s            0x00000000   Number         0  entry9b.o ABSOLUTE
    ../clib/microlib/longlong.c              0x00000000   Number         0  llushr.o ABSOLUTE
    ../clib/microlib/longlong.c              0x00000000   Number         0  llshl.o ABSOLUTE
    ../clib/microlib/longlong.c              0x00000000   Number         0  llsshr.o ABSOLUTE
    ../clib/microlib/printf/printf.c         0x00000000   Number         0  printf5.o ABSOLUTE
    ../clib/microlib/printf/printf.c         0x00000000   Number         0  printfa.o ABSOLUTE
    ../clib/microlib/printf/printf.c         0x00000000   Number         0  printfb.o ABSOLUTE
    ../clib/microlib/printf/printf.c         0x00000000   Number         0  printf0.o ABSOLUTE
    ../clib/microlib/printf/printf.c         0x00000000   Number         0  printf1.o ABSOLUTE
    ../clib/microlib/printf/printf.c         0x00000000   Number         0  printf2.o ABSOLUTE
    ../clib/microlib/printf/printf.c         0x00000000   Number         0  printf3.o ABSOLUTE
    ../clib/microlib/printf/printf.c         0x00000000   Number         0  printf4.o ABSOLUTE
    ../clib/microlib/printf/printf.c         0x00000000   Number         0  printf6.o ABSOLUTE
    ../clib/microlib/printf/printf.c         0x00000000   Number         0  printf7.o ABSOLUTE
    ../clib/microlib/printf/printf.c         0x00000000   Number         0  printf8.o ABSOLUTE
    ../clib/microlib/printf/stubs.s          0x00000000   Number         0  stubs.o ABSOLUTE
    ../clib/microlib/string/memset.c         0x00000000   Number         0  memseta.o ABSOLUTE
    ../clib/microlib/string/strlen.c         0x00000000   Number         0  strlen.o ABSOLUTE
    ../clib/microlib/string/strstr.c         0x00000000   Number         0  strstr.o ABSOLUTE
    ../clib/microlib/stubs.s                 0x00000000   Number         0  useno.o ABSOLUTE
    ../clib/microlib/stubs.s                 0x00000000   Number         0  iusefp.o ABSOLUTE
    ../fplib/microlib/f2d.c                  0x00000000   Number         0  f2d.o ABSOLUTE
    ../fplib/microlib/fpadd.c                0x00000000   Number         0  dadd.o ABSOLUTE
    ../fplib/microlib/fpdiv.c                0x00000000   Number         0  ddiv.o ABSOLUTE
    ../fplib/microlib/fpepilogue.c           0x00000000   Number         0  fepilogue.o ABSOLUTE
    ../fplib/microlib/fpepilogue.c           0x00000000   Number         0  depilogue.o ABSOLUTE
    ../fplib/microlib/fpfix.c                0x00000000   Number         0  dfixi.o ABSOLUTE
    ../fplib/microlib/fpfix.c                0x00000000   Number         0  dfixul.o ABSOLUTE
    ../fplib/microlib/fpflt.c                0x00000000   Number         0  ffltui.o ABSOLUTE
    ../fplib/microlib/fpflt.c                0x00000000   Number         0  dflti.o ABSOLUTE
    ../fplib/microlib/fpflt.c                0x00000000   Number         0  dfltui.o ABSOLUTE
    ../fplib/microlib/fpmul.c                0x00000000   Number         0  dmul.o ABSOLUTE
    ..\CORE\core_cm3.c                       0x00000000   Number         0  core_cm3.o ABSOLUTE
    ..\CORE\startup_stm32f10x_hd.s           0x00000000   Number         0  startup_stm32f10x_hd.o ABSOLUTE
    ..\HARDWARE\ADC\adc.c                    0x00000000   Number         0  adc.o ABSOLUTE
    ..\HARDWARE\DHT11\dht11.c                0x00000000   Number         0  dht11.o ABSOLUTE
    ..\HARDWARE\LED\led.c                    0x00000000   Number         0  led.o ABSOLUTE
    ..\HARDWARE\LSENS\lsens.c                0x00000000   Number         0  lsens.o ABSOLUTE
    ..\NET\ESP8266\esp8266.c                 0x00000000   Number         0  esp8266.o ABSOLUTE
    ..\STM32F10x_FWLib\src\misc.c            0x00000000   Number         0  misc.o ABSOLUTE
    ..\STM32F10x_FWLib\src\stm32f10x_adc.c   0x00000000   Number         0  stm32f10x_adc.o ABSOLUTE
    ..\STM32F10x_FWLib\src\stm32f10x_gpio.c  0x00000000   Number         0  stm32f10x_gpio.o ABSOLUTE
    ..\STM32F10x_FWLib\src\stm32f10x_rcc.c   0x00000000   Number         0  stm32f10x_rcc.o ABSOLUTE
    ..\STM32F10x_FWLib\src\stm32f10x_usart.c 0x00000000   Number         0  stm32f10x_usart.o ABSOLUTE
    ..\SYSTEM\delay\delay.c                  0x00000000   Number         0  delay.o ABSOLUTE
    ..\SYSTEM\sys\sys.c                      0x00000000   Number         0  sys.o ABSOLUTE
    ..\SYSTEM\usart\usart.c                  0x00000000   Number         0  usart.o ABSOLUTE
    ..\\CORE\\core_cm3.c                     0x00000000   Number         0  core_cm3.o ABSOLUTE
    MQ7.c                                    0x00000000   Number         0  mq7.o ABSOLUTE
    beep.c                                   0x00000000   Number         0  beep.o ABSOLUTE
    cdrcmple.s                               0x00000000   Number         0  cdrcmple.o ABSOLUTE
    dc.s                                     0x00000000   Number         0  dc.o ABSOLUTE
    handlers.s                               0x00000000   Number         0  handlers.o ABSOLUTE
    init.s                                   0x00000000   Number         0  init.o ABSOLUTE
    main.c                                   0x00000000   Number         0  main.o ABSOLUTE
    stm32f10x_it.c                           0x00000000   Number         0  stm32f10x_it.o ABSOLUTE
    system_stm32f10x.c                       0x00000000   Number         0  system_stm32f10x.o ABSOLUTE
    RESET                                    0x08000000   Section      304  startup_stm32f10x_hd.o(RESET)
    .ARM.Collect$$$$00000000                 0x08000130   Section        0  entry.o(.ARM.Collect$$$$00000000)
    .ARM.Collect$$$$00000001                 0x08000130   Section        4  entry2.o(.ARM.Collect$$$$00000001)
    .ARM.Collect$$$$00000004                 0x08000134   Section        4  entry5.o(.ARM.Collect$$$$00000004)
    .ARM.Collect$$$$00000008                 0x08000138   Section        0  entry7b.o(.ARM.Collect$$$$00000008)
    .ARM.Collect$$$$0000000A                 0x08000138   Section        0  entry8b.o(.ARM.Collect$$$$0000000A)
    .ARM.Collect$$$$0000000B                 0x08000138   Section        8  entry9a.o(.ARM.Collect$$$$0000000B)
    .ARM.Collect$$$$0000000D                 0x08000140   Section        0  entry10a.o(.ARM.Collect$$$$0000000D)
    .ARM.Collect$$$$0000000F                 0x08000140   Section        0  entry11a.o(.ARM.Collect$$$$0000000F)
    .ARM.Collect$$$$00002712                 0x08000140   Section        4  entry2.o(.ARM.Collect$$$$00002712)
    __lit__00000000                          0x08000140   Data           4  entry2.o(.ARM.Collect$$$$00002712)
    .emb_text                                0x08000144   Section       32  core_cm3.o(.emb_text)
    .text                                    0x08000164   Section        0  main.o(.text)
    .text                                    0x08000520   Section        0  stm32f10x_it.o(.text)
    .text                                    0x0800053c   Section        0  system_stm32f10x.o(.text)
    SetSysClockTo72                          0x0800053d   Thumb Code   214  system_stm32f10x.o(.text)
    SetSysClock                              0x08000613   Thumb Code     8  system_stm32f10x.o(.text)
    .text                                    0x0800071c   Section        0  led.o(.text)
    .text                                    0x08000784   Section        0  dht11.o(.text)
    .text                                    0x08000948   Section        0  lsens.o(.text)
    .text                                    0x080009b0   Section        0  adc.o(.text)
    .text                                    0x08000be0   Section        0  mq7.o(.text)
    .text                                    0x08000c18   Section        0  beep.o(.text)
    .text                                    0x08000c54   Section        0  delay.o(.text)
    .text                                    0x08000d28   Section        0  sys.o(.text)
    sys_nvic_priority_group_config           0x08000d41   Thumb Code    36  sys.o(.text)
    .text                                    0x080011e4   Section        0  usart.o(.text)
    .text                                    0x0800156c   Section       36  startup_stm32f10x_hd.o(.text)
    .text                                    0x08001590   Section        0  misc.o(.text)
    .text                                    0x0800166c   Section        0  stm32f10x_gpio.o(.text)
    .text                                    0x080019c8   Section        0  stm32f10x_rcc.o(.text)
    .text                                    0x08001d6c   Section        0  stm32f10x_usart.o(.text)
    .text                                    0x08002174   Section        0  stm32f10x_adc.o(.text)
    .text                                    0x080025c4   Section        0  esp8266.o(.text)
    .text                                    0x080028d8   Section        0  memseta.o(.text)
    .text                                    0x080028fc   Section        0  strstr.o(.text)
    .text                                    0x08002920   Section        0  strlen.o(.text)
    .text                                    0x0800292e   Section        0  dadd.o(.text)
    .text                                    0x08002a7c   Section        0  dmul.o(.text)
    .text                                    0x08002b60   Section        0  ddiv.o(.text)
    .text                                    0x08002c3e   Section        0  ffltui.o(.text)
    .text                                    0x08002c48   Section        0  dflti.o(.text)
    .text                                    0x08002c6a   Section        0  dfltui.o(.text)
    .text                                    0x08002c84   Section        0  dfixi.o(.text)
    .text                                    0x08002cc2   Section        0  f2d.o(.text)
    .text                                    0x08002ce8   Section       48  cdrcmple.o(.text)
    .text                                    0x08002d18   Section        0  uidiv.o(.text)
    .text                                    0x08002d44   Section        0  uldiv.o(.text)
    .text                                    0x08002da6   Section        0  llshl.o(.text)
    .text                                    0x08002dc4   Section        0  llushr.o(.text)
    .text                                    0x08002de4   Section        0  llsshr.o(.text)
    .text                                    0x08002e08   Section        0  iusefp.o(.text)
    .text                                    0x08002e08   Section        0  fepilogue.o(.text)
    .text                                    0x08002e76   Section        0  depilogue.o(.text)
    .text                                    0x08002f30   Section        0  dfixul.o(.text)
    .text                                    0x08002f60   Section       36  init.o(.text)
    i.__0printf                              0x08002f84   Section        0  printfa.o(i.__0printf)
    i.__0sprintf                             0x08002fa4   Section        0  printfa.o(i.__0sprintf)
    i.__scatterload_copy                     0x08002fcc   Section       14  handlers.o(i.__scatterload_copy)
    i.__scatterload_null                     0x08002fda   Section        2  handlers.o(i.__scatterload_null)
    i.__scatterload_zeroinit                 0x08002fdc   Section       14  handlers.o(i.__scatterload_zeroinit)
    i._fp_digits                             0x08002fec   Section        0  printfa.o(i._fp_digits)
    _fp_digits                               0x08002fed   Thumb Code   334  printfa.o(i._fp_digits)
    i._printf_core                           0x08003150   Section        0  printfa.o(i._printf_core)
    _printf_core                             0x08003151   Thumb Code  1744  printfa.o(i._printf_core)
    i._printf_post_padding                   0x0800382c   Section        0  printfa.o(i._printf_post_padding)
    _printf_post_padding                     0x0800382d   Thumb Code    36  printfa.o(i._printf_post_padding)
    i._printf_pre_padding                    0x08003850   Section        0  printfa.o(i._printf_pre_padding)
    _printf_pre_padding                      0x08003851   Thumb Code    46  printfa.o(i._printf_pre_padding)
    i._sputc                                 0x0800387e   Section        0  printfa.o(i._sputc)
    _sputc                                   0x0800387f   Thumb Code    10  printfa.o(i._sputc)
    .conststring                             0x08003888   Section      410  esp8266.o(.conststring)
    .data                                    0x20000000   Section       41  main.o(.data)
    .data                                    0x2000002c   Section       20  system_stm32f10x.o(.data)
    .data                                    0x20000040   Section        4  delay.o(.data)
    fac_us                                   0x20000040   Data           1  delay.o(.data)
    fac_ms                                   0x20000042   Data           2  delay.o(.data)
    .data                                    0x20000044   Section       11  usart.o(.data)
    start                                    0x2000004e   Data           1  usart.o(.data)
    .data                                    0x2000004f   Section       20  stm32f10x_rcc.o(.data)
    APBAHBPrescTable                         0x2000004f   Data          16  stm32f10x_rcc.o(.data)
    ADCPrescTable                            0x2000005f   Data           4  stm32f10x_rcc.o(.data)
    .data                                    0x20000064   Section        8  esp8266.o(.data)
    .bss                                     0x2000006c   Section      600  usart.o(.bss)
    .bss                                     0x200002c4   Section      256  esp8266.o(.bss)
    STACK                                    0x200003c8   Section     1024  startup_stm32f10x_hd.o(STACK)

    Global Symbols

    Symbol Name                              Value     Ov Type        Size  Object(Section)

    BuildAttributes$$THM_ISAv4$P$D$K$B$S$PE$A:L22UL41UL21$X:L11$S22US41US21$IEEE1$IW$USESV6$~STKCKD$USESV7$~SHL$OTIME$ROPI$EBA8$MICROLIB$REQ8$PRES8$EABIv2 0x00000000   Number         0  anon$$obj.o ABSOLUTE
    __ARM_use_no_argv                        0x00000000   Number         0  main.o ABSOLUTE
    __use_no_errno                           0x00000000   Number         0  useno.o ABSOLUTE
    __use_no_exception_handling              0x00000000   Number         0  useno.o ABSOLUTE
    __use_no_fp                              0x00000000   Number         0  useno.o ABSOLUTE
    __use_no_heap                            0x00000000   Number         0  useno.o ABSOLUTE
    __use_no_heap_region                     0x00000000   Number         0  useno.o ABSOLUTE
    __use_no_semihosting                     0x00000000   Number         0  useno.o ABSOLUTE
    __use_no_semihosting_swi                 0x00000000   Number         0  useno.o ABSOLUTE
    __use_no_signal_handling                 0x00000000   Number         0  useno.o ABSOLUTE
    _printf_a                                0x00000000   Number         0  stubs.o ABSOLUTE
    _printf_c                                0x00000000   Number         0  stubs.o ABSOLUTE
    _printf_charcount                        0x00000000   Number         0  stubs.o ABSOLUTE
    _printf_d                                0x00000000   Number         0  stubs.o ABSOLUTE
    _printf_e                                0x00000000   Number         0  stubs.o ABSOLUTE
    _printf_f                                0x00000000   Number         0  stubs.o ABSOLUTE
    _printf_flags                            0x00000000   Number         0  stubs.o ABSOLUTE
    _printf_fp_dec                           0x00000000   Number         0  stubs.o ABSOLUTE
    _printf_fp_hex                           0x00000000   Number         0  stubs.o ABSOLUTE
    _printf_g                                0x00000000   Number         0  stubs.o ABSOLUTE
    _printf_i                                0x00000000   Number         0  stubs.o ABSOLUTE
    _printf_int_dec                          0x00000000   Number         0  stubs.o ABSOLUTE
    _printf_l                                0x00000000   Number         0  stubs.o ABSOLUTE
    _printf_lc                               0x00000000   Number         0  stubs.o ABSOLUTE
    _printf_ll                               0x00000000   Number         0  stubs.o ABSOLUTE
    _printf_lld                              0x00000000   Number         0  stubs.o ABSOLUTE
    _printf_lli                              0x00000000   Number         0  stubs.o ABSOLUTE
    _printf_llo                              0x00000000   Number         0  stubs.o ABSOLUTE
    _printf_llu                              0x00000000   Number         0  stubs.o ABSOLUTE
    _printf_llx                              0x00000000   Number         0  stubs.o ABSOLUTE
    _printf_longlong_dec                     0x00000000   Number         0  stubs.o ABSOLUTE
    _printf_longlong_hex                     0x00000000   Number         0  stubs.o ABSOLUTE
    _printf_longlong_oct                     0x00000000   Number         0  stubs.o ABSOLUTE
    _printf_ls                               0x00000000   Number         0  stubs.o ABSOLUTE
    _printf_mbtowc                           0x00000000   Number         0  stubs.o ABSOLUTE
    _printf_n                                0x00000000   Number         0  stubs.o ABSOLUTE
    _printf_o                                0x00000000   Number         0  stubs.o ABSOLUTE
    _printf_p                                0x00000000   Number         0  stubs.o ABSOLUTE
    _printf_percent                          0x00000000   Number         0  stubs.o ABSOLUTE
    _printf_pre_padding                      0x00000000   Number         0  stubs.o ABSOLUTE
    _printf_return_value                     0x00000000   Number         0  stubs.o ABSOLUTE
    _printf_s                                0x00000000   Number         0  stubs.o ABSOLUTE
    _printf_sizespec                         0x00000000   Number         0  stubs.o ABSOLUTE
    _printf_str                              0x00000000   Number         0  stubs.o ABSOLUTE
    _printf_truncate_signed                  0x00000000   Number         0  stubs.o ABSOLUTE
    _printf_truncate_unsigned                0x00000000   Number         0  stubs.o ABSOLUTE
    _printf_u                                0x00000000   Number         0  stubs.o ABSOLUTE
    _printf_wc                               0x00000000   Number         0  stubs.o ABSOLUTE
    _printf_wctomb                           0x00000000   Number         0  stubs.o ABSOLUTE
    _printf_widthprec                        0x00000000   Number         0  stubs.o ABSOLUTE
    _printf_x                                0x00000000   Number         0  stubs.o ABSOLUTE
    __cpp_initialize__aeabi_                  - Undefined Weak Reference
    __cxa_finalize                            - Undefined Weak Reference
    __decompress                              - Undefined Weak Reference
    _clock_init                               - Undefined Weak Reference
    _microlib_exit                            - Undefined Weak Reference
    __Vectors_Size                           0x00000130   Number         0  startup_stm32f10x_hd.o ABSOLUTE
    __Vectors                                0x08000000   Data           4  startup_stm32f10x_hd.o(RESET)
    __Vectors_End                            0x08000130   Data           0  startup_stm32f10x_hd.o(RESET)
    __main                                   0x08000131   Thumb Code     0  entry.o(.ARM.Collect$$$$00000000)
    _main_stk                                0x08000131   Thumb Code     0  entry2.o(.ARM.Collect$$$$00000001)
    _main_scatterload                        0x08000135   Thumb Code     0  entry5.o(.ARM.Collect$$$$00000004)
    __main_after_scatterload                 0x08000139   Thumb Code     0  entry5.o(.ARM.Collect$$$$00000004)
    _main_clock                              0x08000139   Thumb Code     0  entry7b.o(.ARM.Collect$$$$00000008)
    _main_cpp_init                           0x08000139   Thumb Code     0  entry8b.o(.ARM.Collect$$$$0000000A)
    _main_init                               0x08000139   Thumb Code     0  entry9a.o(.ARM.Collect$$$$0000000B)
    __rt_final_cpp                           0x08000141   Thumb Code     0  entry10a.o(.ARM.Collect$$$$0000000D)
    __rt_final_exit                          0x08000141   Thumb Code     0  entry11a.o(.ARM.Collect$$$$0000000F)
    __get_PSP                                0x08000145   Thumb Code     6  core_cm3.o(.emb_text)
    __set_PSP                                0x0800014b   Thumb Code     6  core_cm3.o(.emb_text)
    __get_MSP                                0x08000151   Thumb Code     6  core_cm3.o(.emb_text)
    __set_MSP                                0x08000157   Thumb Code     6  core_cm3.o(.emb_text)
    __REV16                                  0x0800015d   Thumb Code     4  core_cm3.o(.emb_text)
    __REVSH                                  0x08000161   Thumb Code     4  core_cm3.o(.emb_text)
    main                                     0x08000165   Thumb Code   750  main.o(.text)
    NMI_Handler                              0x08000521   Thumb Code     2  stm32f10x_it.o(.text)
    HardFault_Handler                        0x08000523   Thumb Code     4  stm32f10x_it.o(.text)
    MemManage_Handler                        0x08000527   Thumb Code     4  stm32f10x_it.o(.text)
    BusFault_Handler                         0x0800052b   Thumb Code     4  stm32f10x_it.o(.text)
    UsageFault_Handler                       0x0800052f   Thumb Code     4  stm32f10x_it.o(.text)
    SVC_Handler                              0x08000533   Thumb Code     2  stm32f10x_it.o(.text)
    DebugMon_Handler                         0x08000535   Thumb Code     2  stm32f10x_it.o(.text)
    PendSV_Handler                           0x08000537   Thumb Code     2  stm32f10x_it.o(.text)
    SysTick_Handler                          0x08000539   Thumb Code     2  stm32f10x_it.o(.text)
    SystemInit                               0x0800061b   Thumb Code    78  system_stm32f10x.o(.text)
    SystemCoreClockUpdate                    0x08000669   Thumb Code   142  system_stm32f10x.o(.text)
    led_init                                 0x0800071d   Thumb Code    90  led.o(.text)
    DHT11_Rst                                0x08000785   Thumb Code    52  dht11.o(.text)
    DHT11_Check                              0x080007b9   Thumb Code    96  dht11.o(.text)
    DHT11_Read_Bit                           0x08000819   Thumb Code    76  dht11.o(.text)
    DHT11_Read_Byte                          0x08000865   Thumb Code    30  dht11.o(.text)
    DHT11_Init                               0x08000883   Thumb Code    58  dht11.o(.text)
    Read_DHT11                               0x080008bd   Thumb Code   128  dht11.o(.text)
    Lsens_Init                               0x08000949   Thumb Code    38  lsens.o(.text)
    Lsens_Get_Val                            0x0800096f   Thumb Code    60  lsens.o(.text)
    T_Adc_Init                               0x080009b1   Thumb Code   118  adc.o(.text)
    T_Get_Adc                                0x08000a27   Thumb Code    46  adc.o(.text)
    T_Get_Temp                               0x08000a55   Thumb Code    42  adc.o(.text)
    T_Get_Adc_Average                        0x08000a7f   Thumb Code    46  adc.o(.text)
    Get_Temprate                             0x08000aad   Thumb Code   106  adc.o(.text)
    Adc3_Init                                0x08000b17   Thumb Code   120  adc.o(.text)
    Get_Adc3                                 0x08000b8f   Thumb Code    46  adc.o(.text)
    MQ7_Init                                 0x08000be1   Thumb Code    36  mq7.o(.text)
    MQ7_Get_Val                              0x08000c05   Thumb Code    16  mq7.o(.text)
    beep_init                                0x08000c19   Thumb Code    50  beep.o(.text)
    delay_init                               0x08000c55   Thumb Code    50  delay.o(.text)
    delay_us                                 0x08000c87   Thumb Code    72  delay.o(.text)
    delay_ms                                 0x08000ccf   Thumb Code    72  delay.o(.text)
    NVIC_Configuration                       0x08000d29   Thumb Code    12  sys.o(.text)
    sys_nvic_set_vector_table                0x08000d35   Thumb Code    12  sys.o(.text)
    sys_nvic_init                            0x08000d65   Thumb Code   116  sys.o(.text)
    sys_nvic_ex_config                       0x08000dd9   Thumb Code   272  sys.o(.text)
    sys_gpio_remap_set                       0x08000ee9   Thumb Code    72  sys.o(.text)
    sys_gpio_set                             0x08000f31   Thumb Code   234  sys.o(.text)
    sys_gpio_pin_set                         0x0800101b   Thumb Code    24  sys.o(.text)
    sys_gpio_pin_get                         0x08001033   Thumb Code    16  sys.o(.text)
    sys_wfi_set                              0x08001043   Thumb Code     4  sys.o(.text)
    sys_intx_disable                         0x08001047   Thumb Code     4  sys.o(.text)
    sys_intx_enable                          0x0800104b   Thumb Code     4  sys.o(.text)
    sys_msr_msp                              0x0800104f   Thumb Code    12  sys.o(.text)
    sys_standby                              0x0800105b   Thumb Code    68  sys.o(.text)
    sys_soft_reset                           0x0800109f   Thumb Code    12  sys.o(.text)
    sys_clock_set                            0x080010ab   Thumb Code   202  sys.o(.text)
    sys_stm32_clock_init                     0x08001175   Thumb Code   100  sys.o(.text)
    _sys_exit                                0x080011e5   Thumb Code     6  usart.o(.text)
    fputc                                    0x080011eb   Thumb Code    24  usart.o(.text)
    Usart_SendString                         0x08001203   Thumb Code    50  usart.o(.text)
    uart_init                                0x08001235   Thumb Code   158  usart.o(.text)
    USART1_IRQHandler                        0x080012d3   Thumb Code   122  usart.o(.text)
    uart2_init                               0x0800134d   Thumb Code   160  usart.o(.text)
    USART2_IRQHandler                        0x080013ed   Thumb Code   108  usart.o(.text)
    uart3_init                               0x08001459   Thumb Code   164  usart.o(.text)
    Reset_Handler                            0x0800156d   Thumb Code     8  startup_stm32f10x_hd.o(.text)
    ADC1_2_IRQHandler                        0x08001587   Thumb Code     0  startup_stm32f10x_hd.o(.text)
    ADC3_IRQHandler                          0x08001587   Thumb Code     0  startup_stm32f10x_hd.o(.text)
    CAN1_RX1_IRQHandler                      0x08001587   Thumb Code     0  startup_stm32f10x_hd.o(.text)
    CAN1_SCE_IRQHandler                      0x08001587   Thumb Code     0  startup_stm32f10x_hd.o(.text)
    DMA1_Channel1_IRQHandler                 0x08001587   Thumb Code     0  startup_stm32f10x_hd.o(.text)
    DMA1_Channel2_IRQHandler                 0x08001587   Thumb Code     0  startup_stm32f10x_hd.o(.text)
    DMA1_Channel3_IRQHandler                 0x08001587   Thumb Code     0  startup_stm32f10x_hd.o(.text)
    DMA1_Channel4_IRQHandler                 0x08001587   Thumb Code     0  startup_stm32f10x_hd.o(.text)
    DMA1_Channel5_IRQHandler                 0x08001587   Thumb Code     0  startup_stm32f10x_hd.o(.text)
    DMA1_Channel6_IRQHandler                 0x08001587   Thumb Code     0  startup_stm32f10x_hd.o(.text)
    DMA1_Channel7_IRQHandler                 0x08001587   Thumb Code     0  startup_stm32f10x_hd.o(.text)
    DMA2_Channel1_IRQHandler                 0x08001587   Thumb Code     0  startup_stm32f10x_hd.o(.text)
    DMA2_Channel2_IRQHandler                 0x08001587   Thumb Code     0  startup_stm32f10x_hd.o(.text)
    DMA2_Channel3_IRQHandler                 0x08001587   Thumb Code     0  startup_stm32f10x_hd.o(.text)
    DMA2_Channel4_5_IRQHandler               0x08001587   Thumb Code     0  startup_stm32f10x_hd.o(.text)
    EXTI0_IRQHandler                         0x08001587   Thumb Code     0  startup_stm32f10x_hd.o(.text)
    EXTI15_10_IRQHandler                     0x08001587   Thumb Code     0  startup_stm32f10x_hd.o(.text)
    EXTI1_IRQHandler                         0x08001587   Thumb Code     0  startup_stm32f10x_hd.o(.text)
    EXTI2_IRQHandler                         0x08001587   Thumb Code     0  startup_stm32f10x_hd.o(.text)
    EXTI3_IRQHandler                         0x08001587   Thumb Code     0  startup_stm32f10x_hd.o(.text)
    EXTI4_IRQHandler                         0x08001587   Thumb Code     0  startup_stm32f10x_hd.o(.text)
    EXTI9_5_IRQHandler                       0x08001587   Thumb Code     0  startup_stm32f10x_hd.o(.text)
    FLASH_IRQHandler                         0x08001587   Thumb Code     0  startup_stm32f10x_hd.o(.text)
    FSMC_IRQHandler                          0x08001587   Thumb Code     0  startup_stm32f10x_hd.o(.text)
    I2C1_ER_IRQHandler                       0x08001587   Thumb Code     0  startup_stm32f10x_hd.o(.text)
    I2C1_EV_IRQHandler                       0x08001587   Thumb Code     0  startup_stm32f10x_hd.o(.text)
    I2C2_ER_IRQHandler                       0x08001587   Thumb Code     0  startup_stm32f10x_hd.o(.text)
    I2C2_EV_IRQHandler                       0x08001587   Thumb Code     0  startup_stm32f10x_hd.o(.text)
    PVD_IRQHandler                           0x08001587   Thumb Code     0  startup_stm32f10x_hd.o(.text)
    RCC_IRQHandler                           0x08001587   Thumb Code     0  startup_stm32f10x_hd.o(.text)
    RTCAlarm_IRQHandler                      0x08001587   Thumb Code     0  startup_stm32f10x_hd.o(.text)
    RTC_IRQHandler                           0x08001587   Thumb Code     0  startup_stm32f10x_hd.o(.text)
    SDIO_IRQHandler                          0x08001587   Thumb Code     0  startup_stm32f10x_hd.o(.text)
    SPI1_IRQHandler                          0x08001587   Thumb Code     0  startup_stm32f10x_hd.o(.text)
    SPI2_IRQHandler                          0x08001587   Thumb Code     0  startup_stm32f10x_hd.o(.text)
    SPI3_IRQHandler                          0x08001587   Thumb Code     0  startup_stm32f10x_hd.o(.text)
    TAMPER_IRQHandler                        0x08001587   Thumb Code     0  startup_stm32f10x_hd.o(.text)
    TIM1_BRK_IRQHandler                      0x08001587   Thumb Code     0  startup_stm32f10x_hd.o(.text)
    TIM1_CC_IRQHandler                       0x08001587   Thumb Code     0  startup_stm32f10x_hd.o(.text)
    TIM1_TRG_COM_IRQHandler                  0x08001587   Thumb Code     0  startup_stm32f10x_hd.o(.text)
    TIM1_UP_IRQHandler                       0x08001587   Thumb Code     0  startup_stm32f10x_hd.o(.text)
    TIM2_IRQHandler                          0x08001587   Thumb Code     0  startup_stm32f10x_hd.o(.text)
    TIM3_IRQHandler                          0x08001587   Thumb Code     0  startup_stm32f10x_hd.o(.text)
    TIM4_IRQHandler                          0x08001587   Thumb Code     0  startup_stm32f10x_hd.o(.text)
    TIM5_IRQHandler                          0x08001587   Thumb Code     0  startup_stm32f10x_hd.o(.text)
    TIM6_IRQHandler                          0x08001587   Thumb Code     0  startup_stm32f10x_hd.o(.text)
    TIM7_IRQHandler                          0x08001587   Thumb Code     0  startup_stm32f10x_hd.o(.text)
    TIM8_BRK_IRQHandler                      0x08001587   Thumb Code     0  startup_stm32f10x_hd.o(.text)
    TIM8_CC_IRQHandler                       0x08001587   Thumb Code     0  startup_stm32f10x_hd.o(.text)
    TIM8_TRG_COM_IRQHandler                  0x08001587   Thumb Code     0  startup_stm32f10x_hd.o(.text)
    TIM8_UP_IRQHandler                       0x08001587   Thumb Code     0  startup_stm32f10x_hd.o(.text)
    UART4_IRQHandler                         0x08001587   Thumb Code     0  startup_stm32f10x_hd.o(.text)
    UART5_IRQHandler                         0x08001587   Thumb Code     0  startup_stm32f10x_hd.o(.text)
    USBWakeUp_IRQHandler                     0x08001587   Thumb Code     0  startup_stm32f10x_hd.o(.text)
    USB_HP_CAN1_TX_IRQHandler                0x08001587   Thumb Code     0  startup_stm32f10x_hd.o(.text)
    USB_LP_CAN1_RX0_IRQHandler               0x08001587   Thumb Code     0  startup_stm32f10x_hd.o(.text)
    WWDG_IRQHandler                          0x08001587   Thumb Code     0  startup_stm32f10x_hd.o(.text)
    NVIC_PriorityGroupConfig                 0x08001591   Thumb Code    10  misc.o(.text)
    NVIC_Init                                0x0800159b   Thumb Code   100  misc.o(.text)
    NVIC_SetVectorTable                      0x080015ff   Thumb Code    14  misc.o(.text)
    NVIC_SystemLPConfig                      0x0800160d   Thumb Code    34  misc.o(.text)
    SysTick_CLKSourceConfig                  0x0800162f   Thumb Code    40  misc.o(.text)
    GPIO_DeInit                              0x0800166d   Thumb Code   172  stm32f10x_gpio.o(.text)
    GPIO_AFIODeInit                          0x08001719   Thumb Code    20  stm32f10x_gpio.o(.text)
    GPIO_Init                                0x0800172d   Thumb Code   278  stm32f10x_gpio.o(.text)
    GPIO_StructInit                          0x08001843   Thumb Code    16  stm32f10x_gpio.o(.text)
    GPIO_ReadInputDataBit                    0x08001853   Thumb Code    18  stm32f10x_gpio.o(.text)
    GPIO_ReadInputData                       0x08001865   Thumb Code     8  stm32f10x_gpio.o(.text)
    GPIO_ReadOutputDataBit                   0x0800186d   Thumb Code    18  stm32f10x_gpio.o(.text)
    GPIO_ReadOutputData                      0x0800187f   Thumb Code     8  stm32f10x_gpio.o(.text)
    GPIO_SetBits                             0x08001887   Thumb Code     4  stm32f10x_gpio.o(.text)
    GPIO_ResetBits                           0x0800188b   Thumb Code     4  stm32f10x_gpio.o(.text)
    GPIO_WriteBit                            0x0800188f   Thumb Code    10  stm32f10x_gpio.o(.text)
    GPIO_Write                               0x08001899   Thumb Code     4  stm32f10x_gpio.o(.text)
    GPIO_PinLockConfig                       0x0800189d   Thumb Code    18  stm32f10x_gpio.o(.text)
    GPIO_EventOutputConfig                   0x080018af   Thumb Code    26  stm32f10x_gpio.o(.text)
    GPIO_EventOutputCmd                      0x080018c9   Thumb Code     6  stm32f10x_gpio.o(.text)
    GPIO_PinRemapConfig                      0x080018cf   Thumb Code   138  stm32f10x_gpio.o(.text)
    GPIO_EXTILineConfig                      0x08001959   Thumb Code    66  stm32f10x_gpio.o(.text)
    GPIO_ETH_MediaInterfaceConfig            0x0800199b   Thumb Code     8  stm32f10x_gpio.o(.text)
    RCC_DeInit                               0x080019c9   Thumb Code    64  stm32f10x_rcc.o(.text)
    RCC_HSEConfig                            0x08001a09   Thumb Code    70  stm32f10x_rcc.o(.text)
    RCC_GetFlagStatus                        0x08001a4f   Thumb Code    56  stm32f10x_rcc.o(.text)
    RCC_WaitForHSEStartUp                    0x08001a87   Thumb Code    56  stm32f10x_rcc.o(.text)
    RCC_AdjustHSICalibrationValue            0x08001abf   Thumb Code    20  stm32f10x_rcc.o(.text)
    RCC_HSICmd                               0x08001ad3   Thumb Code     6  stm32f10x_rcc.o(.text)
    RCC_PLLConfig                            0x08001ad9   Thumb Code    24  stm32f10x_rcc.o(.text)
    RCC_PLLCmd                               0x08001af1   Thumb Code     6  stm32f10x_rcc.o(.text)
    RCC_SYSCLKConfig                         0x08001af7   Thumb Code    18  stm32f10x_rcc.o(.text)
    RCC_GetSYSCLKSource                      0x08001b09   Thumb Code    10  stm32f10x_rcc.o(.text)
    RCC_HCLKConfig                           0x08001b13   Thumb Code    18  stm32f10x_rcc.o(.text)
    RCC_PCLK1Config                          0x08001b25   Thumb Code    18  stm32f10x_rcc.o(.text)
    RCC_PCLK2Config                          0x08001b37   Thumb Code    20  stm32f10x_rcc.o(.text)
    RCC_ITConfig                             0x08001b4b   Thumb Code    26  stm32f10x_rcc.o(.text)
    RCC_USBCLKConfig                         0x08001b65   Thumb Code     8  stm32f10x_rcc.o(.text)
    RCC_ADCCLKConfig                         0x08001b6d   Thumb Code    18  stm32f10x_rcc.o(.text)
    RCC_LSEConfig                            0x08001b7f   Thumb Code    50  stm32f10x_rcc.o(.text)
    RCC_LSICmd                               0x08001bb1   Thumb Code     6  stm32f10x_rcc.o(.text)
    RCC_RTCCLKConfig                         0x08001bb7   Thumb Code    12  stm32f10x_rcc.o(.text)
    RCC_RTCCLKCmd                            0x08001bc3   Thumb Code     8  stm32f10x_rcc.o(.text)
    RCC_GetClocksFreq                        0x08001bcb   Thumb Code   192  stm32f10x_rcc.o(.text)
    RCC_AHBPeriphClockCmd                    0x08001c8b   Thumb Code    26  stm32f10x_rcc.o(.text)
    RCC_APB2PeriphClockCmd                   0x08001ca5   Thumb Code    26  stm32f10x_rcc.o(.text)
    RCC_APB1PeriphClockCmd                   0x08001cbf   Thumb Code    26  stm32f10x_rcc.o(.text)
    RCC_APB2PeriphResetCmd                   0x08001cd9   Thumb Code    26  stm32f10x_rcc.o(.text)
    RCC_APB1PeriphResetCmd                   0x08001cf3   Thumb Code    26  stm32f10x_rcc.o(.text)
    RCC_BackupResetCmd                       0x08001d0d   Thumb Code     8  stm32f10x_rcc.o(.text)
    RCC_ClockSecuritySystemCmd               0x08001d15   Thumb Code     6  stm32f10x_rcc.o(.text)
    RCC_MCOConfig                            0x08001d1b   Thumb Code     6  stm32f10x_rcc.o(.text)
    RCC_ClearFlag                            0x08001d21   Thumb Code    14  stm32f10x_rcc.o(.text)
    RCC_GetITStatus                          0x08001d2f   Thumb Code    20  stm32f10x_rcc.o(.text)
    RCC_ClearITPendingBit                    0x08001d43   Thumb Code     6  stm32f10x_rcc.o(.text)
    USART_DeInit                             0x08001d6d   Thumb Code   134  stm32f10x_usart.o(.text)
    USART_Init                               0x08001df3   Thumb Code   210  stm32f10x_usart.o(.text)
    USART_StructInit                         0x08001ec5   Thumb Code    24  stm32f10x_usart.o(.text)
    USART_ClockInit                          0x08001edd   Thumb Code    34  stm32f10x_usart.o(.text)
    USART_ClockStructInit                    0x08001eff   Thumb Code    12  stm32f10x_usart.o(.text)
    USART_Cmd                                0x08001f0b   Thumb Code    24  stm32f10x_usart.o(.text)
    USART_ITConfig                           0x08001f23   Thumb Code    74  stm32f10x_usart.o(.text)
    USART_DMACmd                             0x08001f6d   Thumb Code    18  stm32f10x_usart.o(.text)
    USART_SetAddress                         0x08001f7f   Thumb Code    18  stm32f10x_usart.o(.text)
    USART_WakeUpConfig                       0x08001f91   Thumb Code    18  stm32f10x_usart.o(.text)
    USART_ReceiverWakeUpCmd                  0x08001fa3   Thumb Code    24  stm32f10x_usart.o(.text)
    USART_LINBreakDetectLengthConfig         0x08001fbb   Thumb Code    18  stm32f10x_usart.o(.text)
    USART_LINCmd                             0x08001fcd   Thumb Code    24  stm32f10x_usart.o(.text)
    USART_SendData                           0x08001fe5   Thumb Code     8  stm32f10x_usart.o(.text)
    USART_ReceiveData                        0x08001fed   Thumb Code    10  stm32f10x_usart.o(.text)
    USART_SendBreak                          0x08001ff7   Thumb Code    10  stm32f10x_usart.o(.text)
    USART_SetGuardTime                       0x08002001   Thumb Code    16  stm32f10x_usart.o(.text)
    USART_SetPrescaler                       0x08002011   Thumb Code    16  stm32f10x_usart.o(.text)
    USART_SmartCardCmd                       0x08002021   Thumb Code    24  stm32f10x_usart.o(.text)
    USART_SmartCardNACKCmd                   0x08002039   Thumb Code    24  stm32f10x_usart.o(.text)
    USART_HalfDuplexCmd                      0x08002051   Thumb Code    24  stm32f10x_usart.o(.text)
    USART_OverSampling8Cmd                   0x08002069   Thumb Code    22  stm32f10x_usart.o(.text)
    USART_OneBitMethodCmd                    0x0800207f   Thumb Code    24  stm32f10x_usart.o(.text)
    USART_IrDAConfig                         0x08002097   Thumb Code    18  stm32f10x_usart.o(.text)
    USART_IrDACmd                            0x080020a9   Thumb Code    24  stm32f10x_usart.o(.text)
    USART_GetFlagStatus                      0x080020c1   Thumb Code    26  stm32f10x_usart.o(.text)
    USART_ClearFlag                          0x080020db   Thumb Code    18  stm32f10x_usart.o(.text)
    USART_GetITStatus                        0x080020ed   Thumb Code    84  stm32f10x_usart.o(.text)
    USART_ClearITPendingBit                  0x08002141   Thumb Code    52  stm32f10x_usart.o(.text)
    ADC_DeInit                               0x08002175   Thumb Code    78  stm32f10x_adc.o(.text)
    ADC_Init                                 0x080021c3   Thumb Code    70  stm32f10x_adc.o(.text)
    ADC_StructInit                           0x08002209   Thumb Code    18  stm32f10x_adc.o(.text)
    ADC_Cmd                                  0x0800221b   Thumb Code    22  stm32f10x_adc.o(.text)
    ADC_DMACmd                               0x08002231   Thumb Code    22  stm32f10x_adc.o(.text)
    ADC_ITConfig                             0x08002247   Thumb Code    24  stm32f10x_adc.o(.text)
    ADC_ResetCalibration                     0x0800225f   Thumb Code    10  stm32f10x_adc.o(.text)
    ADC_GetResetCalibrationStatus            0x08002269   Thumb Code    20  stm32f10x_adc.o(.text)
    ADC_StartCalibration                     0x0800227d   Thumb Code    10  stm32f10x_adc.o(.text)
    ADC_GetCalibrationStatus                 0x08002287   Thumb Code    20  stm32f10x_adc.o(.text)
    ADC_SoftwareStartConvCmd                 0x0800229b   Thumb Code    22  stm32f10x_adc.o(.text)
    ADC_GetSoftwareStartConvStatus           0x080022b1   Thumb Code    20  stm32f10x_adc.o(.text)
    ADC_DiscModeChannelCountConfig           0x080022c5   Thumb Code    24  stm32f10x_adc.o(.text)
    ADC_DiscModeCmd                          0x080022dd   Thumb Code    22  stm32f10x_adc.o(.text)
    ADC_RegularChannelConfig                 0x080022f3   Thumb Code   184  stm32f10x_adc.o(.text)
    ADC_ExternalTrigConvCmd                  0x080023ab   Thumb Code    22  stm32f10x_adc.o(.text)
    ADC_GetConversionValue                   0x080023c1   Thumb Code     8  stm32f10x_adc.o(.text)
    ADC_GetDualModeConversionValue           0x080023c9   Thumb Code     8  stm32f10x_adc.o(.text)
    ADC_AutoInjectedConvCmd                  0x080023d1   Thumb Code    22  stm32f10x_adc.o(.text)
    ADC_InjectedDiscModeCmd                  0x080023e7   Thumb Code    22  stm32f10x_adc.o(.text)
    ADC_ExternalTrigInjectedConvConfig       0x080023fd   Thumb Code    16  stm32f10x_adc.o(.text)
    ADC_ExternalTrigInjectedConvCmd          0x0800240d   Thumb Code    22  stm32f10x_adc.o(.text)
    ADC_SoftwareStartInjectedConvCmd         0x08002423   Thumb Code    22  stm32f10x_adc.o(.text)
    ADC_GetSoftwareStartInjectedConvCmdStatus 0x08002439   Thumb Code    20  stm32f10x_adc.o(.text)
    ADC_InjectedChannelConfig                0x0800244d   Thumb Code   130  stm32f10x_adc.o(.text)
    ADC_InjectedSequencerLengthConfig        0x080024cf   Thumb Code    24  stm32f10x_adc.o(.text)
    ADC_SetInjectedOffset                    0x080024e7   Thumb Code    20  stm32f10x_adc.o(.text)
    ADC_GetInjectedConversionValue           0x080024fb   Thumb Code    28  stm32f10x_adc.o(.text)
    ADC_AnalogWatchdogCmd                    0x08002517   Thumb Code    16  stm32f10x_adc.o(.text)
    ADC_AnalogWatchdogThresholdsConfig       0x08002527   Thumb Code     6  stm32f10x_adc.o(.text)
    ADC_AnalogWatchdogSingleChannelConfig    0x0800252d   Thumb Code    16  stm32f10x_adc.o(.text)
    ADC_TempSensorVrefintCmd                 0x0800253d   Thumb Code    64  stm32f10x_adc.o(.text)
    ADC_GetFlagStatus                        0x0800257d   Thumb Code    18  stm32f10x_adc.o(.text)
    ADC_ClearFlag                            0x0800258f   Thumb Code     6  stm32f10x_adc.o(.text)
    ADC_GetITStatus                          0x08002595   Thumb Code    36  stm32f10x_adc.o(.text)
    ADC_ClearITPendingBit                    0x080025b9   Thumb Code    10  stm32f10x_adc.o(.text)
    ESP8266_Clear                            0x080025c5   Thumb Code    20  esp8266.o(.text)
    ESP8266_WaitRecive                       0x080025d9   Thumb Code    42  esp8266.o(.text)
    ESP8266_SendCmd                          0x08002603   Thumb Code    76  esp8266.o(.text)
    ESP8266_SendData                         0x0800264f   Thumb Code    90  esp8266.o(.text)
    ESP8266_Init                             0x080026a9   Thumb Code   210  esp8266.o(.text)
    USART3_IRQHandler                        0x0800277b   Thumb Code    62  esp8266.o(.text)
    __aeabi_memset                           0x080028d9   Thumb Code    14  memseta.o(.text)
    __aeabi_memset4                          0x080028d9   Thumb Code     0  memseta.o(.text)
    __aeabi_memset8                          0x080028d9   Thumb Code     0  memseta.o(.text)
    __aeabi_memclr                           0x080028e7   Thumb Code     4  memseta.o(.text)
    __aeabi_memclr4                          0x080028e7   Thumb Code     0  memseta.o(.text)
    __aeabi_memclr8                          0x080028e7   Thumb Code     0  memseta.o(.text)
    _memset$wrapper                          0x080028eb   Thumb Code    18  memseta.o(.text)
    strstr                                   0x080028fd   Thumb Code    36  strstr.o(.text)
    strlen                                   0x08002921   Thumb Code    14  strlen.o(.text)
    __aeabi_dadd                             0x0800292f   Thumb Code   322  dadd.o(.text)
    __aeabi_dsub                             0x08002a71   Thumb Code     6  dadd.o(.text)
    __aeabi_drsub                            0x08002a77   Thumb Code     6  dadd.o(.text)
    __aeabi_dmul                             0x08002a7d   Thumb Code   228  dmul.o(.text)
    __aeabi_ddiv                             0x08002b61   Thumb Code   222  ddiv.o(.text)
    __aeabi_ui2f                             0x08002c3f   Thumb Code    10  ffltui.o(.text)
    __aeabi_i2d                              0x08002c49   Thumb Code    34  dflti.o(.text)
    __aeabi_ui2d                             0x08002c6b   Thumb Code    26  dfltui.o(.text)
    __aeabi_d2iz                             0x08002c85   Thumb Code    62  dfixi.o(.text)
    __aeabi_f2d                              0x08002cc3   Thumb Code    38  f2d.o(.text)
    __aeabi_cdrcmple                         0x08002ce9   Thumb Code    48  cdrcmple.o(.text)
    __aeabi_uidiv                            0x08002d19   Thumb Code     0  uidiv.o(.text)
    __aeabi_uidivmod                         0x08002d19   Thumb Code    44  uidiv.o(.text)
    __aeabi_uldivmod                         0x08002d45   Thumb Code    98  uldiv.o(.text)
    __aeabi_llsl                             0x08002da7   Thumb Code    30  llshl.o(.text)
    _ll_shift_l                              0x08002da7   Thumb Code     0  llshl.o(.text)
    __aeabi_llsr                             0x08002dc5   Thumb Code    32  llushr.o(.text)
    _ll_ushift_r                             0x08002dc5   Thumb Code     0  llushr.o(.text)
    __aeabi_lasr                             0x08002de5   Thumb Code    36  llsshr.o(.text)
    _ll_sshift_r                             0x08002de5   Thumb Code     0  llsshr.o(.text)
    __I$use$fp                               0x08002e09   Thumb Code     0  iusefp.o(.text)
    _float_round                             0x08002e09   Thumb Code    18  fepilogue.o(.text)
    _float_epilogue                          0x08002e1b   Thumb Code    92  fepilogue.o(.text)
    _double_round                            0x08002e77   Thumb Code    30  depilogue.o(.text)
    _double_epilogue                         0x08002e95   Thumb Code   156  depilogue.o(.text)
    __aeabi_d2ulz                            0x08002f31   Thumb Code    48  dfixul.o(.text)
    __scatterload                            0x08002f61   Thumb Code    28  init.o(.text)
    __scatterload_rt2                        0x08002f61   Thumb Code     0  init.o(.text)
    __0printf                                0x08002f85   Thumb Code    22  printfa.o(i.__0printf)
    __1printf                                0x08002f85   Thumb Code     0  printfa.o(i.__0printf)
    __2printf                                0x08002f85   Thumb Code     0  printfa.o(i.__0printf)
    __c89printf                              0x08002f85   Thumb Code     0  printfa.o(i.__0printf)
    printf                                   0x08002f85   Thumb Code     0  printfa.o(i.__0printf)
    __0sprintf                               0x08002fa5   Thumb Code    34  printfa.o(i.__0sprintf)
    __1sprintf                               0x08002fa5   Thumb Code     0  printfa.o(i.__0sprintf)
    __2sprintf                               0x08002fa5   Thumb Code     0  printfa.o(i.__0sprintf)
    __c89sprintf                             0x08002fa5   Thumb Code     0  printfa.o(i.__0sprintf)
    sprintf                                  0x08002fa5   Thumb Code     0  printfa.o(i.__0sprintf)
    __scatterload_copy                       0x08002fcd   Thumb Code    14  handlers.o(i.__scatterload_copy)
    __scatterload_null                       0x08002fdb   Thumb Code     2  handlers.o(i.__scatterload_null)
    __scatterload_zeroinit                   0x08002fdd   Thumb Code    14  handlers.o(i.__scatterload_zeroinit)
    Region$$Table$$Base                      0x08003a24   Number         0  anon$$obj.o(Region$$Table)
    Region$$Table$$Limit                     0x08003a44   Number         0  anon$$obj.o(Region$$Table)
    humidityH                                0x20000000   Data           1  main.o(.data)
    humidityL                                0x20000001   Data           1  main.o(.data)
    temperatureH                             0x20000002   Data           1  main.o(.data)
    temperatureL                             0x20000003   Data           1  main.o(.data)
    humi                                     0x20000008   Data           8  main.o(.data)
    temp                                     0x20000010   Data           8  main.o(.data)
    adcx                                     0x20000018   Data           4  main.o(.data)
    mq7                                      0x2000001c   Data           4  main.o(.data)
    pm                                       0x20000020   Data           4  main.o(.data)
    DHT11_Data                               0x20000024   Data           5  main.o(.data)
    SystemCoreClock                          0x2000002c   Data           4  system_stm32f10x.o(.data)
    AHBPrescTable                            0x20000030   Data          16  system_stm32f10x.o(.data)
    __stdout                                 0x20000044   Data           4  usart.o(.data)
    USART_RX_STA                             0x20000048   Data           2  usart.o(.data)
    USART2_RX_STA                            0x2000004a   Data           2  usart.o(.data)
    USART3_RX_STA                            0x2000004c   Data           2  usart.o(.data)
    esp8266_cnt                              0x20000064   Data           2  esp8266.o(.data)
    esp8266_cntPre                           0x20000066   Data           2  esp8266.o(.data)
    pubtopic                                 0x20000068   Data           4  esp8266.o(.data)
    USART_RX_BUF                             0x2000006c   Data         200  usart.o(.bss)
    USART2_RX_BUF                            0x20000134   Data         200  usart.o(.bss)
    USART3_RX_BUF                            0x200001fc   Data         200  usart.o(.bss)
    esp8266_buf                              0x200002c4   Data         256  esp8266.o(.bss)
    __initial_sp                             0x200007c8   Data           0  startup_stm32f10x_hd.o(STACK)



==============================================================================

Memory Map of the image

  Image Entry point : 0x08000131

  Load Region LR_IROM1 (Base: 0x08000000, Size: 0x00003ab0, Max: 0x00080000, ABSOLUTE)

    Execution Region ER_IROM1 (Exec base: 0x08000000, Load base: 0x08000000, Size: 0x00003a44, Max: 0x00080000, ABSOLUTE)

    Exec Addr    Load Addr    Size         Type   Attr      Idx    E Section Name        Object

    0x08000000   0x08000000   0x00000130   Data   RO          331    RESET               startup_stm32f10x_hd.o
    0x08000130   0x08000130   0x00000000   Code   RO          443  * .ARM.Collect$$$$00000000  mc_w.l(entry.o)
    0x08000130   0x08000130   0x00000004   Code   RO          731    .ARM.Collect$$$$00000001  mc_w.l(entry2.o)
    0x08000134   0x08000134   0x00000004   Code   RO          734    .ARM.Collect$$$$00000004  mc_w.l(entry5.o)
    0x08000138   0x08000138   0x00000000   Code   RO          736    .ARM.Collect$$$$00000008  mc_w.l(entry7b.o)
    0x08000138   0x08000138   0x00000000   Code   RO          738    .ARM.Collect$$$$0000000A  mc_w.l(entry8b.o)
    0x08000138   0x08000138   0x00000008   Code   RO          739    .ARM.Collect$$$$0000000B  mc_w.l(entry9a.o)
    0x08000140   0x08000140   0x00000000   Code   RO          741    .ARM.Collect$$$$0000000D  mc_w.l(entry10a.o)
    0x08000140   0x08000140   0x00000000   Code   RO          743    .ARM.Collect$$$$0000000F  mc_w.l(entry11a.o)
    0x08000140   0x08000140   0x00000004   Code   RO          732    .ARM.Collect$$$$00002712  mc_w.l(entry2.o)
    0x08000144   0x08000144   0x00000020   Code   RO          318    .emb_text           core_cm3.o
    0x08000164   0x08000164   0x000003bc   Code   RO            1    .text               main.o
    0x08000520   0x08000520   0x0000001a   Code   RO          100    .text               stm32f10x_it.o
    0x0800053a   0x0800053a   0x00000002   PAD
    0x0800053c   0x0800053c   0x000001e0   Code   RO          144    .text               system_stm32f10x.o
    0x0800071c   0x0800071c   0x00000068   Code   RO          162    .text               led.o
    0x08000784   0x08000784   0x000001c4   Code   RO          174    .text               dht11.o
    0x08000948   0x08000948   0x00000068   Code   RO          186    .text               lsens.o
    0x080009b0   0x080009b0   0x00000230   Code   RO          198    .text               adc.o
    0x08000be0   0x08000be0   0x00000038   Code   RO          210    .text               mq7.o
    0x08000c18   0x08000c18   0x0000003c   Code   RO          222    .text               beep.o
    0x08000c54   0x08000c54   0x000000d4   Code   RO          234    .text               delay.o
    0x08000d28   0x08000d28   0x000004bc   Code   RO          283    .text               sys.o
    0x080011e4   0x080011e4   0x00000388   Code   RO          295    .text               usart.o
    0x0800156c   0x0800156c   0x00000024   Code   RO          332    .text               startup_stm32f10x_hd.o
    0x08001590   0x08001590   0x000000dc   Code   RO          336    .text               misc.o
    0x0800166c   0x0800166c   0x0000035c   Code   RO          365    .text               stm32f10x_gpio.o
    0x080019c8   0x080019c8   0x000003a4   Code   RO          377    .text               stm32f10x_rcc.o
    0x08001d6c   0x08001d6c   0x00000408   Code   RO          391    .text               stm32f10x_usart.o
    0x08002174   0x08002174   0x0000044e   Code   RO          403    .text               stm32f10x_adc.o
    0x080025c2   0x080025c2   0x00000002   PAD
    0x080025c4   0x080025c4   0x00000314   Code   RO          418    .text               esp8266.o
    0x080028d8   0x080028d8   0x00000024   Code   RO          446    .text               mc_w.l(memseta.o)
    0x080028fc   0x080028fc   0x00000024   Code   RO          448    .text               mc_w.l(strstr.o)
    0x08002920   0x08002920   0x0000000e   Code   RO          450    .text               mc_w.l(strlen.o)
    0x0800292e   0x0800292e   0x0000014e   Code   RO          713    .text               mf_w.l(dadd.o)
    0x08002a7c   0x08002a7c   0x000000e4   Code   RO          715    .text               mf_w.l(dmul.o)
    0x08002b60   0x08002b60   0x000000de   Code   RO          717    .text               mf_w.l(ddiv.o)
    0x08002c3e   0x08002c3e   0x0000000a   Code   RO          719    .text               mf_w.l(ffltui.o)
    0x08002c48   0x08002c48   0x00000022   Code   RO          721    .text               mf_w.l(dflti.o)
    0x08002c6a   0x08002c6a   0x0000001a   Code   RO          723    .text               mf_w.l(dfltui.o)
    0x08002c84   0x08002c84   0x0000003e   Code   RO          725    .text               mf_w.l(dfixi.o)
    0x08002cc2   0x08002cc2   0x00000026   Code   RO          727    .text               mf_w.l(f2d.o)
    0x08002ce8   0x08002ce8   0x00000030   Code   RO          729    .text               mf_w.l(cdrcmple.o)
    0x08002d18   0x08002d18   0x0000002c   Code   RO          745    .text               mc_w.l(uidiv.o)
    0x08002d44   0x08002d44   0x00000062   Code   RO          747    .text               mc_w.l(uldiv.o)
    0x08002da6   0x08002da6   0x0000001e   Code   RO          749    .text               mc_w.l(llshl.o)
    0x08002dc4   0x08002dc4   0x00000020   Code   RO          751    .text               mc_w.l(llushr.o)
    0x08002de4   0x08002de4   0x00000024   Code   RO          753    .text               mc_w.l(llsshr.o)
    0x08002e08   0x08002e08   0x00000000   Code   RO          755    .text               mc_w.l(iusefp.o)
    0x08002e08   0x08002e08   0x0000006e   Code   RO          756    .text               mf_w.l(fepilogue.o)
    0x08002e76   0x08002e76   0x000000ba   Code   RO          758    .text               mf_w.l(depilogue.o)
    0x08002f30   0x08002f30   0x00000030   Code   RO          760    .text               mf_w.l(dfixul.o)
    0x08002f60   0x08002f60   0x00000024   Code   RO          762    .text               mc_w.l(init.o)
    0x08002f84   0x08002f84   0x00000020   Code   RO          685    i.__0printf         mc_w.l(printfa.o)
    0x08002fa4   0x08002fa4   0x00000028   Code   RO          687    i.__0sprintf        mc_w.l(printfa.o)
    0x08002fcc   0x08002fcc   0x0000000e   Code   RO          766    i.__scatterload_copy  mc_w.l(handlers.o)
    0x08002fda   0x08002fda   0x00000002   Code   RO          767    i.__scatterload_null  mc_w.l(handlers.o)
    0x08002fdc   0x08002fdc   0x0000000e   Code   RO          768    i.__scatterload_zeroinit  mc_w.l(handlers.o)
    0x08002fea   0x08002fea   0x00000002   PAD
    0x08002fec   0x08002fec   0x00000164   Code   RO          692    i._fp_digits        mc_w.l(printfa.o)
    0x08003150   0x08003150   0x000006dc   Code   RO          693    i._printf_core      mc_w.l(printfa.o)
    0x0800382c   0x0800382c   0x00000024   Code   RO          694    i._printf_post_padding  mc_w.l(printfa.o)
    0x08003850   0x08003850   0x0000002e   Code   RO          695    i._printf_pre_padding  mc_w.l(printfa.o)
    0x0800387e   0x0800387e   0x0000000a   Code   RO          697    i._sputc            mc_w.l(printfa.o)
    0x08003888   0x08003888   0x0000019a   Data   RO          420    .conststring        esp8266.o
    0x08003a22   0x08003a22   0x00000002   PAD
    0x08003a24   0x08003a24   0x00000020   Data   RO          764    Region$$Table       anon$$obj.o


    Execution Region RW_IRAM1 (Exec base: 0x20000000, Load base: 0x08003a44, Size: 0x000007c8, Max: 0x00010000, ABSOLUTE)

    Exec Addr    Load Addr    Size         Type   Attr      Idx    E Section Name        Object

    0x20000000   0x08003a44   0x00000029   Data   RW            2    .data               main.o
    0x20000029   0x08003a6d   0x00000003   PAD
    0x2000002c   0x08003a70   0x00000014   Data   RW          145    .data               system_stm32f10x.o
    0x20000040   0x08003a84   0x00000004   Data   RW          235    .data               delay.o
    0x20000044   0x08003a88   0x0000000b   Data   RW          297    .data               usart.o
    0x2000004f   0x08003a93   0x00000014   Data   RW          378    .data               stm32f10x_rcc.o
    0x20000063   0x08003aa7   0x00000001   PAD
    0x20000064   0x08003aa8   0x00000008   Data   RW          421    .data               esp8266.o
    0x2000006c        -       0x00000258   Zero   RW          296    .bss                usart.o
    0x200002c4        -       0x00000100   Zero   RW          419    .bss                esp8266.o
    0x200003c4   0x08003ab0   0x00000004   PAD
    0x200003c8        -       0x00000400   Zero   RW          329    STACK               startup_stm32f10x_hd.o


==============================================================================

Image component sizes


      Code (inc. data)   RO Data    RW Data    ZI Data      Debug   Object Name

       560         36          0          0          0       1948   adc.o
        60         10          0          0          0        412   beep.o
        32          0          0          0          0        568   core_cm3.o
       212         18          0          4          0     204107   delay.o
       452         12          0          0          0       2069   dht11.o
       788        288        410          8        256       3205   esp8266.o
       104         14          0          0          0        451   led.o
       104          6          0          0          0        715   lsens.o
       956        206          0         41          0     234572   main.o
       220         22          0          0          0     206621   misc.o
        56          4          0          0          0        607   mq7.o
        36          8        304          0       1024        796   startup_stm32f10x_hd.o
      1102         26          0          0          0      20129   stm32f10x_adc.o
       860         38          0          0          0       5761   stm32f10x_gpio.o
        26          0          0          0          0      24390   stm32f10x_it.o
       932         36          0         20          0       8956   stm32f10x_rcc.o
      1032         22          0          0          0       8484   stm32f10x_usart.o
      1212         48          0          0          0       4645   sys.o
       480         38          0         20          0       1779   system_stm32f10x.o
       904        112          0         11        600       4787   usart.o

    ----------------------------------------------------------------------
     10132        944        748        108       1884     735002   Object Totals
         0          0         32          0          0          0   (incl. Generated)
         4          0          2          4          4          0   (incl. Padding)

    ----------------------------------------------------------------------

      Code (inc. data)   RO Data    RW Data    ZI Data      Debug   Library Member Name

         0          0          0          0          0          0   entry.o
         0          0          0          0          0          0   entry10a.o
         0          0          0          0          0          0   entry11a.o
         8          4          0          0          0          0   entry2.o
         4          0          0          0          0          0   entry5.o
         0          0          0          0          0          0   entry7b.o
         0          0          0          0          0          0   entry8b.o
         8          4          0          0          0          0   entry9a.o
        30          0          0          0          0          0   handlers.o
        36          8          0          0          0         68   init.o
         0          0          0          0          0          0   iusefp.o
        30          0          0          0          0         68   llshl.o
        36          0          0          0          0         68   llsshr.o
        32          0          0          0          0         68   llushr.o
        36          0          0          0          0        108   memseta.o
      2276         96          0          0          0        596   printfa.o
        14          0          0          0          0         68   strlen.o
        36          0          0          0          0         80   strstr.o
        44          0          0          0          0         80   uidiv.o
        98          0          0          0          0         92   uldiv.o
        48          0          0          0          0         68   cdrcmple.o
       334          0          0          0          0        148   dadd.o
       222          0          0          0          0        100   ddiv.o
       186          0          0          0          0        176   depilogue.o
        62          0          0          0          0         80   dfixi.o
        48          0          0          0          0         68   dfixul.o
        34          0          0          0          0         76   dflti.o
        26          0          0          0          0         76   dfltui.o
       228          0          0          0          0         96   dmul.o
        38          0          0          0          0         68   f2d.o
       110          0          0          0          0        168   fepilogue.o
        10          0          0          0          0         68   ffltui.o

    ----------------------------------------------------------------------
      4036        112          0          0          0       2488   Library Totals
         2          0          0          0          0          0   (incl. Padding)

    ----------------------------------------------------------------------

      Code (inc. data)   RO Data    RW Data    ZI Data      Debug   Library Name

      2688        112          0          0          0       1296   mc_w.l
      1346          0          0          0          0       1192   mf_w.l

    ----------------------------------------------------------------------
      4036        112          0          0          0       2488   Library Totals

    ----------------------------------------------------------------------

==============================================================================


      Code (inc. data)   RO Data    RW Data    ZI Data      Debug   

     14168       1056        748        108       1884     734730   Grand Totals
     14168       1056        748        108       1884     734730   ELF Image Totals
     14168       1056        748        108          0          0   ROM Totals

==============================================================================

    Total RO  Size (Code + RO Data)                14916 (  14.57kB)
    Total RW  Size (RW Data + ZI Data)              1992 (   1.95kB)
    Total ROM Size (Code + RO Data + RW Data)      15024 (  14.67kB)

==============================================================================

